Archive member included because of file (symbol)

c:/isis/application/toolchain/bin/../lib/gcc/arm-none-eabi/4.7.4/../../../../arm-none-eabi/lib\libc_s.a(lib_a-vfprintf_float.o)
                              (_printf_float)
c:/isis/application/toolchain/bin/../lib/gcc/arm-none-eabi/4.7.4/../../../../arm-none-eabi/lib\libc_s.a(lib_a-vfprintf_i.o)
                              c:/isis/application/toolchain/bin/../lib/gcc/arm-none-eabi/4.7.4/../../../../arm-none-eabi/lib\libc_s.a(lib_a-vfprintf_float.o) (_printf_common)
c:/isis/application/toolchain/bin/../lib/gcc/arm-none-eabi/4.7.4/../../../../arm-none-eabi/lib\libc_s.a(lib_a-vfscanf_float.o)
                              (_scanf_float)
c:/isis/application/toolchain/bin/../lib/gcc/arm-none-eabi/4.7.4/../../../../arm-none-eabi/lib\libc_s.a(lib_a-dtoa.o)
                              c:/isis/application/toolchain/bin/../lib/gcc/arm-none-eabi/4.7.4/../../../../arm-none-eabi/lib\libc_s.a(lib_a-vfprintf_float.o) (_dtoa_r)
c:/isis/application/toolchain/bin/../lib/gcc/arm-none-eabi/4.7.4/../../../../arm-none-eabi/lib\libc_s.a(lib_a-locale.o)
                              c:/isis/application/toolchain/bin/../lib/gcc/arm-none-eabi/4.7.4/../../../../arm-none-eabi/lib\libc_s.a(lib_a-vfprintf_float.o) (_localeconv_r)
c:/isis/application/toolchain/bin/../lib/gcc/arm-none-eabi/4.7.4/../../../../arm-none-eabi/lib\libc_s.a(lib_a-malloc.o)
                              c:/isis/application/toolchain/bin/../lib/gcc/arm-none-eabi/4.7.4/../../../../arm-none-eabi/lib\libc_s.a(lib_a-dtoa.o) (malloc)
c:/isis/application/toolchain/bin/../lib/gcc/arm-none-eabi/4.7.4/../../../../arm-none-eabi/lib\libc_s.a(lib_a-mallocr.o)
                              c:/isis/application/toolchain/bin/../lib/gcc/arm-none-eabi/4.7.4/../../../../arm-none-eabi/lib\libc_s.a(lib_a-malloc.o) (_malloc_r)
c:/isis/application/toolchain/bin/../lib/gcc/arm-none-eabi/4.7.4/../../../../arm-none-eabi/lib\libc_s.a(lib_a-memcpy.o)
                              c:/isis/application/toolchain/bin/../lib/gcc/arm-none-eabi/4.7.4/../../../../arm-none-eabi/lib\libc_s.a(lib_a-dtoa.o) (memcpy)
c:/isis/application/toolchain/bin/../lib/gcc/arm-none-eabi/4.7.4/../../../../arm-none-eabi/lib\libc_s.a(lib_a-mprec.o)
                              c:/isis/application/toolchain/bin/../lib/gcc/arm-none-eabi/4.7.4/../../../../arm-none-eabi/lib\libc_s.a(lib_a-dtoa.o) (_Balloc)
c:/isis/application/toolchain/bin/../lib/gcc/arm-none-eabi/4.7.4/../../../../arm-none-eabi/lib\libc_s.a(lib_a-s_fpclassify.o)
                              c:/isis/application/toolchain/bin/../lib/gcc/arm-none-eabi/4.7.4/../../../../arm-none-eabi/lib\libc_s.a(lib_a-vfprintf_float.o) (__fpclassifyd)
c:/isis/application/toolchain/bin/../lib/gcc/arm-none-eabi/4.7.4/../../../../arm-none-eabi/lib\libc_s.a(lib_a-sbrkr.o)
                              c:/isis/application/toolchain/bin/../lib/gcc/arm-none-eabi/4.7.4/../../../../arm-none-eabi/lib\libc_s.a(lib_a-mallocr.o) (_sbrk_r)
c:/isis/application/toolchain/bin/../lib/gcc/arm-none-eabi/4.7.4/../../../../arm-none-eabi/lib\libc_s.a(lib_a-sf_nan.o)
                              c:/isis/application/toolchain/bin/../lib/gcc/arm-none-eabi/4.7.4/../../../../arm-none-eabi/lib\libc_s.a(lib_a-vfscanf_float.o) (nanf)
c:/isis/application/toolchain/bin/../lib/gcc/arm-none-eabi/4.7.4/../../../../arm-none-eabi/lib\libc_s.a(lib_a-sprintf.o)
                              c:/isis/application/toolchain/bin/../lib/gcc/arm-none-eabi/4.7.4/../../../../arm-none-eabi/lib\libc_s.a(lib_a-vfscanf_float.o) (sprintf)
c:/isis/application/toolchain/bin/../lib/gcc/arm-none-eabi/4.7.4/../../../../arm-none-eabi/lib\libc_s.a(lib_a-strcmp.o)
                              c:/isis/application/toolchain/bin/../lib/gcc/arm-none-eabi/4.7.4/../../../../arm-none-eabi/lib\libc_s.a(lib_a-locale.o) (strcmp)
c:/isis/application/toolchain/bin/../lib/gcc/arm-none-eabi/4.7.4/../../../../arm-none-eabi/lib\libc_s.a(lib_a-strlen.o)
                              c:/isis/application/toolchain/bin/../lib/gcc/arm-none-eabi/4.7.4/../../../../arm-none-eabi/lib\libc_s.a(lib_a-vfprintf_float.o) (strlen)
c:/isis/application/toolchain/bin/../lib/gcc/arm-none-eabi/4.7.4/../../../../arm-none-eabi/lib\libc_s.a(lib_a-strtod.o)
                              c:/isis/application/toolchain/bin/../lib/gcc/arm-none-eabi/4.7.4/../../../../arm-none-eabi/lib\libc_s.a(lib_a-vfscanf_float.o) (_strtod_r)
c:/isis/application/toolchain/bin/../lib/gcc/arm-none-eabi/4.7.4/../../../../arm-none-eabi/lib\libc_s.a(lib_a-strtol.o)
                              c:/isis/application/toolchain/bin/../lib/gcc/arm-none-eabi/4.7.4/../../../../arm-none-eabi/lib\libc_s.a(lib_a-vfscanf_float.o) (_strtol_r)
c:/isis/application/toolchain/bin/../lib/gcc/arm-none-eabi/4.7.4/../../../../arm-none-eabi/lib\libc_s.a(lib_a-svfprintf.o)
[...]
Memory Configuration

Name             Origin             Length             Attributes
sram0            0x00200000         0x00004000         w !xr
sram1            0x00300000         0x00004000         w !xr
sdram            0x20000000         0x02000000         w !xr
*default*        0x00000000         0xffffffff

Linker script and memory map

LOAD c:/isis/application/toolchain/bin/../lib/gcc/arm-none-eabi/4.7.4/../../../../arm-none-eabi/lib\libc_s.a
LOAD ./src/Demos/GomEPSdemo.o
LOAD ./src/Demos/IsisAntSdemo.o
LOAD ./src/Demos/IsisEPSdemo.o
LOAD ./src/Demos/IsisMTQv1demo.o
LOAD ./src/Demos/IsisMTQv2demo.o
LOAD ./src/Demos/IsisSPdemo.o
LOAD ./src/Demos/IsisSPv2demo.o
LOAD ./src/Demos/IsisTRXUVdemo.o
LOAD ./src/Demos/IsisTRXVUdemo.o
LOAD ./src/Demos/IsisTxSdemo.o
LOAD ./src/Demos/common.o
LOAD ./src/main.o
LOAD D:/Internship 2018/OBC Projects/SecondProject/satellite-subsystems/demo/..//satellite-subsystems/lib\libSatelliteSubsystemsD.a
LOAD c:/isis/application/toolchain/bin/../lib/gcc/arm-none-eabi/4.7.4/../../../../arm-none-eabi/lib\libm.a
LOAD D:/Internship 2018/OBC Projects/SecondProject/satellite-subsystems/demo/../..//hal/hal/lib\libHALD.a
LOAD D:/Internship 2018/OBC Projects/SecondProject/satellite-subsystems/demo/../..//hal/freertos/lib\libFreeRTOSD.a
LOAD D:/Internship 2018/OBC Projects/SecondProject/satellite-subsystems/demo/../..//hal/at91/lib\libAt91D.a
START GROUP
LOAD c:/isis/application/toolchain/bin/../lib/gcc/arm-none-eabi/4.7.4\libgcc.a
LOAD c:/isis/application/toolchain/bin/../lib/gcc/arm-none-eabi/4.7.4/../../../../arm-none-eabi/lib\libc_s.a
END GROUP

.fixed          0x20000000    0x31638
                0x20000000                . = ALIGN (0x4)
                0x20000000                _sfixed = .
 *(.startup)
 .startup       0x20000000      0x134 D:/Internship 2018/OBC Projects/SecondProject/satellite-subsystems/demo/../..//hal/at91/lib\libAt91D.a(board_cstartup.o)
                0x20000000                entry
 *(.text)
 .text          0x20000134       0x64 D:/Internship 2018/OBC Projects/SecondProject/satellite-subsystems/demo/../..//hal/at91/lib\libAt91D.a(cp15_asm.o)
                0x20000134                _readControlRegister
                0x20000140                _writeControlRegister
                0x20000148                _waitForInterrupt
                0x20000154                _writeTTB
                0x2000015c                _writeDomain
                0x20000164                _writeITLBLockdown
                0x2000016c                _prefetchICacheLine
                0x20000174                _flushDCache
                0x20000180                _flushWriteBuffer
                0x2000018c                _invalidateIDTLBs
 .text          0x20000198      0x114 c:/isis/application/toolchain/bin/../lib/gcc/arm-none-eabi/4.7.4\libgcc.a(_udivsi3.o)
                0x20000198                __aeabi_uidiv
                0x20000198                __udivsi3
                0x2000028c                __aeabi_uidivmod
 .text          0x200002ac      0x148 c:/isis/application/toolchain/bin/../lib/gcc/arm-none-eabi/4.7.4\libgcc.a(_divsi3.o)
                0x200002ac                __divsi3
                0x200002ac                __aeabi_idiv
                0x200003d4                __aeabi_idivmod
 .text          0x200003f4        0x4 c:/isis/application/toolchain/bin/../lib/gcc/arm-none-eabi/4.7.4\libgcc.a(_dvmd_tls.o)
                0x200003f4                __aeabi_idiv0
                0x200003f4                __aeabi_ldiv0
 .text          0x200003f8      0x41c c:/isis/application/toolchain/bin/../lib/gcc/arm-none-eabi/4.7.4\libgcc.a(_arm_addsubdf3.o)
                0x200003f8                __aeabi_drsub
                0x20000400                __aeabi_dsub
                0x20000400                __subdf3
                0x20000404                __aeabi_dadd
                0x20000404                __adddf3
                0x20000714                __floatunsidf
                0x20000714                __aeabi_ui2d
                0x20000738                __floatsidf
                0x20000738                __aeabi_i2d
                0x20000760                __aeabi_f2d
                0x20000760                __extendsfdf2
                0x200007a0                __floatundidf
                0x200007a0                __aeabi_ul2d
                0x200007b4                __floatdidf
                0x200007b4                __aeabi_l2d
 .text          0x20000814      0x49c c:/isis/application/toolchain/bin/../lib/gcc/arm-none-eabi/4.7.4\libgcc.a(_arm_muldivdf3.o)
                0x20000814                __aeabi_dmul
                0x20000814                __muldf3
                0x20000aa4                __divdf3
                0x20000aa4                __aeabi_ddiv
 .text          0x20000cb0      0x144 c:/isis/application/toolchain/bin/../lib/gcc/arm-none-eabi/4.7.4\libgcc.a(_arm_cmpdf2.o)
                0x20000cb0                __gtdf2
                0x20000cb0                __gedf2
                0x20000cb8                __ltdf2
                0x20000cb8                __ledf2
                0x20000cc0                __nedf2
                0x20000cc0                __eqdf2
                0x20000cc0                __cmpdf2
                0x20000d48                __aeabi_cdrcmple
                0x20000d64                __aeabi_cdcmpeq
                0x20000d64                __aeabi_cdcmple
                0x20000d7c                __aeabi_dcmpeq
                0x20000d94                __aeabi_dcmplt
                0x20000dac                __aeabi_dcmple
                0x20000dc4                __aeabi_dcmpge
                0x20000ddc                __aeabi_dcmpgt
 .text          0x20000df4       0x5c c:/isis/application/toolchain/bin/../lib/gcc/arm-none-eabi/4.7.4\libgcc.a(_arm_fixdfsi.o)
                0x20000df4                __aeabi_d2iz
                0x20000df4                __fixdfsi
 .text          0x20000e50       0x54 c:/isis/application/toolchain/bin/../lib/gcc/arm-none-eabi/4.7.4\libgcc.a(_arm_fixunsdfsi.o)
                0x20000e50                __aeabi_d2uiz
                0x20000e50                __fixunsdfsi
 .text          0x20000ea4       0xa0 c:/isis/application/toolchain/bin/../lib/gcc/arm-none-eabi/4.7.4\libgcc.a(_arm_truncdfsf2.o)
                0x20000ea4                __truncdfsf2
                0x20000ea4                __aeabi_d2f
 .text          0x20000f44      0x2ac c:/isis/application/toolchain/bin/../lib/gcc/arm-none-eabi/4.7.4\libgcc.a(_arm_addsubsf3.o)
                0x20000f44                __aeabi_frsub
                0x20000f4c                __subsf3
                0x20000f4c                __aeabi_fsub
                0x20000f50                __aeabi_fadd
                0x20000f50                __addsf3
                0x2000110c                __aeabi_ui2f
                0x2000110c                __floatunsisf
                0x20001114                __aeabi_i2f
                0x20001114                __floatsisf
                0x20001134                __aeabi_ul2f
                0x20001134                __floatundisf
                0x20001144                __aeabi_l2f
                0x20001144                __floatdisf
 .text          0x200011f0      0x2f8 c:/isis/application/toolchain/bin/../lib/gcc/arm-none-eabi/4.7.4\libgcc.a(_arm_muldivsf3.o)
                0x200011f0                __mulsf3
                0x200011f0                __aeabi_fmul
                0x20001388                __aeabi_fdiv
                0x20001388                __divsf3
 *(.text*)
 .text.__cvt    0x200014e8      0x138 c:/isis/application/toolchain/bin/../lib/gcc/arm-none-eabi/4.7.4/../../../../arm-none-eabi/lib\libc_s.a(lib_a-vfprintf_float.o)
                0x200014e8                __cvt
 .text.__exponent
                0x20001620       0xa8 c:/isis/application/toolchain/bin/../lib/gcc/arm-none-eabi/4.7.4/../../../../arm-none-eabi/lib\libc_s.a(lib_a-vfprintf_float.o)
                0x20001620                __exponent
 .text._printf_float
                0x200016c8      0x7dc c:/isis/application/toolchain/bin/../lib/gcc/arm-none-eabi/4.7.4/../../../../arm-none-eabi/lib\libc_s.a(lib_a-vfprintf_float.o)
                0x200016c8                _printf_float
 .text._printf_common
                0x20001ea4      0x174 c:/isis/application/toolchain/bin/../lib/gcc/arm-none-eabi/4.7.4/../../../../arm-none-eabi/lib\libc_s.a(lib_a-vfprintf_i.o)
                0x20001ea4                _printf_common
 .text._printf_i
                0x20002018      0x3c4 c:/isis/application/toolchain/bin/../lib/gcc/arm-none-eabi/4.7.4/../../../../arm-none-eabi/lib\libc_s.a(lib_a-vfprintf_i.o)
                0x20002018                _printf_i
 .text._scanf_float
                0x200023dc      0x5f4 c:/isis/application/toolchain/bin/../lib/gcc/arm-none-eabi/4.7.4/../../../../arm-none-eabi/lib\libc_s.a(lib_a-vfscanf_float.o)
                0x200023dc                _scanf_float
 .text.quorem   0x200029d0      0x1ac c:/isis/application/toolchain/bin/../lib/gcc/arm-none-eabi/4.7.4/../../../../arm-none-eabi/lib\libc_s.a(lib_a-dtoa.o)
 .text._dtoa_r  0x20002b7c     0x1268 c:/isis/application/toolchain/bin/../lib/gcc/arm-none-eabi/4.7.4/../../../../arm-none-eabi/lib\libc_s.a(lib_a-dtoa.o)
                0x20002b7c                _dtoa_r
 .text._localeconv_r
                0x20003de4        0xc c:/isis/application/toolchain/bin/../lib/gcc/arm-none-eabi/4.7.4/../../../../arm-none-eabi/lib\libc_s.a(lib_a-locale.o)
                0x20003de4                _localeconv_r
 .text.malloc   0x20003df0       0x20 c:/isis/application/toolchain/bin/../lib/gcc/arm-none-eabi/4.7.4/../../../../arm-none-eabi/lib\libc_s.a(lib_a-malloc.o)
                0x20003df0                malloc
 .text.free     0x20003e10       0x20 c:/isis/application/toolchain/bin/../lib/gcc/arm-none-eabi/4.7.4/../../../../arm-none-eabi/lib\libc_s.a(lib_a-malloc.o)
                0x20003e10                free
 .text._malloc_r
                0x20003e30       0xfc c:/isis/application/toolchain/bin/../lib/gcc/arm-none-eabi/4.7.4/../../../../arm-none-eabi/lib\libc_s.a(lib_a-mallocr.o)
                0x20003e30                _malloc_r
 .text.memcpy   0x20003f2c       0x20 c:/isis/application/toolchain/bin/../lib/gcc/arm-none-eabi/4.7.4/../../../../arm-none-eabi/lib\libc_s.a(lib_a-memcpy.o)
                0x20003f2c                memcpy
 .text._Balloc  0x20003f4c       0xcc c:/isis/application/toolchain/bin/../lib/gcc/arm-none-eabi/4.7.4/../../../../arm-none-eabi/lib\libc_s.a(lib_a-mprec.o)
                0x20003f4c                _Balloc
 .text._Bfree   0x20004018       0x5c c:/isis/application/toolchain/bin/../lib/gcc/arm-none-eabi/4.7.4/../../../../arm-none-eabi/lib\libc_s.a(lib_a-mprec.o)
                0x20004018                _Bfree
 .text.__multadd
                0x20004074       0xbc c:/isis/application/toolchain/bin/../lib/gcc/arm-none-eabi/4.7.4/../../../../arm-none-eabi/lib\libc_s.a(lib_a-mprec.o)
                0x20004074                __multadd
 .text.__s2b    0x20004130       0xd8 c:/isis/application/toolchain/bin/../lib/gcc/arm-none-eabi/4.7.4/../../../../arm-none-eabi/lib\libc_s.a(lib_a-mprec.o)
                0x20004130                __s2b
 .text.__hi0bits
                0x20004208       0x58 c:/isis/application/toolchain/bin/../lib/gcc/arm-none-eabi/4.7.4/../../../../arm-none-eabi/lib\libc_s.a(lib_a-mprec.o)
                0x20004208                __hi0bits
 .text.__lo0bits
                0x20004260       0x94 c:/isis/application/toolchain/bin/../lib/gcc/arm-none-eabi/4.7.4/../../../../arm-none-eabi/lib\libc_s.a(lib_a-mprec.o)
                0x20004260                __lo0bits
 .text.__i2b    0x200042f4       0x24 c:/isis/application/toolchain/bin/../lib/gcc/arm-none-eabi/4.7.4/../../../../arm-none-eabi/lib\libc_s.a(lib_a-mprec.o)
                0x200042f4                __i2b
 .text.__multiply
                0x20004318      0x1ac c:/isis/application/toolchain/bin/../lib/gcc/arm-none-eabi/4.7.4/../../../../arm-none-eabi/lib\libc_s.a(lib_a-mprec.o)
                0x20004318                __multiply
 .text.__pow5mult
                0x200044c4      0x10c c:/isis/application/toolchain/bin/../lib/gcc/arm-none-eabi/4.7.4/../../../../arm-none-eabi/lib\libc_s.a(lib_a-mprec.o)
                0x200044c4                __pow5mult
 .text.__lshift
                0x200045d0       0xf0 c:/isis/application/toolchain/bin/../lib/gcc/arm-none-eabi/4.7.4/../../../../arm-none-eabi/lib\libc_s.a(lib_a-mprec.o)
                0x200045d0                __lshift
 .text.__mcmp   0x200046c0       0x60 c:/isis/application/toolchain/bin/../lib/gcc/arm-none-eabi/4.7.4/../../../../arm-none-eabi/lib\libc_s.a(lib_a-mprec.o)
                0x200046c0                __mcmp
 .text.__mdiff  0x20004720      0x128 c:/isis/application/toolchain/bin/../lib/gcc/arm-none-eabi/4.7.4/../../../../arm-none-eabi/lib\libc_s.a(lib_a-mprec.o)
                0x20004720                __mdiff
 .text.__ulp    0x20004848       0x5c c:/isis/application/toolchain/bin/../lib/gcc/arm-none-eabi/4.7.4/../../../../arm-none-eabi/lib\libc_s.a(lib_a-mprec.o)
                0x20004848                __ulp
 .text.__b2d    0x200048a4       0xc8 c:/isis/application/toolchain/bin/../lib/gcc/arm-none-eabi/4.7.4/../../../../arm-none-eabi/lib\libc_s.a(lib_a-mprec.o)
                0x200048a4                __b2d
 .text.__d2b    0x2000496c       0xfc c:/isis/application/toolchain/bin/../lib/gcc/arm-none-eabi/4.7.4/../../../../arm-none-eabi/lib\libc_s.a(lib_a-mprec.o)
                0x2000496c                __d2b
 .text.__ratio  0x20004a68       0x70 c:/isis/application/toolchain/bin/../lib/gcc/arm-none-eabi/4.7.4/../../../../arm-none-eabi/lib\libc_s.a(lib_a-mprec.o)
                0x20004a68                __ratio
 .text.__copybits
                0x20004ad8       0x4c c:/isis/application/toolchain/bin/../lib/gcc/arm-none-eabi/4.7.4/../../../../arm-none-eabi/lib\libc_s.a(lib_a-mprec.o)
                0x20004ad8                __copybits
 .text.__any_on
                0x20004b24       0x7c c:/isis/application/toolchain/bin/../lib/gcc/arm-none-eabi/4.7.4/../../../../arm-none-eabi/lib\libc_s.a(lib_a-mprec.o)
                0x20004b24                __any_on
 .text.__fpclassifyd
                0x20004ba0       0x6c c:/isis/application/toolchain/bin/../lib/gcc/arm-none-eabi/4.7.4/../../../../arm-none-eabi/lib\libc_s.a(lib_a-s_fpclassify.o)
                0x20004ba0                __fpclassifyd
 .text._sbrk_r  0x20004c0c       0x3c c:/isis/application/toolchain/bin/../lib/gcc/arm-none-eabi/4.7.4/../../../../arm-none-eabi/lib\libc_s.a(lib_a-sbrkr.o)
                0x20004c0c                _sbrk_r
 .text.nanf     0x20004c48        0xc c:/isis/application/toolchain/bin/../lib/gcc/arm-none-eabi/4.7.4/../../../../arm-none-eabi/lib\libc_s.a(lib_a-sf_nan.o)
                0x20004c48                nanf
 .text.sprintf  0x20004c54       0x6c c:/isis/application/toolchain/bin/../lib/gcc/arm-none-eabi/4.7.4/../../../../arm-none-eabi/lib\libc_s.a(lib_a-sprintf.o)
                0x20004c54                siprintf
                0x20004c54                sprintf
 .text.strlen   0x20004cc0       0x1c c:/isis/application/toolchain/bin/../lib/gcc/arm-none-eabi/4.7.4/../../../../arm-none-eabi/lib\libc_s.a(lib_a-strlen.o)
                0x20004cc0                strlen
 .text.match    0x20004cdc       0x54 c:/isis/application/toolchain/bin/../lib/gcc/arm-none-eabi/4.7.4/../../../../arm-none-eabi/lib\libc_s.a(lib_a-strtod.o)
 .text._strtod_r
                0x20004d30     0x1168 c:/isis/application/toolchain/bin/../lib/gcc/arm-none-eabi/4.7.4/../../../../arm-none-eabi/lib\libc_s.a(lib_a-strtod.o)
                0x20004d30                _strtod_r
 .text._strtol_r
                0x20005e98      0x1b8 c:/isis/application/toolchain/bin/../lib/gcc/arm-none-eabi/4.7.4/../../../../arm-none-eabi/lib\libc_s.a(lib_a-strtol.o)
                0x20005e98                _strtol_r
 .text.__ssputc_r
                0x20006050      0x10c c:/isis/application/toolchain/bin/../lib/gcc/arm-none-eabi/4.7.4/../../../../arm-none-eabi/lib\libc_s.a(lib_a-svfprintf.o)
                0x20006050                __ssputc_r
 .text._svfprintf_r
                0x2000615c      0x328 c:/isis/application/toolchain/bin/../lib/gcc/arm-none-eabi/4.7.4/../../../../arm-none-eabi/lib\libc_s.a(lib_a-svfprintf.o)
                0x2000615c                _svfiprintf_r
                0x2000615c                _svfprintf_r
 .text._calloc_r
                0x20006484       0x2c c:/isis/application/toolchain/bin/../lib/gcc/arm-none-eabi/4.7.4/../../../../arm-none-eabi/lib\libc_s.a(lib_a-callocr.o)
                0x20006484                _calloc_r
 .text._free_r  0x200064b0      0x108 c:/isis/application/toolchain/bin/../lib/gcc/arm-none-eabi/4.7.4/../../../../arm-none-eabi/lib\libc_s.a(lib_a-freer.o)
                0x200064b0                _free_r
 .text.rshift   0x200065b8       0xb0 c:/isis/application/toolchain/bin/../lib/gcc/arm-none-eabi/4.7.4/../../../../arm-none-eabi/lib\libc_s.a(lib_a-gdtoa-gethex.o)
 .text.htinit.constprop.0
                0x20006668       0x34 c:/isis/application/toolchain/bin/../lib/gcc/arm-none-eabi/4.7.4/../../../../arm-none-eabi/lib\libc_s.a(lib_a-gdtoa-gethex.o)
 .text.__hexdig_init
                0x2000669c       0x38 c:/isis/application/toolchain/bin/../lib/gcc/arm-none-eabi/4.7.4/../../../../arm-none-eabi/lib\libc_s.a(lib_a-gdtoa-gethex.o)
                0x2000669c                __hexdig_init
 .text.__gethex
                0x200066d4      0x6cc c:/isis/application/toolchain/bin/../lib/gcc/arm-none-eabi/4.7.4/../../../../arm-none-eabi/lib\libc_s.a(lib_a-gdtoa-gethex.o)
                0x200066d4                __gethex
 .text.L_shift  0x20006da0       0x38 c:/isis/application/toolchain/bin/../lib/gcc/arm-none-eabi/4.7.4/../../../../arm-none-eabi/lib\libc_s.a(lib_a-gdtoa-hexnan.o)
 .text.__hexnan
                0x20006dd8      0x1d8 c:/isis/application/toolchain/bin/../lib/gcc/arm-none-eabi/4.7.4/../../../../arm-none-eabi/lib\libc_s.a(lib_a-gdtoa-hexnan.o)
                0x20006dd8                __hexnan
 .text.memchr   0x20006fb0       0x34 c:/isis/application/toolchain/bin/../lib/gcc/arm-none-eabi/4.7.4/../../../../arm-none-eabi/lib\libc_s.a(lib_a-memchr.o)
                0x20006fb0                memchr
 .text.memset   0x20006fe4       0x1c c:/isis/application/toolchain/bin/../lib/gcc/arm-none-eabi/4.7.4/../../../../arm-none-eabi/lib\libc_s.a(lib_a-memset.o)
                0x20006fe4                memset
 .text._realloc_r
                0x20007000       0x80 c:/isis/application/toolchain/bin/../lib/gcc/arm-none-eabi/4.7.4/../../../../arm-none-eabi/lib\libc_s.a(lib_a-reallocr.o)
                0x20007000                _realloc_r
 .text.strncmp  0x20007080       0x64 c:/isis/application/toolchain/bin/../lib/gcc/arm-none-eabi/4.7.4/../../../../arm-none-eabi/lib\libc_s.a(lib_a-strncmp.o)
                0x20007080                strncmp
 .text._malloc_usable_size_r
                0x200070e4       0x1c c:/isis/application/toolchain/bin/../lib/gcc/arm-none-eabi/4.7.4/../../../../arm-none-eabi/lib\libc_s.a(lib_a-msizer.o)
                0x200070e4                _malloc_usable_size_r
 .text.EPS_TelemetryHKbasic
                0x20007100      0x148 ./src/Demos/GomEPSdemo.o
 .text.EPS_TelemetryHKwdt
                0x20007248       0xfc ./src/Demos/GomEPSdemo.o
 .text.EPS_TelemetryHKout
                0x20007344      0x314 ./src/Demos/GomEPSdemo.o
 .text.EPS_TelemetryHKvi
                0x20007658       0xf8 ./src/Demos/GomEPSdemo.o
 .text.EPS_TelemetryHKGeneral
                0x20007750      0x578 ./src/Demos/GomEPSdemo.o
 .text.EPS_TelemetryHKParam
                0x20007cc8      0x304 ./src/Demos/GomEPSdemo.o
 .text.selectAndExecuteGomEPSDemoTest
                0x20007fcc      0x138 ./src/Demos/GomEPSdemo.o
 .text.GomspaceEpsDemo
                0x20008104       0x3c ./src/Demos/GomEPSdemo.o
 .text.initmain
                0x20008140       0x2c ./src/Demos/GomEPSdemo.o
 .text.GomEPStest
                0x2000816c       0x1c ./src/Demos/GomEPSdemo.o
                0x2000816c                GomEPStest
 .text.resetAntSTest
                0x20008188       0x7c ./src/Demos/IsisAntSdemo.o
 .text.printDeploymentStatus
                0x20008204       0x60 ./src/Demos/IsisAntSdemo.o
 .text.getStatusAntSTest
                0x20008264       0xf0 ./src/Demos/IsisAntSdemo.o
 .text.tempAntSTest
                0x20008354      0x184 ./src/Demos/IsisAntSdemo.o
 .text.uptimeAntSTest
                0x200084d8       0x84 ./src/Demos/IsisAntSdemo.o
 .text.telemAntSTest
                0x2000855c      0x1b8 ./src/Demos/IsisAntSdemo.o
 .text.autoDeploymentAntSTest
                0x20008714       0x84 ./src/Demos/IsisAntSdemo.o
 .text.selectAndExecuteAntSDemoTest
                0x20008798      0x190 ./src/Demos/IsisAntSdemo.o
 .text.initmain
                0x20008928       0x70 ./src/Demos/IsisAntSdemo.o
 .text.Ants_mainDemo
                0x20008998       0x3c ./src/Demos/IsisAntSdemo.o
 .text.AntStest
                0x200089d4       0x1c ./src/Demos/IsisAntSdemo.o
                0x200089d4                AntStest
 .text._parse_resp
                0x200089f0      0x1ec ./src/Demos/IsisEPSdemo.o
 .text._get_channel_flagfield
                0x20008bdc       0xf0 ./src/Demos/IsisEPSdemo.o
 .text._get_channel_index
                0x20008ccc       0xdc ./src/Demos/IsisEPSdemo.o
 .text._get_cdb_board_selection
                0x20008da8       0xe0 ./src/Demos/IsisEPSdemo.o
 .text._hardReset
                0x20008e88       0xc8 ./src/Demos/IsisEPSdemo.o
 .text._noOperation
                0x20008f50       0xbc ./src/Demos/IsisEPSdemo.o
 .text._cancelOperation
                0x2000900c       0xbc ./src/Demos/IsisEPSdemo.o
 .text._resetWDT
                0x200090c8       0xd4 ./src/Demos/IsisEPSdemo.o
 .text._outputBusGroupOn
                0x2000919c      0x164 ./src/Demos/IsisEPSdemo.o
 .text._outputBusGroupOff
                0x20009300      0x164 ./src/Demos/IsisEPSdemo.o
 .text._outputBusGroupState
                0x20009464      0x17c ./src/Demos/IsisEPSdemo.o
 .text._outputBus3v3On
                0x200095e0      0x128 ./src/Demos/IsisEPSdemo.o
 .text._outputBus3v3Off
                0x20009708      0x128 ./src/Demos/IsisEPSdemo.o
 .text._outputBus5vOn
                0x20009830      0x128 ./src/Demos/IsisEPSdemo.o
 .text._outputBus5vOff
                0x20009958      0x128 ./src/Demos/IsisEPSdemo.o
 .text._outputBusHvOn
                0x20009a80      0x11c ./src/Demos/IsisEPSdemo.o
 .text._outputBusHvOff
                0x20009b9c      0x11c ./src/Demos/IsisEPSdemo.o
 .text._getSystemState
                0x20009cb8      0x36c ./src/Demos/IsisEPSdemo.o
 .text._getRawHKDataMB
                0x2000a024      0x574 ./src/Demos/IsisEPSdemo.o
 .text._getEngHKDataMB
                0x2000a598      0x58c ./src/Demos/IsisEPSdemo.o
 .text._getRAEngHKDataMB
                0x2000ab24      0x568 ./src/Demos/IsisEPSdemo.o
 .text._getRawHKDataCDB
                0x2000b08c      0x364 ./src/Demos/IsisEPSdemo.o
 .text._getEngHKDataCDB
                0x2000b3f0      0x378 ./src/Demos/IsisEPSdemo.o
 .text._getRAEngHKDataCDB
                0x2000b768      0x354 ./src/Demos/IsisEPSdemo.o
 .text.show_LOState
                0x2000babc      0x1a8 ./src/Demos/IsisEPSdemo.o
 .text._getLOState3V3
                0x2000bc64      0x198 ./src/Demos/IsisEPSdemo.o
 .text._getLOState5V
                0x2000bdfc      0x198 ./src/Demos/IsisEPSdemo.o
 .text._getLOStateBV
                0x2000bf94      0x198 ./src/Demos/IsisEPSdemo.o
 .text._getLOStateHV
                0x2000c12c      0x198 ./src/Demos/IsisEPSdemo.o
 .text._getParameter
                0x2000c2c4      0x140 ./src/Demos/IsisEPSdemo.o
 .text._setParameter
                0x2000c404      0x2b0 ./src/Demos/IsisEPSdemo.o
 .text._resetParameter
                0x2000c6b4      0x14c ./src/Demos/IsisEPSdemo.o
 .text._resetConfig
                0x2000c800       0xc8 ./src/Demos/IsisEPSdemo.o
 .text._loadConfig
                0x2000c8c8       0xbc ./src/Demos/IsisEPSdemo.o
 .text._saveConfig
                0x2000c984      0x1bc ./src/Demos/IsisEPSdemo.o
 .text._selectAndExecuteDemoTest
                0x2000cb40      0x65c ./src/Demos/IsisEPSdemo.o
 .text._initMain
                0x2000d19c       0x68 ./src/Demos/IsisEPSdemo.o
 .text._mainDemo
                0x2000d204       0x3c ./src/Demos/IsisEPSdemo.o
 .text.IsisEPStest
                0x2000d240       0x28 ./src/Demos/IsisEPSdemo.o
                0x2000d240                IsisEPStest
 .text.getTemperature
                0x2000d268       0x54 ./src/Demos/IsisMTQv1demo.o
 .text.selectAndExecuteMtqDemoTest
                0x2000d2bc       0xa8 ./src/Demos/IsisMTQv1demo.o
 .text.initmain
                0x2000d364       0x2c ./src/Demos/IsisMTQv1demo.o
 .text.Mtqv1_mainDemo
                0x2000d390       0x3c ./src/Demos/IsisMTQv1demo.o
 .text.MTQv1test
                0x2000d3cc       0x1c ./src/Demos/IsisMTQv1demo.o
                0x2000d3cc                MTQv1test
 .text._parse_resp
                0x2000d3e8      0x23c ./src/Demos/IsisMTQv2demo.o
 .text._parse_selftest_step
                0x2000d624      0x530 ./src/Demos/IsisMTQv2demo.o
 .text._get_axis_inputs
                0x2000db54      0x2c4 ./src/Demos/IsisMTQv2demo.o
 .text._softReset
                0x2000de18       0xd4 ./src/Demos/IsisMTQv2demo.o
 .text._noOperation
                0x2000deec       0xc8 ./src/Demos/IsisMTQv2demo.o
 .text._cancelOperation
                0x2000dfb4       0xbc ./src/Demos/IsisMTQv2demo.o
 .text._startMTMMeasurement
                0x2000e070       0xdc ./src/Demos/IsisMTQv2demo.o
 .text._startMTQActuationCurrent
                0x2000e14c      0x10c ./src/Demos/IsisMTQv2demo.o
 .text._startMTQActuationDipole
                0x2000e258      0x128 ./src/Demos/IsisMTQv2demo.o
 .text._startMTQActuationPWM
                0x2000e380      0x10c ./src/Demos/IsisMTQv2demo.o
 .text._startSelfTest
                0x2000e48c      0x208 ./src/Demos/IsisMTQv2demo.o
 .text._startDetumble
                0x2000e694      0x180 ./src/Demos/IsisMTQv2demo.o
 .text._getSystemState
                0x2000e814      0x204 ./src/Demos/IsisMTQv2demo.o
 .text._getRawMTMData
                0x2000ea18      0x130 ./src/Demos/IsisMTQv2demo.o
 .text._getCalMTMData
                0x2000eb48      0x130 ./src/Demos/IsisMTQv2demo.o
 .text._getCoilCurrent
                0x2000ec78      0x120 ./src/Demos/IsisMTQv2demo.o
 .text._getCoilTemperature
                0x2000ed98      0x120 ./src/Demos/IsisMTQv2demo.o
 .text._getCmdActuationDipole
                0x2000eeb8      0x12c ./src/Demos/IsisMTQv2demo.o
 .text._getSelftestDataSingleAxis
                0x2000efe4      0x148 ./src/Demos/IsisMTQv2demo.o
 .text._getSelftestDataAllAxis
                0x2000f12c      0x1e0 ./src/Demos/IsisMTQv2demo.o
 .text._getDetumbleData
                0x2000f30c      0x220 ./src/Demos/IsisMTQv2demo.o
 .text._getRawHKData
                0x2000f52c      0x1f8 ./src/Demos/IsisMTQv2demo.o
 .text._getEngHKData
                0x2000f724      0x228 ./src/Demos/IsisMTQv2demo.o
 .text._getParameter
                0x2000f94c      0x140 ./src/Demos/IsisMTQv2demo.o
 .text._setParameter
                0x2000fa8c      0x290 ./src/Demos/IsisMTQv2demo.o
 .text._resetParameter
                0x2000fd1c      0x14c ./src/Demos/IsisMTQv2demo.o
 .text._selectAndExecuteDemoTest
                0x2000fe68      0x540 ./src/Demos/IsisMTQv2demo.o
 .text._initMain
                0x200103a8       0x68 ./src/Demos/IsisMTQv2demo.o
 .text._mainDemo
                0x20010410       0x3c ./src/Demos/IsisMTQv2demo.o
 .text.IsisMTQv2test
                0x2001044c       0x28 ./src/Demos/IsisMTQv2demo.o
                0x2001044c                IsisMTQv2test
 .text.SolarPanel_Temperature
                0x20010474      0x268 ./src/Demos/IsisSPdemo.o
 .text.selectAndExecuteSolarPanelsDemoTest
                0x200106dc       0xa8 ./src/Demos/IsisSPdemo.o
 .text.SolarPaneltest
                0x20010784       0x44 ./src/Demos/IsisSPdemo.o
                0x20010784                SolarPaneltest
 .text.SolarPanelv2_Temperature
                0x200107c8       0xfc ./src/Demos/IsisSPv2demo.o
                0x200107c8                SolarPanelv2_Temperature
 .text.selectAndExecuteSolarPanelsv2DemoTest
                0x200108c4       0xa8 ./src/Demos/IsisSPv2demo.o
                0x200108c4                selectAndExecuteSolarPanelsv2DemoTest
 .text.SolarPanelsv2_mainDemo
                0x2001096c       0x3c ./src/Demos/IsisSPv2demo.o
                0x2001096c                SolarPanelsv2_mainDemo
 .text.SolarPanelv2test
                0x200109a8       0x74 ./src/Demos/IsisSPv2demo.o
                0x200109a8                SolarPanelv2test
 .text.resetUVTest
                0x20010a1c       0x28 ./src/Demos/IsisTRXUVdemo.o
 .text.itc_sendDefClSignTest
                0x20010a44       0xe8 ./src/Demos/IsisTRXUVdemo.o
 .text.itc_sendMsgCWTest
                0x20010b2c       0xe8 ./src/Demos/IsisTRXUVdemo.o
 .text.itc_toggleIdleStateTest
                0x20010c14       0x5c ./src/Demos/IsisTRXUVdemo.o
 .text.itc_setTxBitrate9600Test
                0x20010c70       0x20 ./src/Demos/IsisTRXUVdemo.o
 .text.itc_setTxBitrate1200Test
                0x20010c90       0x20 ./src/Demos/IsisTRXUVdemo.o
 .text.imc_getFrameCountTest
                0x20010cb0       0x74 ./src/Demos/IsisTRXUVdemo.o
 .text.imc_getFrameCmdTest
                0x20010d24      0x190 ./src/Demos/IsisTRXUVdemo.o
 .text.imc_getAllTelemTest
                0x20010eb4      0x718 ./src/Demos/IsisTRXUVdemo.o
 .text.selectAndExecuteTRXUVDemoTest
                0x200115cc      0x18c ./src/Demos/IsisTRXUVdemo.o
 .text.initmain
                0x20011758       0x64 ./src/Demos/IsisTRXUVdemo.o
 .text.TRXUV_mainDemo
                0x200117bc       0x3c ./src/Demos/IsisTRXUVdemo.o
 .text.TRXUVtest
                0x200117f8       0x38 ./src/Demos/IsisTRXUVdemo.o
                0x200117f8                TRXUVtest
 .text.softResetVUTest
                0x20011830       0x40 ./src/Demos/IsisTRXVUdemo.o
 .text.hardResetVUTest
                0x20011870       0x40 ./src/Demos/IsisTRXVUdemo.o
 .text.vutc_sendDefClSignTest
                0x200118b0       0xe8 ./src/Demos/IsisTRXVUdemo.o
 .text.vutc_toggleIdleStateTest
                0x20011998       0x5c ./src/Demos/IsisTRXVUdemo.o
 .text.vutc_setTxBitrate9600Test
                0x200119f4       0x20 ./src/Demos/IsisTRXVUdemo.o
 .text.vutc_setTxBitrate1200Test
                0x20011a14       0x20 ./src/Demos/IsisTRXVUdemo.o
 .text.vurc_getFrameCountTest
                0x20011a34       0x74 ./src/Demos/IsisTRXVUdemo.o
 .text.vurc_getFrameCmdTest
                0x20011aa8      0x198 ./src/Demos/IsisTRXVUdemo.o
 .text.vurc_getRxTelemTest
                0x20011c40      0x41c ./src/Demos/IsisTRXVUdemo.o
 .text.vurc_getTxTelemTest
                0x2001205c      0x258 ./src/Demos/IsisTRXVUdemo.o
 .text.selectAndExecuteTRXVUDemoTest
                0x200122b4      0x1a8 ./src/Demos/IsisTRXVUdemo.o
 .text.initmain
                0x2001245c       0x5c ./src/Demos/IsisTRXVUdemo.o
 .text.TRXVU_mainDemo
                0x200124b8       0x3c ./src/Demos/IsisTRXVUdemo.o
 .text.TRXVUtest
                0x200124f4       0x1c ./src/Demos/IsisTRXVUdemo.o
                0x200124f4                TRXVUtest
 .text.softResetTxsTest
                0x20012510       0x28 ./src/Demos/IsisTxSdemo.o
 .text.halfMaxBitrateTxsTest
                0x20012538       0x2c ./src/Demos/IsisTxSdemo.o
 .text.MaxBitrateTxsTest
                0x20012564       0x2c ./src/Demos/IsisTxSdemo.o
 .text.level4_5dBTxsTest
                0x20012590       0x2c ./src/Demos/IsisTxSdemo.o
 .text.level13_5dBTxsTest
                0x200125bc       0x2c ./src/Demos/IsisTxSdemo.o
 .text.toggleTxsStateTest
                0x200125e8       0x5c ./src/Demos/IsisTxSdemo.o
 .text.addDefaultCallsignFrames
                0x20012644       0xfc ./src/Demos/IsisTxSdemo.o
 .text.getAllTelemTxSTest
                0x20012740      0x568 ./src/Demos/IsisTxSdemo.o
 .text.selectAndExecuteTxSDemoTest
                0x20012ca8      0x170 ./src/Demos/IsisTxSdemo.o
 .text.initmain
                0x20012e18       0x3c ./src/Demos/IsisTxSdemo.o
 .text.TxS_mainDemo
                0x20012e54       0x3c ./src/Demos/IsisTxSdemo.o
 .text.TxStest  0x20012e90       0x1c ./src/Demos/IsisTxSdemo.o
                0x20012e90                TxStest
 .text.ing_interact
                0x20012eac      0x450 ./src/Demos/common.o
                0x20012eac                ing_interact
 .text.ing_parse
                0x200132fc      0x8f4 ./src/Demos/common.o
                0x200132fc                ing_parse
 .text.ing      0x20013bf0       0xa4 ./src/Demos/common.o
                0x20013bf0                ing
 .text.config_param_info
                0x20013c94      0xb00 ./src/Demos/common.o
                0x20013c94                config_param_info
 .text.selectAndExecuteTest
                0x20014794      0x210 ./src/main.o
                0x20014794                selectAndExecuteTest
 .text.taskMain
                0x200149a4       0x5c ./src/main.o
                0x200149a4                taskMain
 .text.main     0x20014a00      0x1a8 ./src/main.o
                0x20014a00                main
 .text.GomEpsInitialize
                0x20014ba8      0x148 D:/Internship 2018/OBC Projects/SecondProject/satellite-subsystems/demo/..//satellite-subsystems/lib\libSatelliteSubsystemsD.a(GomEPS.o)
                0x20014ba8                GomEpsInitialize
 .text.makeEPStransfer
                0x20014cf0       0x3c D:/Internship 2018/OBC Projects/SecondProject/satellite-subsystems/demo/..//satellite-subsystems/lib\libSatelliteSubsystemsD.a(GomEPS.o)
 .text.GomEpsGetHkData_param
                0x20014d2c      0x29c D:/Internship 2018/OBC Projects/SecondProject/satellite-subsystems/demo/..//satellite-subsystems/lib\libSatelliteSubsystemsD.a(GomEPS.o)
                0x20014d2c                GomEpsGetHkData_param
 .text.GomEpsGetHkData_general
                0x20014fc8      0x45c D:/Internship 2018/OBC Projects/SecondProject/satellite-subsystems/demo/..//satellite-subsystems/lib\libSatelliteSubsystemsD.a(GomEPS.o)
                0x20014fc8                GomEpsGetHkData_general
 .text.GomEpsGetHkData_vi
                0x20015424      0x188 D:/Internship 2018/OBC Projects/SecondProject/satellite-subsystems/demo/..//satellite-subsystems/lib\libSatelliteSubsystemsD.a(GomEPS.o)
                0x20015424                GomEpsGetHkData_vi
 .text.GomEpsGetHkData_out
                0x200155ac      0x21c D:/Internship 2018/OBC Projects/SecondProject/satellite-subsystems/demo/..//satellite-subsystems/lib\libSatelliteSubsystemsD.a(GomEPS.o)
                0x200155ac                GomEpsGetHkData_out
 .text.GomEpsGetHkData_wdt
                0x200157c8      0x2b4 D:/Internship 2018/OBC Projects/SecondProject/satellite-subsystems/demo/..//satellite-subsystems/lib\libSatelliteSubsystemsD.a(GomEPS.o)
                0x200157c8                GomEpsGetHkData_wdt
 .text.GomEpsGetHkData_basic
                0x20015a7c      0x22c D:/Internship 2018/OBC Projects/SecondProject/satellite-subsystems/demo/..//satellite-subsystems/lib\libSatelliteSubsystemsD.a(GomEPS.o)
                0x20015a7c                GomEpsGetHkData_basic
 .text.makeAntStransfer
                0x20015ca8       0x4c D:/Internship 2018/OBC Projects/SecondProject/satellite-subsystems/demo/..//satellite-subsystems/lib\libSatelliteSubsystemsD.a(IsisAntS.o)
 .text.checkInputsValid
                0x20015cf4       0x7c D:/Internship 2018/OBC Projects/SecondProject/satellite-subsystems/demo/..//satellite-subsystems/lib\libSatelliteSubsystemsD.a(IsisAntS.o)
 .text.IsisAntS_initialize
                0x20015d70      0x24c D:/Internship 2018/OBC Projects/SecondProject/satellite-subsystems/demo/..//satellite-subsystems/lib\libSatelliteSubsystemsD.a(IsisAntS.o)
                0x20015d70                IsisAntS_initialize
 .text.IsisAntS_setArmStatus
                0x20015fbc      0x104 D:/Internship 2018/OBC Projects/SecondProject/satellite-subsystems/demo/..//satellite-subsystems/lib\libSatelliteSubsystemsD.a(IsisAntS.o)
                0x20015fbc                IsisAntS_setArmStatus
 .text.IsisAntS_getStatusData
                0x200160c0      0x120 D:/Internship 2018/OBC Projects/SecondProject/satellite-subsystems/demo/..//satellite-subsystems/lib\libSatelliteSubsystemsD.a(IsisAntS.o)
                0x200160c0                IsisAntS_getStatusData
 .text.IsisAntS_getTemperature
                0x200161e0      0x120 D:/Internship 2018/OBC Projects/SecondProject/satellite-subsystems/demo/..//satellite-subsystems/lib\libSatelliteSubsystemsD.a(IsisAntS.o)
                0x200161e0                IsisAntS_getTemperature
 .text.IsisAntS_getUptime
                0x20016300      0x120 D:/Internship 2018/OBC Projects/SecondProject/satellite-subsystems/demo/..//satellite-subsystems/lib\libSatelliteSubsystemsD.a(IsisAntS.o)
                0x20016300                IsisAntS_getUptime
 .text.IsisAntS_getAlltelemetry
                0x20016420      0x120 D:/Internship 2018/OBC Projects/SecondProject/satellite-subsystems/demo/..//satellite-subsystems/lib\libSatelliteSubsystemsD.a(IsisAntS.o)
                0x20016420                IsisAntS_getAlltelemetry
 .text.IsisAntS_reset
                0x20016540      0x104 D:/Internship 2018/OBC Projects/SecondProject/satellite-subsystems/demo/..//satellite-subsystems/lib\libSatelliteSubsystemsD.a(IsisAntS.o)
                0x20016540                IsisAntS_reset
 .text.IsisAntS_autoDeployment
                0x20016644      0x114 D:/Internship 2018/OBC Projects/SecondProject/satellite-subsystems/demo/..//satellite-subsystems/lib\libSatelliteSubsystemsD.a(IsisAntS.o)
                0x20016644                IsisAntS_autoDeployment
 .text._make_IsisEPStransfer
                0x20016758       0x3c D:/Internship 2018/OBC Projects/SecondProject/satellite-subsystems/demo/..//satellite-subsystems/lib\libSatelliteSubsystemsD.a(IsisEPS.o)
 .text.IsisEPS_initialize
                0x20016794      0x18c D:/Internship 2018/OBC Projects/SecondProject/satellite-subsystems/demo/..//satellite-subsystems/lib\libSatelliteSubsystemsD.a(IsisEPS.o)
                0x20016794                IsisEPS_initialize
 .text.IsisEPS_hardReset
                0x20016920       0xc8 D:/Internship 2018/OBC Projects/SecondProject/satellite-subsystems/demo/..//satellite-subsystems/lib\libSatelliteSubsystemsD.a(IsisEPS.o)
                0x20016920                IsisEPS_hardReset
 .text.IsisEPS_noOperation
                0x200169e8       0xac D:/Internship 2018/OBC Projects/SecondProject/satellite-subsystems/demo/..//satellite-subsystems/lib\libSatelliteSubsystemsD.a(IsisEPS.o)
                0x200169e8                IsisEPS_noOperation
 .text.IsisEPS_cancelOperation
                0x20016a94       0xac D:/Internship 2018/OBC Projects/SecondProject/satellite-subsystems/demo/..//satellite-subsystems/lib\libSatelliteSubsystemsD.a(IsisEPS.o)
                0x20016a94                IsisEPS_cancelOperation
 .text.IsisEPS_resetWDT
                0x20016b40       0xac D:/Internship 2018/OBC Projects/SecondProject/satellite-subsystems/demo/..//satellite-subsystems/lib\libSatelliteSubsystemsD.a(IsisEPS.o)
                0x20016b40                IsisEPS_resetWDT
 .text.IsisEPS_outputBusGroupOn
                0x20016bec       0xc4 D:/Internship 2018/OBC Projects/SecondProject/satellite-subsystems/demo/..//satellite-subsystems/lib\libSatelliteSubsystemsD.a(IsisEPS.o)
                0x20016bec                IsisEPS_outputBusGroupOn
 .text.IsisEPS_outputBusGroupOff
                0x20016cb0       0xc4 D:/Internship 2018/OBC Projects/SecondProject/satellite-subsystems/demo/..//satellite-subsystems/lib\libSatelliteSubsystemsD.a(IsisEPS.o)
                0x20016cb0                IsisEPS_outputBusGroupOff
 .text.IsisEPS_outputBusGroupState
                0x20016d74       0xc4 D:/Internship 2018/OBC Projects/SecondProject/satellite-subsystems/demo/..//satellite-subsystems/lib\libSatelliteSubsystemsD.a(IsisEPS.o)
                0x20016d74                IsisEPS_outputBusGroupState
 .text.IsisEPS_outputBus3v3On
                0x20016e38       0xbc D:/Internship 2018/OBC Projects/SecondProject/satellite-subsystems/demo/..//satellite-subsystems/lib\libSatelliteSubsystemsD.a(IsisEPS.o)
                0x20016e38                IsisEPS_outputBus3v3On
 .text.IsisEPS_outputBus3v3Off
                0x20016ef4       0xbc D:/Internship 2018/OBC Projects/SecondProject/satellite-subsystems/demo/..//satellite-subsystems/lib\libSatelliteSubsystemsD.a(IsisEPS.o)
                0x20016ef4                IsisEPS_outputBus3v3Off
 .text.IsisEPS_outputBus5vOn
                0x20016fb0       0xbc D:/Internship 2018/OBC Projects/SecondProject/satellite-subsystems/demo/..//satellite-subsystems/lib\libSatelliteSubsystemsD.a(IsisEPS.o)
                0x20016fb0                IsisEPS_outputBus5vOn
 .text.IsisEPS_outputBus5vOff
                0x2001706c       0xbc D:/Internship 2018/OBC Projects/SecondProject/satellite-subsystems/demo/..//satellite-subsystems/lib\libSatelliteSubsystemsD.a(IsisEPS.o)
                0x2001706c                IsisEPS_outputBus5vOff
 .text.IsisEPS_outputBusHvOn
                0x20017128       0xbc D:/Internship 2018/OBC Projects/SecondProject/satellite-subsystems/demo/..//satellite-subsystems/lib\libSatelliteSubsystemsD.a(IsisEPS.o)
                0x20017128                IsisEPS_outputBusHvOn
 .text.IsisEPS_outputBusHvOff
                0x200171e4       0xbc D:/Internship 2018/OBC Projects/SecondProject/satellite-subsystems/demo/..//satellite-subsystems/lib\libSatelliteSubsystemsD.a(IsisEPS.o)
                0x200171e4                IsisEPS_outputBusHvOff
 .text.IsisEPS_getSystemState
                0x200172a0      0x138 D:/Internship 2018/OBC Projects/SecondProject/satellite-subsystems/demo/..//satellite-subsystems/lib\libSatelliteSubsystemsD.a(IsisEPS.o)
                0x200172a0                IsisEPS_getSystemState
 .text.IsisEPS_getRawHKDataMB
                0x200173d8      0x18c D:/Internship 2018/OBC Projects/SecondProject/satellite-subsystems/demo/..//satellite-subsystems/lib\libSatelliteSubsystemsD.a(IsisEPS.o)
                0x200173d8                IsisEPS_getRawHKDataMB
 .text.IsisEPS_getEngHKDataMB
                0x20017564      0x18c D:/Internship 2018/OBC Projects/SecondProject/satellite-subsystems/demo/..//satellite-subsystems/lib\libSatelliteSubsystemsD.a(IsisEPS.o)
                0x20017564                IsisEPS_getEngHKDataMB
 .text.IsisEPS_getRAEngHKDataMB
                0x200176f0      0x18c D:/Internship 2018/OBC Projects/SecondProject/satellite-subsystems/demo/..//satellite-subsystems/lib\libSatelliteSubsystemsD.a(IsisEPS.o)
                0x200176f0                IsisEPS_getRAEngHKDataMB
 .text.IsisEPS_getRawHKDataCDB
                0x2001787c      0x160 D:/Internship 2018/OBC Projects/SecondProject/satellite-subsystems/demo/..//satellite-subsystems/lib\libSatelliteSubsystemsD.a(IsisEPS.o)
                0x2001787c                IsisEPS_getRawHKDataCDB
 .text.IsisEPS_getEngHKDataCDB
                0x200179dc      0x160 D:/Internship 2018/OBC Projects/SecondProject/satellite-subsystems/demo/..//satellite-subsystems/lib\libSatelliteSubsystemsD.a(IsisEPS.o)
                0x200179dc                IsisEPS_getEngHKDataCDB
 .text.IsisEPS_getRAEngHKDataCDB
                0x20017b3c      0x160 D:/Internship 2018/OBC Projects/SecondProject/satellite-subsystems/demo/..//satellite-subsystems/lib\libSatelliteSubsystemsD.a(IsisEPS.o)
                0x20017b3c                IsisEPS_getRAEngHKDataCDB
 .text.IsisEPS_getLOState3V3
                0x20017c9c      0x150 D:/Internship 2018/OBC Projects/SecondProject/satellite-subsystems/demo/..//satellite-subsystems/lib\libSatelliteSubsystemsD.a(IsisEPS.o)
                0x20017c9c                IsisEPS_getLOState3V3
 .text.IsisEPS_getLOState5V
                0x20017dec      0x12c D:/Internship 2018/OBC Projects/SecondProject/satellite-subsystems/demo/..//satellite-subsystems/lib\libSatelliteSubsystemsD.a(IsisEPS.o)
                0x20017dec                IsisEPS_getLOState5V
 .text.IsisEPS_getLOStateBV
                0x20017f18      0x12c D:/Internship 2018/OBC Projects/SecondProject/satellite-subsystems/demo/..//satellite-subsystems/lib\libSatelliteSubsystemsD.a(IsisEPS.o)
                0x20017f18                IsisEPS_getLOStateBV
 .text.IsisEPS_getLOStateHV
                0x20018044      0x12c D:/Internship 2018/OBC Projects/SecondProject/satellite-subsystems/demo/..//satellite-subsystems/lib\libSatelliteSubsystemsD.a(IsisEPS.o)
                0x20018044                IsisEPS_getLOStateHV
 .text.IsisEPS_getParSize
                0x20018170      0x124 D:/Internship 2018/OBC Projects/SecondProject/satellite-subsystems/demo/..//satellite-subsystems/lib\libSatelliteSubsystemsD.a(IsisEPS.o)
                0x20018170                IsisEPS_getParSize
 .text.IsisEPS_getParameter
                0x20018294      0x238 D:/Internship 2018/OBC Projects/SecondProject/satellite-subsystems/demo/..//satellite-subsystems/lib\libSatelliteSubsystemsD.a(IsisEPS.o)
                0x20018294                IsisEPS_getParameter
 .text.IsisEPS_setParameter
                0x200184cc      0x264 D:/Internship 2018/OBC Projects/SecondProject/satellite-subsystems/demo/..//satellite-subsystems/lib\libSatelliteSubsystemsD.a(IsisEPS.o)
                0x200184cc                IsisEPS_setParameter
 .text.IsisEPS_resetParameter
                0x20018730      0x238 D:/Internship 2018/OBC Projects/SecondProject/satellite-subsystems/demo/..//satellite-subsystems/lib\libSatelliteSubsystemsD.a(IsisEPS.o)
                0x20018730                IsisEPS_resetParameter
 .text.IsisEPS_resetConfig
                0x20018968       0xf4 D:/Internship 2018/OBC Projects/SecondProject/satellite-subsystems/demo/..//satellite-subsystems/lib\libSatelliteSubsystemsD.a(IsisEPS.o)
                0x20018968                IsisEPS_resetConfig
 .text.IsisEPS_loadConfig
                0x20018a5c       0xf4 D:/Internship 2018/OBC Projects/SecondProject/satellite-subsystems/demo/..//satellite-subsystems/lib\libSatelliteSubsystemsD.a(IsisEPS.o)
                0x20018a5c                IsisEPS_loadConfig
 .text.IsisEPS_saveConfig
                0x20018b50      0x118 D:/Internship 2018/OBC Projects/SecondProject/satellite-subsystems/demo/..//satellite-subsystems/lib\libSatelliteSubsystemsD.a(IsisEPS.o)
                0x20018b50                IsisEPS_saveConfig
 .text.isisMTQv1_initialize
                0x20018c68      0x18c D:/Internship 2018/OBC Projects/SecondProject/satellite-subsystems/demo/..//satellite-subsystems/lib\libSatelliteSubsystemsD.a(IsisMTQv1.o)
                0x20018c68                isisMTQv1_initialize
 .text.make_isisMTQtransfer
                0x20018df4       0x3c D:/Internship 2018/OBC Projects/SecondProject/satellite-subsystems/demo/..//satellite-subsystems/lib\libSatelliteSubsystemsD.a(IsisMTQv1.o)
 .text.IsisMTQv1GetTemperature
                0x20018e30       0xac D:/Internship 2018/OBC Projects/SecondProject/satellite-subsystems/demo/..//satellite-subsystems/lib\libSatelliteSubsystemsD.a(IsisMTQv1.o)
                0x20018e30                IsisMTQv1GetTemperature
 .text.IsisMTQv2_initialize
                0x20018edc      0x18c D:/Internship 2018/OBC Projects/SecondProject/satellite-subsystems/demo/..//satellite-subsystems/lib\libSatelliteSubsystemsD.a(IsisMTQv2.o)
                0x20018edc                IsisMTQv2_initialize
 .text._make_isisMTQtransfer
                0x20019068       0x3c D:/Internship 2018/OBC Projects/SecondProject/satellite-subsystems/demo/..//satellite-subsystems/lib\libSatelliteSubsystemsD.a(IsisMTQv2.o)
 .text.IsisMTQv2_softReset
                0x200190a4       0xc8 D:/Internship 2018/OBC Projects/SecondProject/satellite-subsystems/demo/..//satellite-subsystems/lib\libSatelliteSubsystemsD.a(IsisMTQv2.o)
                0x200190a4                IsisMTQv2_softReset
 .text.IsisMTQv2_noOperation
                0x2001916c       0xac D:/Internship 2018/OBC Projects/SecondProject/satellite-subsystems/demo/..//satellite-subsystems/lib\libSatelliteSubsystemsD.a(IsisMTQv2.o)
                0x2001916c                IsisMTQv2_noOperation
 .text.IsisMTQv2_cancelOperation
                0x20019218       0xac D:/Internship 2018/OBC Projects/SecondProject/satellite-subsystems/demo/..//satellite-subsystems/lib\libSatelliteSubsystemsD.a(IsisMTQv2.o)
                0x20019218                IsisMTQv2_cancelOperation
 .text.IsisMTQv2_startMTMMeasurement
                0x200192c4       0xac D:/Internship 2018/OBC Projects/SecondProject/satellite-subsystems/demo/..//satellite-subsystems/lib\libSatelliteSubsystemsD.a(IsisMTQv2.o)
                0x200192c4                IsisMTQv2_startMTMMeasurement
 .text.IsisMTQv2_startMTQActuationCurrent
                0x20019370       0xdc D:/Internship 2018/OBC Projects/SecondProject/satellite-subsystems/demo/..//satellite-subsystems/lib\libSatelliteSubsystemsD.a(IsisMTQv2.o)
                0x20019370                IsisMTQv2_startMTQActuationCurrent
 .text.IsisMTQv2_startMTQActuationDipole
                0x2001944c       0xdc D:/Internship 2018/OBC Projects/SecondProject/satellite-subsystems/demo/..//satellite-subsystems/lib\libSatelliteSubsystemsD.a(IsisMTQv2.o)
                0x2001944c                IsisMTQv2_startMTQActuationDipole
 .text.IsisMTQv2_startMTQActuationPWM
                0x20019528       0xdc D:/Internship 2018/OBC Projects/SecondProject/satellite-subsystems/demo/..//satellite-subsystems/lib\libSatelliteSubsystemsD.a(IsisMTQv2.o)
                0x20019528                IsisMTQv2_startMTQActuationPWM
 .text.IsisMTQv2_startSelfTest
                0x20019604       0xbc D:/Internship 2018/OBC Projects/SecondProject/satellite-subsystems/demo/..//satellite-subsystems/lib\libSatelliteSubsystemsD.a(IsisMTQv2.o)
                0x20019604                IsisMTQv2_startSelfTest
 .text.IsisMTQv2_startDetumble
                0x200196c0       0xd4 D:/Internship 2018/OBC Projects/SecondProject/satellite-subsystems/demo/..//satellite-subsystems/lib\libSatelliteSubsystemsD.a(IsisMTQv2.o)
                0x200196c0                IsisMTQv2_startDetumble
 .text.IsisMTQv2_getSystemState
                0x20019794      0x118 D:/Internship 2018/OBC Projects/SecondProject/satellite-subsystems/demo/..//satellite-subsystems/lib\libSatelliteSubsystemsD.a(IsisMTQv2.o)
                0x20019794                IsisMTQv2_getSystemState
 .text.IsisMTQv2_getRawMTMData
                0x200198ac      0x130 D:/Internship 2018/OBC Projects/SecondProject/satellite-subsystems/demo/..//satellite-subsystems/lib\libSatelliteSubsystemsD.a(IsisMTQv2.o)
                0x200198ac                IsisMTQv2_getRawMTMData
 .text.IsisMTQv2_getCalMTMData
                0x200199dc      0x130 D:/Internship 2018/OBC Projects/SecondProject/satellite-subsystems/demo/..//satellite-subsystems/lib\libSatelliteSubsystemsD.a(IsisMTQv2.o)
                0x200199dc                IsisMTQv2_getCalMTMData
 .text.IsisMTQv2_getCoilCurrent
                0x20019b0c      0x100 D:/Internship 2018/OBC Projects/SecondProject/satellite-subsystems/demo/..//satellite-subsystems/lib\libSatelliteSubsystemsD.a(IsisMTQv2.o)
                0x20019b0c                IsisMTQv2_getCoilCurrent
 .text.IsisMTQv2_getCoilTemperature
                0x20019c0c      0x100 D:/Internship 2018/OBC Projects/SecondProject/satellite-subsystems/demo/..//satellite-subsystems/lib\libSatelliteSubsystemsD.a(IsisMTQv2.o)
                0x20019c0c                IsisMTQv2_getCoilTemperature
 .text.IsisMTQv2_getCmdActuationDipole
                0x20019d0c      0x100 D:/Internship 2018/OBC Projects/SecondProject/satellite-subsystems/demo/..//satellite-subsystems/lib\libSatelliteSubsystemsD.a(IsisMTQv2.o)
                0x20019d0c                IsisMTQv2_getCmdActuationDipole
 .text.IsisMTQv2_getSelftestDataSingleAxis
                0x20019e0c      0x17c D:/Internship 2018/OBC Projects/SecondProject/satellite-subsystems/demo/..//satellite-subsystems/lib\libSatelliteSubsystemsD.a(IsisMTQv2.o)
                0x20019e0c                IsisMTQv2_getSelftestDataSingleAxis
 .text.IsisMTQv2_getSelftestDataAllAxis
                0x20019f88      0x2cc D:/Internship 2018/OBC Projects/SecondProject/satellite-subsystems/demo/..//satellite-subsystems/lib\libSatelliteSubsystemsD.a(IsisMTQv2.o)
                0x20019f88                IsisMTQv2_getSelftestDataAllAxis
 .text.IsisMTQv2_getDetumbleData
                0x2001a254      0x108 D:/Internship 2018/OBC Projects/SecondProject/satellite-subsystems/demo/..//satellite-subsystems/lib\libSatelliteSubsystemsD.a(IsisMTQv2.o)
                0x2001a254                IsisMTQv2_getDetumbleData
 .text.IsisMTQv2_getRawHKData
                0x2001a35c      0x13c D:/Internship 2018/OBC Projects/SecondProject/satellite-subsystems/demo/..//satellite-subsystems/lib\libSatelliteSubsystemsD.a(IsisMTQv2.o)
                0x2001a35c                IsisMTQv2_getRawHKData
 .text.IsisMTQv2_getEngHKData
                0x2001a498      0x13c D:/Internship 2018/OBC Projects/SecondProject/satellite-subsystems/demo/..//satellite-subsystems/lib\libSatelliteSubsystemsD.a(IsisMTQv2.o)
                0x2001a498                IsisMTQv2_getEngHKData
 .text.IsisMTQv2_getParSize
                0x2001a5d4      0x11c D:/Internship 2018/OBC Projects/SecondProject/satellite-subsystems/demo/..//satellite-subsystems/lib\libSatelliteSubsystemsD.a(IsisMTQv2.o)
                0x2001a5d4                IsisMTQv2_getParSize
 .text.IsisMTQv2_getParameter
                0x2001a6f0      0x238 D:/Internship 2018/OBC Projects/SecondProject/satellite-subsystems/demo/..//satellite-subsystems/lib\libSatelliteSubsystemsD.a(IsisMTQv2.o)
                0x2001a6f0                IsisMTQv2_getParameter
 .text.IsisMTQv2_setParameter
                0x2001a928      0x264 D:/Internship 2018/OBC Projects/SecondProject/satellite-subsystems/demo/..//satellite-subsystems/lib\libSatelliteSubsystemsD.a(IsisMTQv2.o)
                0x2001a928                IsisMTQv2_setParameter
 .text.IsisMTQv2_resetParameter
                0x2001ab8c      0x238 D:/Internship 2018/OBC Projects/SecondProject/satellite-subsystems/demo/..//satellite-subsystems/lib\libSatelliteSubsystemsD.a(IsisMTQv2.o)
                0x2001ab8c                IsisMTQv2_resetParameter
 .text.IsisSolarPanel_getTemperature
                0x2001adc4       0xbc D:/Internship 2018/OBC Projects/SecondProject/satellite-subsystems/demo/..//satellite-subsystems/lib\libSatelliteSubsystemsD.a(IsisSolarPanel.o)
                0x2001adc4                IsisSolarPanel_getTemperature
 .text.IsisSolarPanelv2_initialize
                0x2001ae80       0xb4 D:/Internship 2018/OBC Projects/SecondProject/satellite-subsystems/demo/..//satellite-subsystems/lib\libSatelliteSubsystemsD.a(IsisSolarPanelv2.o)
                0x2001ae80                IsisSolarPanelv2_initialize
 .text.IsisSolarPanelv2_getTemperature
                0x2001af34       0xc8 D:/Internship 2018/OBC Projects/SecondProject/satellite-subsystems/demo/..//satellite-subsystems/lib\libSatelliteSubsystemsD.a(IsisSolarPanelv2.o)
                0x2001af34                IsisSolarPanelv2_getTemperature
 .text.IsisSolarPanelv2_sleep
                0x2001affc       0xbc D:/Internship 2018/OBC Projects/SecondProject/satellite-subsystems/demo/..//satellite-subsystems/lib\libSatelliteSubsystemsD.a(IsisSolarPanelv2.o)
                0x2001affc                IsisSolarPanelv2_sleep
 .text.IsisSolarPanelv2_wakeup
                0x2001b0b8       0x80 D:/Internship 2018/OBC Projects/SecondProject/satellite-subsystems/demo/..//satellite-subsystems/lib\libSatelliteSubsystemsD.a(IsisSolarPanelv2.o)
                0x2001b0b8                IsisSolarPanelv2_wakeup
 .text._Reset   0x2001b138       0x20 D:/Internship 2018/OBC Projects/SecondProject/satellite-subsystems/demo/..//satellite-subsystems/lib\libSatelliteSubsystemsD.a(IsisSolarPanelv2.o)
 .text._WaitForStartup
                0x2001b158       0x90 D:/Internship 2018/OBC Projects/SecondProject/satellite-subsystems/demo/..//satellite-subsystems/lib\libSatelliteSubsystemsD.a(IsisSolarPanelv2.o)
 .text._AssignAllChannels
                0x2001b1e8       0x90 D:/Internship 2018/OBC Projects/SecondProject/satellite-subsystems/demo/..//satellite-subsystems/lib\libSatelliteSubsystemsD.a(IsisSolarPanelv2.o)
 .text._AssignThisChannel
                0x2001b278       0xe8 D:/Internship 2018/OBC Projects/SecondProject/satellite-subsystems/demo/..//satellite-subsystems/lib\libSatelliteSubsystemsD.a(IsisSolarPanelv2.o)
 .text._InitiateConversion
                0x2001b360       0xac D:/Internship 2018/OBC Projects/SecondProject/satellite-subsystems/demo/..//satellite-subsystems/lib\libSatelliteSubsystemsD.a(IsisSolarPanelv2.o)
 .text._WaitForConversionComplete
                0x2001b40c      0x100 D:/Internship 2018/OBC Projects/SecondProject/satellite-subsystems/demo/..//satellite-subsystems/lib\libSatelliteSubsystemsD.a(IsisSolarPanelv2.o)
 .text._ReadResult
                0x2001b50c      0x158 D:/Internship 2018/OBC Projects/SecondProject/satellite-subsystems/demo/..//satellite-subsystems/lib\libSatelliteSubsystemsD.a(IsisSolarPanelv2.o)
 .text._ExtractByte
                0x2001b664       0x38 D:/Internship 2018/OBC Projects/SecondProject/satellite-subsystems/demo/..//satellite-subsystems/lib\libSatelliteSubsystemsD.a(IsisSolarPanelv2.o)
 .text._ExtendSign
                0x2001b69c       0x6c D:/Internship 2018/OBC Projects/SecondProject/satellite-subsystems/demo/..//satellite-subsystems/lib\libSatelliteSubsystemsD.a(IsisSolarPanelv2.o)
 .text._PinsInit
                0x2001b708       0x50 D:/Internship 2018/OBC Projects/SecondProject/satellite-subsystems/demo/..//satellite-subsystems/lib\libSatelliteSubsystemsD.a(IsisSolarPanelv2.o)
 .text._SpiWriteRead
                0x2001b758       0x70 D:/Internship 2018/OBC Projects/SecondProject/satellite-subsystems/demo/..//satellite-subsystems/lib\libSatelliteSubsystemsD.a(IsisSolarPanelv2.o)
 .text.IsisTrxuv_initialize
                0x2001b7c8      0x32c D:/Internship 2018/OBC Projects/SecondProject/satellite-subsystems/demo/..//satellite-subsystems/lib\libSatelliteSubsystemsD.a(IsisTRXUV.o)
                0x2001b7c8                IsisTrxuv_initialize
 .text.makeTRXUVtransfer
                0x2001baf4       0x44 D:/Internship 2018/OBC Projects/SecondProject/satellite-subsystems/demo/..//satellite-subsystems/lib\libSatelliteSubsystemsD.a(IsisTRXUV.o)
 .text.IsisTrxuv_componentReset
                0x2001bb38       0x6c D:/Internship 2018/OBC Projects/SecondProject/satellite-subsystems/demo/..//satellite-subsystems/lib\libSatelliteSubsystemsD.a(IsisTRXUV.o)
                0x2001bb38                IsisTrxuv_componentReset
 .text.IsisTrxuv_reset
                0x2001bba4       0x74 D:/Internship 2018/OBC Projects/SecondProject/satellite-subsystems/demo/..//satellite-subsystems/lib\libSatelliteSubsystemsD.a(IsisTRXUV.o)
                0x2001bba4                IsisTrxuv_reset
 .text.IsisTrxuv_itcSendAX25DefClSign
                0x2001bc18       0xec D:/Internship 2018/OBC Projects/SecondProject/satellite-subsystems/demo/..//satellite-subsystems/lib\libSatelliteSubsystemsD.a(IsisTRXUV.o)
                0x2001bc18                IsisTrxuv_itcSendAX25DefClSign
 .text.IsisTrxuv_itcSendCwMessage
                0x2001bd04      0x190 D:/Internship 2018/OBC Projects/SecondProject/satellite-subsystems/demo/..//satellite-subsystems/lib\libSatelliteSubsystemsD.a(IsisTRXUV.o)
                0x2001bd04                IsisTrxuv_itcSendCwMessage
 .text.IsisTrxuv_itcSetIdlestate
                0x2001be94       0xa4 D:/Internship 2018/OBC Projects/SecondProject/satellite-subsystems/demo/..//satellite-subsystems/lib\libSatelliteSubsystemsD.a(IsisTRXUV.o)
                0x2001be94                IsisTrxuv_itcSetIdlestate
 .text.IsisTrxuv_itcSetAx25Bitrate
                0x2001bf38       0xa4 D:/Internship 2018/OBC Projects/SecondProject/satellite-subsystems/demo/..//satellite-subsystems/lib\libSatelliteSubsystemsD.a(IsisTRXUV.o)
                0x2001bf38                IsisTrxuv_itcSetAx25Bitrate
 .text.IsisTrxuv_imcGetFrameCount
                0x2001bfdc       0xa0 D:/Internship 2018/OBC Projects/SecondProject/satellite-subsystems/demo/..//satellite-subsystems/lib\libSatelliteSubsystemsD.a(IsisTRXUV.o)
                0x2001bfdc                IsisTrxuv_imcGetFrameCount
 .text.IsisTrxuv_imcGetCommandFrame
                0x2001c07c      0x29c D:/Internship 2018/OBC Projects/SecondProject/satellite-subsystems/demo/..//satellite-subsystems/lib\libSatelliteSubsystemsD.a(IsisTRXUV.o)
                0x2001c07c                IsisTrxuv_imcGetCommandFrame
 .text.IsisTrxuv_imcGetTelemetryAll
                0x2001c318       0xf8 D:/Internship 2018/OBC Projects/SecondProject/satellite-subsystems/demo/..//satellite-subsystems/lib\libSatelliteSubsystemsD.a(IsisTRXUV.o)
                0x2001c318                IsisTrxuv_imcGetTelemetryAll
 .text.IsisTrxvu_initialize
                0x2001c410      0x2f4 D:/Internship 2018/OBC Projects/SecondProject/satellite-subsystems/demo/..//satellite-subsystems/lib\libSatelliteSubsystemsD.a(IsisTRXVU.o)
                0x2001c410                IsisTrxvu_initialize
 .text.makeTRXVUtransfer
                0x2001c704       0x44 D:/Internship 2018/OBC Projects/SecondProject/satellite-subsystems/demo/..//satellite-subsystems/lib\libSatelliteSubsystemsD.a(IsisTRXVU.o)
 .text.IsisTrxvu_componentSoftReset
                0x2001c748       0x6c D:/Internship 2018/OBC Projects/SecondProject/satellite-subsystems/demo/..//satellite-subsystems/lib\libSatelliteSubsystemsD.a(IsisTRXVU.o)
                0x2001c748                IsisTrxvu_componentSoftReset
 .text.IsisTrxvu_componentHardReset
                0x2001c7b4       0xc8 D:/Internship 2018/OBC Projects/SecondProject/satellite-subsystems/demo/..//satellite-subsystems/lib\libSatelliteSubsystemsD.a(IsisTRXVU.o)
                0x2001c7b4                IsisTrxvu_componentHardReset
 .text.IsisTrxvu_tcSendAX25DefClSign
                0x2001c87c       0xec D:/Internship 2018/OBC Projects/SecondProject/satellite-subsystems/demo/..//satellite-subsystems/lib\libSatelliteSubsystemsD.a(IsisTRXVU.o)
                0x2001c87c                IsisTrxvu_tcSendAX25DefClSign
 .text.IsisTrxvu_tcSetIdlestate
                0x2001c968       0xa4 D:/Internship 2018/OBC Projects/SecondProject/satellite-subsystems/demo/..//satellite-subsystems/lib\libSatelliteSubsystemsD.a(IsisTRXVU.o)
                0x2001c968                IsisTrxvu_tcSetIdlestate
 .text.IsisTrxvu_tcSetAx25Bitrate
                0x2001ca0c       0xc4 D:/Internship 2018/OBC Projects/SecondProject/satellite-subsystems/demo/..//satellite-subsystems/lib\libSatelliteSubsystemsD.a(IsisTRXVU.o)
                0x2001ca0c                IsisTrxvu_tcSetAx25Bitrate
 .text.IsisTrxvu_tcGetTelemetryAll
                0x2001cad0       0xd0 D:/Internship 2018/OBC Projects/SecondProject/satellite-subsystems/demo/..//satellite-subsystems/lib\libSatelliteSubsystemsD.a(IsisTRXVU.o)
                0x2001cad0                IsisTrxvu_tcGetTelemetryAll
 .text.IsisTrxvu_rcGetFrameCount
                0x2001cba0       0xa0 D:/Internship 2018/OBC Projects/SecondProject/satellite-subsystems/demo/..//satellite-subsystems/lib\libSatelliteSubsystemsD.a(IsisTRXVU.o)
                0x2001cba0                IsisTrxvu_rcGetFrameCount
 .text.IsisTrxvu_rcGetCommandFrame
                0x2001cc40      0x2a4 D:/Internship 2018/OBC Projects/SecondProject/satellite-subsystems/demo/..//satellite-subsystems/lib\libSatelliteSubsystemsD.a(IsisTRXVU.o)
                0x2001cc40                IsisTrxvu_rcGetCommandFrame
 .text.IsisTrxvu_rcGetTelemetryAll
                0x2001cee4       0xf8 D:/Internship 2018/OBC Projects/SecondProject/satellite-subsystems/demo/..//satellite-subsystems/lib\libSatelliteSubsystemsD.a(IsisTRXVU.o)
                0x2001cee4                IsisTrxvu_rcGetTelemetryAll
 .text.IsisTxsInitialize
                0x2001cfdc      0x15c D:/Internship 2018/OBC Projects/SecondProject/satellite-subsystems/demo/..//satellite-subsystems/lib\libSatelliteSubsystemsD.a(IsisTxS.o)
                0x2001cfdc                IsisTxsInitialize
 .text.makeTxStransfer
                0x2001d138       0x3c D:/Internship 2018/OBC Projects/SecondProject/satellite-subsystems/demo/..//satellite-subsystems/lib\libSatelliteSubsystemsD.a(IsisTxS.o)
 .text.IsisTxsSetModulatorAttenuator
                0x2001d174       0xd8 D:/Internship 2018/OBC Projects/SecondProject/satellite-subsystems/demo/..//satellite-subsystems/lib\libSatelliteSubsystemsD.a(IsisTxS.o)
                0x2001d174                IsisTxsSetModulatorAttenuator
 .text.IsisTxsSetAx25Bitrate
                0x2001d24c       0xe4 D:/Internship 2018/OBC Projects/SecondProject/satellite-subsystems/demo/..//satellite-subsystems/lib\libSatelliteSubsystemsD.a(IsisTxS.o)
                0x2001d24c                IsisTxsSetAx25Bitrate
 .text.IsisTxsSetState
                0x2001d330       0xd8 D:/Internship 2018/OBC Projects/SecondProject/satellite-subsystems/demo/..//satellite-subsystems/lib\libSatelliteSubsystemsD.a(IsisTxS.o)
                0x2001d330                IsisTxsSetState
 .text.IsisTxsReset
                0x2001d408       0xb4 D:/Internship 2018/OBC Projects/SecondProject/satellite-subsystems/demo/..//satellite-subsystems/lib\libSatelliteSubsystemsD.a(IsisTxS.o)
                0x2001d408                IsisTxsReset
 .text.IsisTxsSendAX25DefClSign
                0x2001d4bc      0x1a4 D:/Internship 2018/OBC Projects/SecondProject/satellite-subsystems/demo/..//satellite-subsystems/lib\libSatelliteSubsystemsD.a(IsisTxS.o)
                0x2001d4bc                IsisTxsSendAX25DefClSign
 .text.IsisTxsGetHousekeepingData
                0x2001d660       0xcc D:/Internship 2018/OBC Projects/SecondProject/satellite-subsystems/demo/..//satellite-subsystems/lib\libSatelliteSubsystemsD.a(IsisTxS.o)
                0x2001d660                IsisTxsGetHousekeepingData
 .text.makeTRXCommonTransfer
                0x2001d72c       0x34 D:/Internship 2018/OBC Projects/SecondProject/satellite-subsystems/demo/..//satellite-subsystems/lib\libSatelliteSubsystemsD.a(IsisTRXCommon.o)
 .text.IsisTrxCommon_componentReset
                0x2001d760       0x68 D:/Internship 2018/OBC Projects/SecondProject/satellite-subsystems/demo/..//satellite-subsystems/lib\libSatelliteSubsystemsD.a(IsisTRXCommon.o)
                0x2001d760                IsisTrxCommon_componentReset
 .text.IsisTrxCommon_TxSendAX25DefClSign
                0x2001d7c8       0xf4 D:/Internship 2018/OBC Projects/SecondProject/satellite-subsystems/demo/..//satellite-subsystems/lib\libSatelliteSubsystemsD.a(IsisTRXCommon.o)
                0x2001d7c8                IsisTrxCommon_TxSendAX25DefClSign
 .text.IsisTrxCommon_TxSetIdlestate
                0x2001d8bc       0x78 D:/Internship 2018/OBC Projects/SecondProject/satellite-subsystems/demo/..//satellite-subsystems/lib\libSatelliteSubsystemsD.a(IsisTRXCommon.o)
                0x2001d8bc                IsisTrxCommon_TxSetIdlestate
 .text.IsisTrxCommon_TxSetAx25Bitrate
                0x2001d934       0x78 D:/Internship 2018/OBC Projects/SecondProject/satellite-subsystems/demo/..//satellite-subsystems/lib\libSatelliteSubsystemsD.a(IsisTRXCommon.o)
                0x2001d934                IsisTrxCommon_TxSetAx25Bitrate
 .text.IsisTrxCommon_RxGetFrameCount
                0x2001d9ac       0x8c D:/Internship 2018/OBC Projects/SecondProject/satellite-subsystems/demo/..//satellite-subsystems/lib\libSatelliteSubsystemsD.a(IsisTRXCommon.o)
                0x2001d9ac                IsisTrxCommon_RxGetFrameCount
 .text.IsisTrxCommon_RxGetTelemetryAll
                0x2001da38       0x8c D:/Internship 2018/OBC Projects/SecondProject/satellite-subsystems/demo/..//satellite-subsystems/lib\libSatelliteSubsystemsD.a(IsisTRXCommon.o)
                0x2001da38                IsisTrxCommon_RxGetTelemetryAll
 *fill*         0x2001dac4        0x4 00
 .text.exp      0x2001dac8      0x190 c:/isis/application/toolchain/bin/../lib/gcc/arm-none-eabi/4.7.4/../../../../arm-none-eabi/lib\libm.a(lib_a-w_exp.o)
                0x2001dac8                exp
 .text.__ieee754_exp
                0x2001dc58      0x448 c:/isis/application/toolchain/bin/../lib/gcc/arm-none-eabi/4.7.4/../../../../arm-none-eabi/lib\libm.a(lib_a-e_exp.o)
                0x2001dc58                __ieee754_exp
 .text.finite   0x2001e0a0       0x10 c:/isis/application/toolchain/bin/../lib/gcc/arm-none-eabi/4.7.4/../../../../arm-none-eabi/lib\libm.a(lib_a-s_finite.o)
                0x2001e0a0                finite
 .text.matherr  0x2001e0b0        0x8 c:/isis/application/toolchain/bin/../lib/gcc/arm-none-eabi/4.7.4/../../../../arm-none-eabi/lib\libm.a(lib_a-s_matherr.o)
                0x2001e0b0                matherr
 .text.validateTransferParameters
                0x2001e0b8      0x10c D:/Internship 2018/OBC Projects/SecondProject/satellite-subsystems/demo/../..//hal/hal/lib\libHALD.a(I2C.o)
 .text.I2C_queueTransfer
                0x2001e1c4       0xe8 D:/Internship 2018/OBC Projects/SecondProject/satellite-subsystems/demo/../..//hal/hal/lib\libHALD.a(I2C.o)
                0x2001e1c4                I2C_queueTransfer
 .text.I2C_internalCallback
                0x2001e2ac       0x64 D:/Internship 2018/OBC Projects/SecondProject/satellite-subsystems/demo/../..//hal/hal/lib\libHALD.a(I2C.o)
 .text.I2C_doBlockingTransfer
                0x2001e310      0x160 D:/Internship 2018/OBC Projects/SecondProject/satellite-subsystems/demo/../..//hal/hal/lib\libHALD.a(I2C.o)
 .text.I2C_writeRead
                0x2001e470      0x180 D:/Internship 2018/OBC Projects/SecondProject/satellite-subsystems/demo/../..//hal/hal/lib\libHALD.a(I2C.o)
                0x2001e470                I2C_writeRead
 .text.I2C_start
                0x2001e5f0      0x2e8 D:/Internship 2018/OBC Projects/SecondProject/satellite-subsystems/demo/../..//hal/hal/lib\libHALD.a(I2C.o)
                0x2001e5f0                I2C_start
 .text.I2C_stop
                0x2001e8d8      0x184 D:/Internship 2018/OBC Projects/SecondProject/satellite-subsystems/demo/../..//hal/hal/lib\libHALD.a(I2C.o)
                0x2001e8d8                I2C_stop
 .text.I2C_setTransferTimeout
                0x2001ea5c       0x48 D:/Internship 2018/OBC Projects/SecondProject/satellite-subsystems/demo/../..//hal/hal/lib\libHALD.a(I2C.o)
                0x2001ea5c                I2C_setTransferTimeout
 .text.uSdelay  0x2001eaa4       0x88 D:/Internship 2018/OBC Projects/SecondProject/satellite-subsystems/demo/../..//hal/hal/lib\libHALD.a(LED.o)
 .text.LED_start
                0x2001eb2c       0x1c D:/Internship 2018/OBC Projects/SecondProject/satellite-subsystems/demo/../..//hal/hal/lib\libHALD.a(LED.o)
                0x2001eb2c                LED_start
 .text.LED_glow
                0x2001eb48       0x58 D:/Internship 2018/OBC Projects/SecondProject/satellite-subsystems/demo/../..//hal/hal/lib\libHALD.a(LED.o)
                0x2001eb48                LED_glow
 .text.LED_dark
                0x2001eba0       0x58 D:/Internship 2018/OBC Projects/SecondProject/satellite-subsystems/demo/../..//hal/hal/lib\libHALD.a(LED.o)
                0x2001eba0                LED_dark
 .text.LED_toggle
                0x2001ebf8       0x50 D:/Internship 2018/OBC Projects/SecondProject/satellite-subsystems/demo/../..//hal/hal/lib\libHALD.a(LED.o)
                0x2001ebf8                LED_toggle
 .text.LED_wave
                0x2001ec48       0xd0 D:/Internship 2018/OBC Projects/SecondProject/satellite-subsystems/demo/../..//hal/hal/lib\libHALD.a(LED.o)
                0x2001ec48                LED_wave
 .text.LED_waveReverse
                0x2001ed18       0xd0 D:/Internship 2018/OBC Projects/SecondProject/satellite-subsystems/demo/../..//hal/hal/lib\libHALD.a(LED.o)
                0x2001ed18                LED_waveReverse
 .text.clearPDCtransfers
                0x2001ede8       0xdc D:/Internship 2018/OBC Projects/SecondProject/satellite-subsystems/demo/../..//hal/hal/lib\libHALD.a(SPI.o)
 .text.SPI_start
                0x2001eec4      0x4c0 D:/Internship 2018/OBC Projects/SecondProject/satellite-subsystems/demo/../..//hal/hal/lib\libHALD.a(SPI.o)
                0x2001eec4                SPI_start
 .text.SPI_stop
                0x2001f384      0x22c D:/Internship 2018/OBC Projects/SecondProject/satellite-subsystems/demo/../..//hal/hal/lib\libHALD.a(SPI.o)
                0x2001f384                SPI_stop
 .text.SPI_queueTransfer
                0x2001f5b0      0x190 D:/Internship 2018/OBC Projects/SecondProject/satellite-subsystems/demo/../..//hal/hal/lib\libHALD.a(SPI.o)
                0x2001f5b0                SPI_queueTransfer
 .text.SPI_internalCallback
                0x2001f740       0x64 D:/Internship 2018/OBC Projects/SecondProject/satellite-subsystems/demo/../..//hal/hal/lib\libHALD.a(SPI.o)
 .text.SPI_writeRead
                0x2001f7a4      0x188 D:/Internship 2018/OBC Projects/SecondProject/satellite-subsystems/demo/../..//hal/hal/lib\libHALD.a(SPI.o)
                0x2001f7a4                SPI_writeRead
 .text.waitForTransfer
                0x2001f92c       0x68 D:/Internship 2018/OBC Projects/SecondProject/satellite-subsystems/demo/../..//hal/hal/lib\libHALD.a(SPI.o)
 .text.WDT_start
                0x2001f994       0x48 D:/Internship 2018/OBC Projects/SecondProject/satellite-subsystems/demo/../..//hal/hal/lib\libHALD.a(WatchDogTimerNoOS.o)
                0x2001f994                WDT_start
 .text.WDT_startWatchdogKickTask
                0x2001f9dc       0xb4 D:/Internship 2018/OBC Projects/SecondProject/satellite-subsystems/demo/../..//hal/hal/lib\libHALD.a(WatchDogTimerOS.o)
                0x2001f9dc                WDT_startWatchdogKickTask
 .text.WDT_forceKickEveryNms
                0x2001fa90       0x50 D:/Internship 2018/OBC Projects/SecondProject/satellite-subsystems/demo/../..//hal/hal/lib\libHALD.a(WatchDogTimerOS.o)
                0x2001fa90                WDT_forceKickEveryNms
 .text.UTIL_DbguGetInteger
                0x2001fae0      0x124 D:/Internship 2018/OBC Projects/SecondProject/satellite-subsystems/demo/../..//hal/hal/lib\libHALD.a(util.o)
                0x2001fae0                UTIL_DbguGetInteger
 .text.UTIL_DbguGetIntegerMinMax
                0x2001fc04       0xa4 D:/Internship 2018/OBC Projects/SecondProject/satellite-subsystems/demo/../..//hal/hal/lib\libHALD.a(util.o)
                0x2001fc04                UTIL_DbguGetIntegerMinMax
 .text.xQueueGenericReset
                0x2001fca8      0x150 D:/Internship 2018/OBC Projects/SecondProject/satellite-subsystems/demo/../..//hal/freertos/lib\libFreeRTOSD.a(queue.o)
                0x2001fca8                xQueueGenericReset
 .text.xQueueGenericCreate
                0x2001fdf8       0xfc D:/Internship 2018/OBC Projects/SecondProject/satellite-subsystems/demo/../..//hal/freertos/lib\libFreeRTOSD.a(queue.o)
                0x2001fdf8                xQueueGenericCreate
 .text.xQueueCreateMutex
                0x2001fef4      0x110 D:/Internship 2018/OBC Projects/SecondProject/satellite-subsystems/demo/../..//hal/freertos/lib\libFreeRTOSD.a(queue.o)
                0x2001fef4                xQueueCreateMutex
 .text.xQueueGenericSend
                0x20020004      0x268 D:/Internship 2018/OBC Projects/SecondProject/satellite-subsystems/demo/../..//hal/freertos/lib\libFreeRTOSD.a(queue.o)
                0x20020004                xQueueGenericSend
 .text.xQueueGenericSendFromISR
                0x2002026c      0x19c D:/Internship 2018/OBC Projects/SecondProject/satellite-subsystems/demo/../..//hal/freertos/lib\libFreeRTOSD.a(queue.o)
                0x2002026c                xQueueGenericSendFromISR
 .text.xQueueGenericReceive
                0x20020408      0x2cc D:/Internship 2018/OBC Projects/SecondProject/satellite-subsystems/demo/../..//hal/freertos/lib\libFreeRTOSD.a(queue.o)
                0x20020408                xQueueGenericReceive
 .text.uxQueueMessagesWaiting
                0x200206d4       0x6c D:/Internship 2018/OBC Projects/SecondProject/satellite-subsystems/demo/../..//hal/freertos/lib\libFreeRTOSD.a(queue.o)
                0x200206d4                uxQueueMessagesWaiting
 .text.vQueueDelete
                0x20020740       0x78 D:/Internship 2018/OBC Projects/SecondProject/satellite-subsystems/demo/../..//hal/freertos/lib\libFreeRTOSD.a(queue.o)
                0x20020740                vQueueDelete
 .text.prvCopyDataToQueue
                0x200207b8      0x190 D:/Internship 2018/OBC Projects/SecondProject/satellite-subsystems/demo/../..//hal/freertos/lib\libFreeRTOSD.a(queue.o)
 .text.prvCopyDataFromQueue
                0x20020948       0x90 D:/Internship 2018/OBC Projects/SecondProject/satellite-subsystems/demo/../..//hal/freertos/lib\libFreeRTOSD.a(queue.o)
 .text.prvUnlockQueue
                0x200209d8      0x100 D:/Internship 2018/OBC Projects/SecondProject/satellite-subsystems/demo/../..//hal/freertos/lib\libFreeRTOSD.a(queue.o)
 .text.prvIsQueueEmpty
                0x20020ad8       0x4c D:/Internship 2018/OBC Projects/SecondProject/satellite-subsystems/demo/../..//hal/freertos/lib\libFreeRTOSD.a(queue.o)
 .text.prvIsQueueFull
                0x20020b24       0x54 D:/Internship 2018/OBC Projects/SecondProject/satellite-subsystems/demo/../..//hal/freertos/lib\libFreeRTOSD.a(queue.o)
 .text.vQueueUnregisterQueue
                0x20020b78       0x80 D:/Internship 2018/OBC Projects/SecondProject/satellite-subsystems/demo/../..//hal/freertos/lib\libFreeRTOSD.a(queue.o)
                0x20020b78                vQueueUnregisterQueue
 .text.xTaskGenericCreate
                0x20020bf8      0x2ac D:/Internship 2018/OBC Projects/SecondProject/satellite-subsystems/demo/../..//hal/freertos/lib\libFreeRTOSD.a(tasks.o)
                0x20020bf8                xTaskGenericCreate
 .text.vTaskDelete
                0x20020ea4       0xe8 D:/Internship 2018/OBC Projects/SecondProject/satellite-subsystems/demo/../..//hal/freertos/lib\libFreeRTOSD.a(tasks.o)
                0x20020ea4                vTaskDelete
 .text.vTaskDelay
                0x20020f8c       0x80 D:/Internship 2018/OBC Projects/SecondProject/satellite-subsystems/demo/../..//hal/freertos/lib\libFreeRTOSD.a(tasks.o)
                0x20020f8c                vTaskDelay
 .text.vTaskStartScheduler
                0x2002100c       0xd4 D:/Internship 2018/OBC Projects/SecondProject/satellite-subsystems/demo/../..//hal/freertos/lib\libFreeRTOSD.a(tasks.o)
                0x2002100c                vTaskStartScheduler
 .text.vTaskSuspendAll
                0x200210e0       0x2c D:/Internship 2018/OBC Projects/SecondProject/satellite-subsystems/demo/../..//hal/freertos/lib\libFreeRTOSD.a(tasks.o)
                0x200210e0                vTaskSuspendAll
 .text.xTaskResumeAll
                0x2002110c      0x1f4 D:/Internship 2018/OBC Projects/SecondProject/satellite-subsystems/demo/../..//hal/freertos/lib\libFreeRTOSD.a(tasks.o)
                0x2002110c                xTaskResumeAll
 .text.xTaskGetTickCount
                0x20021300       0x34 D:/Internship 2018/OBC Projects/SecondProject/satellite-subsystems/demo/../..//hal/freertos/lib\libFreeRTOSD.a(tasks.o)
                0x20021300                xTaskGetTickCount
 .text.xTaskIncrementTick
                0x20021334      0x298 D:/Internship 2018/OBC Projects/SecondProject/satellite-subsystems/demo/../..//hal/freertos/lib\libFreeRTOSD.a(tasks.o)
                0x20021334                xTaskIncrementTick
 .text.vTaskSwitchContext
                0x200215cc      0x18c D:/Internship 2018/OBC Projects/SecondProject/satellite-subsystems/demo/../..//hal/freertos/lib\libFreeRTOSD.a(tasks.o)
                0x200215cc                vTaskSwitchContext
 .text.vTaskPlaceOnEventList
                0x20021758       0xcc D:/Internship 2018/OBC Projects/SecondProject/satellite-subsystems/demo/../..//hal/freertos/lib\libFreeRTOSD.a(tasks.o)
                0x20021758                vTaskPlaceOnEventList
 .text.xTaskRemoveFromEventList
                0x20021824      0x160 D:/Internship 2018/OBC Projects/SecondProject/satellite-subsystems/demo/../..//hal/freertos/lib\libFreeRTOSD.a(tasks.o)
                0x20021824                xTaskRemoveFromEventList
 .text.vTaskSetTimeOutState
                0x20021984       0x78 D:/Internship 2018/OBC Projects/SecondProject/satellite-subsystems/demo/../..//hal/freertos/lib\libFreeRTOSD.a(tasks.o)
                0x20021984                vTaskSetTimeOutState
 .text.xTaskCheckForTimeOut
                0x200219fc      0x158 D:/Internship 2018/OBC Projects/SecondProject/satellite-subsystems/demo/../..//hal/freertos/lib\libFreeRTOSD.a(tasks.o)
                0x200219fc                xTaskCheckForTimeOut
 .text.vTaskMissedYield
                0x20021b54       0x24 D:/Internship 2018/OBC Projects/SecondProject/satellite-subsystems/demo/../..//hal/freertos/lib\libFreeRTOSD.a(tasks.o)
                0x20021b54                vTaskMissedYield
 .text.prvIdleTask
                0x20021b78       0x20 D:/Internship 2018/OBC Projects/SecondProject/satellite-subsystems/demo/../..//hal/freertos/lib\libFreeRTOSD.a(tasks.o)
 .text.prvInitialiseTCBVariables
                0x20021b98      0x110 D:/Internship 2018/OBC Projects/SecondProject/satellite-subsystems/demo/../..//hal/freertos/lib\libFreeRTOSD.a(tasks.o)
 .text.prvInitialiseTaskLists
                0x20021ca8       0xbc D:/Internship 2018/OBC Projects/SecondProject/satellite-subsystems/demo/../..//hal/freertos/lib\libFreeRTOSD.a(tasks.o)
 .text.prvCheckTasksWaitingTermination
                0x20021d64       0xbc D:/Internship 2018/OBC Projects/SecondProject/satellite-subsystems/demo/../..//hal/freertos/lib\libFreeRTOSD.a(tasks.o)
 .text.prvAddCurrentTaskToDelayedList
                0x20021e20       0xb4 D:/Internship 2018/OBC Projects/SecondProject/satellite-subsystems/demo/../..//hal/freertos/lib\libFreeRTOSD.a(tasks.o)
 .text.prvAllocateTCBAndStack
                0x20021ed4       0xb4 D:/Internship 2018/OBC Projects/SecondProject/satellite-subsystems/demo/../..//hal/freertos/lib\libFreeRTOSD.a(tasks.o)
 .text.prvDeleteTCB
                0x20021f88       0x30 D:/Internship 2018/OBC Projects/SecondProject/satellite-subsystems/demo/../..//hal/freertos/lib\libFreeRTOSD.a(tasks.o)
 .text.xTaskGetCurrentTaskHandle
                0x20021fb8       0x30 D:/Internship 2018/OBC Projects/SecondProject/satellite-subsystems/demo/../..//hal/freertos/lib\libFreeRTOSD.a(tasks.o)
                0x20021fb8                xTaskGetCurrentTaskHandle
 .text.xTaskGetSchedulerState
                0x20021fe8       0x68 D:/Internship 2018/OBC Projects/SecondProject/satellite-subsystems/demo/../..//hal/freertos/lib\libFreeRTOSD.a(tasks.o)
                0x20021fe8                xTaskGetSchedulerState
 .text.vTaskPriorityInherit
                0x20022050      0x148 D:/Internship 2018/OBC Projects/SecondProject/satellite-subsystems/demo/../..//hal/freertos/lib\libFreeRTOSD.a(tasks.o)
                0x20022050                vTaskPriorityInherit
 .text.vTaskPriorityDisinherit
                0x20022198       0xdc D:/Internship 2018/OBC Projects/SecondProject/satellite-subsystems/demo/../..//hal/freertos/lib\libFreeRTOSD.a(tasks.o)
                0x20022198                vTaskPriorityDisinherit
 .text.vApplicationStackOverflowHook
                0x20022274       0x4c D:/Internship 2018/OBC Projects/SecondProject/satellite-subsystems/demo/../..//hal/freertos/lib\libFreeRTOSD.a(hooks.o)
                0x20022274                vApplicationStackOverflowHook
 .text.vApplicationIdleHook
                0x200222c0       0x18 D:/Internship 2018/OBC Projects/SecondProject/satellite-subsystems/demo/../..//hal/freertos/lib\libFreeRTOSD.a(hooks.o)
                0x200222c0                vApplicationIdleHook
 .text.pvPortMalloc
                0x200222d8       0x28 D:/Internship 2018/OBC Projects/SecondProject/satellite-subsystems/demo/../..//hal/freertos/lib\libFreeRTOSD.a(standardMemMang.o)
                0x200222d8                pvPortMalloc
 .text.vPortFree
                0x20022300       0x20 D:/Internship 2018/OBC Projects/SecondProject/satellite-subsystems/demo/../..//hal/freertos/lib\libFreeRTOSD.a(standardMemMang.o)
                0x20022300                vPortFree
 .text.pxPortInitialiseStack
                0x20022320      0x218 D:/Internship 2018/OBC Projects/SecondProject/satellite-subsystems/demo/../..//hal/freertos/lib\libFreeRTOSD.a(port.o)
                0x20022320                pxPortInitialiseStack
 .text.xPortStartScheduler
                0x20022538       0x1c D:/Internship 2018/OBC Projects/SecondProject/satellite-subsystems/demo/../..//hal/freertos/lib\libFreeRTOSD.a(port.o)
                0x20022538                xPortStartScheduler
 .text.prvSetupTimerInterrupt
                0x20022554       0x54 D:/Internship 2018/OBC Projects/SecondProject/satellite-subsystems/demo/../..//hal/freertos/lib\libFreeRTOSD.a(port.o)
 .text.vPortISRStartFirstTask
                0x200225a8       0x64 D:/Internship 2018/OBC Projects/SecondProject/satellite-subsystems/demo/../..//hal/freertos/lib\libFreeRTOSD.a(port.o)
 .text.vPortEnterCritical
                0x2002260c       0x40 D:/Internship 2018/OBC Projects/SecondProject/satellite-subsystems/demo/../..//hal/freertos/lib\libFreeRTOSD.a(port.o)
                0x2002260c                vPortEnterCritical
 .text.vPortExitCritical
                0x2002264c       0x60 D:/Internship 2018/OBC Projects/SecondProject/satellite-subsystems/demo/../..//hal/freertos/lib\libFreeRTOSD.a(port.o)
                0x2002264c                vPortExitCritical
 .text.vListInitialise
                0x200226ac       0x64 D:/Internship 2018/OBC Projects/SecondProject/satellite-subsystems/demo/../..//hal/freertos/lib\libFreeRTOSD.a(list.o)
                0x200226ac                vListInitialise
 .text.vListInitialiseItem
                0x20022710       0x28 D:/Internship 2018/OBC Projects/SecondProject/satellite-subsystems/demo/../..//hal/freertos/lib\libFreeRTOSD.a(list.o)
                0x20022710                vListInitialiseItem
 .text.vListInsertEnd
                0x20022738       0x84 D:/Internship 2018/OBC Projects/SecondProject/satellite-subsystems/demo/../..//hal/freertos/lib\libFreeRTOSD.a(list.o)
                0x20022738                vListInsertEnd
 .text.vListInsert
                0x200227bc       0xd4 D:/Internship 2018/OBC Projects/SecondProject/satellite-subsystems/demo/../..//hal/freertos/lib\libFreeRTOSD.a(list.o)
                0x200227bc                vListInsert
 .text.uxListRemove
                0x20022890       0xa0 D:/Internship 2018/OBC Projects/SecondProject/satellite-subsystems/demo/../..//hal/freertos/lib\libFreeRTOSD.a(list.o)
                0x20022890                uxListRemove
 .text._read    0x20022930       0xa4 D:/Internship 2018/OBC Projects/SecondProject/satellite-subsystems/demo/../..//hal/at91/lib\libAt91D.a(syscalls.o)
                0x20022930                _read
 .text._write   0x200229d4       0xb8 D:/Internship 2018/OBC Projects/SecondProject/satellite-subsystems/demo/../..//hal/at91/lib\libAt91D.a(syscalls.o)
                0x200229d4                _write
 .text._lseek   0x20022a8c       0x2c D:/Internship 2018/OBC Projects/SecondProject/satellite-subsystems/demo/../..//hal/at91/lib\libAt91D.a(syscalls.o)
                0x20022a8c                _lseek
 .text._close   0x20022ab8       0x24 D:/Internship 2018/OBC Projects/SecondProject/satellite-subsystems/demo/../..//hal/at91/lib\libAt91D.a(syscalls.o)
                0x20022ab8                _close
 .text._fstat   0x20022adc       0x28 D:/Internship 2018/OBC Projects/SecondProject/satellite-subsystems/demo/../..//hal/at91/lib\libAt91D.a(syscalls.o)
                0x20022adc                _fstat
 .text._isatty  0x20022b04       0x38 D:/Internship 2018/OBC Projects/SecondProject/satellite-subsystems/demo/../..//hal/at91/lib\libAt91D.a(syscalls.o)
                0x20022b04                _isatty
 .text._sbrk    0x20022b3c       0xac D:/Internship 2018/OBC Projects/SecondProject/satellite-subsystems/demo/../..//hal/at91/lib\libAt91D.a(syscalls.o)
                0x20022b3c                _sbrk
 .text.AIC_ConfigureIT
                0x20022be8       0x74 D:/Internship 2018/OBC Projects/SecondProject/satellite-subsystems/demo/../..//hal/at91/lib\libAt91D.a(aic.o)
                0x20022be8                AIC_ConfigureIT
 .text.AIC_EnableIT
                0x20022c5c       0x34 D:/Internship 2018/OBC Projects/SecondProject/satellite-subsystems/demo/../..//hal/at91/lib\libAt91D.a(aic.o)
                0x20022c5c                AIC_EnableIT
 .text.AIC_DisableIT
                0x20022c90       0x34 D:/Internship 2018/OBC Projects/SecondProject/satellite-subsystems/demo/../..//hal/at91/lib\libAt91D.a(aic.o)
                0x20022c90                AIC_DisableIT
 .text.CP15_Enable_I_Cache
                0x20022cc4       0x4c D:/Internship 2018/OBC Projects/SecondProject/satellite-subsystems/demo/../..//hal/at91/lib\libAt91D.a(cp15.o)
                0x20022cc4                CP15_Enable_I_Cache
 .text.CP15_Disable_I_Cache
                0x20022d10       0x5c D:/Internship 2018/OBC Projects/SecondProject/satellite-subsystems/demo/../..//hal/at91/lib\libAt91D.a(cp15.o)
                0x20022d10                CP15_Disable_I_Cache
 .text.CP15_DisableMMU
                0x20022d6c       0x68 D:/Internship 2018/OBC Projects/SecondProject/satellite-subsystems/demo/../..//hal/at91/lib\libAt91D.a(cp15.o)
                0x20022d6c                CP15_DisableMMU
 .text.CP15_Disable_D_Cache
                0x20022dd4       0x5c D:/Internship 2018/OBC Projects/SecondProject/satellite-subsystems/demo/../..//hal/at91/lib\libAt91D.a(cp15.o)
                0x20022dd4                CP15_Disable_D_Cache
 .text.DBGU_Configure
                0x20022e30       0x84 D:/Internship 2018/OBC Projects/SecondProject/satellite-subsystems/demo/../..//hal/at91/lib\libAt91D.a(dbgu.o)
                0x20022e30                DBGU_Configure
 .text.DBGU_PutChar
                0x20022eb4       0x60 D:/Internship 2018/OBC Projects/SecondProject/satellite-subsystems/demo/../..//hal/at91/lib\libAt91D.a(dbgu.o)
                0x20022eb4                DBGU_PutChar
 .text.DBGU_IsRxReady
                0x20022f14       0x28 D:/Internship 2018/OBC Projects/SecondProject/satellite-subsystems/demo/../..//hal/at91/lib\libAt91D.a(dbgu.o)
                0x20022f14                DBGU_IsRxReady
 .text.DBGU_GetChar
                0x20022f3c       0x40 D:/Internship 2018/OBC Projects/SecondProject/satellite-subsystems/demo/../..//hal/at91/lib\libAt91D.a(dbgu.o)
                0x20022f3c                DBGU_GetChar
 .text.PIO_SetPeripheralA
                0x20022f7c       0x74 D:/Internship 2018/OBC Projects/SecondProject/satellite-subsystems/demo/../..//hal/at91/lib\libAt91D.a(pio.o)
 .text.PIO_SetPeripheralB
                0x20022ff0       0x74 D:/Internship 2018/OBC Projects/SecondProject/satellite-subsystems/demo/../..//hal/at91/lib\libAt91D.a(pio.o)
 .text.PIO_SetInput
                0x20023064       0x9c D:/Internship 2018/OBC Projects/SecondProject/satellite-subsystems/demo/../..//hal/at91/lib\libAt91D.a(pio.o)
 .text.PIO_SetOutput
                0x20023100       0xc4 D:/Internship 2018/OBC Projects/SecondProject/satellite-subsystems/demo/../..//hal/at91/lib\libAt91D.a(pio.o)
 .text.PIO_Configure
                0x200231c4      0x1ec D:/Internship 2018/OBC Projects/SecondProject/satellite-subsystems/demo/../..//hal/at91/lib\libAt91D.a(pio.o)
                0x200231c4                PIO_Configure
 .text.PIO_Set  0x200233b0       0x3c D:/Internship 2018/OBC Projects/SecondProject/satellite-subsystems/demo/../..//hal/at91/lib\libAt91D.a(pio.o)
                0x200233b0                PIO_Set
 .text.PIO_Clear
                0x200233ec       0x3c D:/Internship 2018/OBC Projects/SecondProject/satellite-subsystems/demo/../..//hal/at91/lib\libAt91D.a(pio.o)
                0x200233ec                PIO_Clear
 .text.PIO_Get  0x20023428       0x9c D:/Internship 2018/OBC Projects/SecondProject/satellite-subsystems/demo/../..//hal/at91/lib\libAt91D.a(pio.o)
                0x20023428                PIO_Get
 .text.PIT_Init
                0x200234c4       0x68 D:/Internship 2018/OBC Projects/SecondProject/satellite-subsystems/demo/../..//hal/at91/lib\libAt91D.a(pit.o)
                0x200234c4                PIT_Init
 .text.PIT_Enable
                0x2002352c       0x2c D:/Internship 2018/OBC Projects/SecondProject/satellite-subsystems/demo/../..//hal/at91/lib\libAt91D.a(pit.o)
                0x2002352c                PIT_Enable
 .text.PIT_EnableIT