Archive member included because of file (symbol)

c:/isis/application/toolchain/bin/../lib/gcc/arm-none-eabi/4.7.4/../../../../arm-none-eabi/lib\libc_s.a(lib_a-vfprintf_float.o)
                              (_printf_float)
c:/isis/application/toolchain/bin/../lib/gcc/arm-none-eabi/4.7.4/../../../../arm-none-eabi/lib\libc_s.a(lib_a-vfprintf_i.o)
                              c:/isis/application/toolchain/bin/../lib/gcc/arm-none-eabi/4.7.4/../../../../arm-none-eabi/lib\libc_s.a(lib_a-vfprintf_float.o) (_printf_common)
c:/isis/application/toolchain/bin/../lib/gcc/arm-none-eabi/4.7.4/../../../../arm-none-eabi/lib\libc_s.a(lib_a-vfscanf_float.o)
                              (_scanf_float)
c:/isis/application/toolchain/bin/../lib/gcc/arm-none-eabi/4.7.4/../../../../arm-none-eabi/lib\libc_s.a(lib_a-dtoa.o)
                              c:/isis/application/toolchain/bin/../lib/gcc/arm-none-eabi/4.7.4/../../../../arm-none-eabi/lib\libc_s.a(lib_a-vfprintf_float.o) (_dtoa_r)
c:/isis/application/toolchain/bin/../lib/gcc/arm-none-eabi/4.7.4/../../../../arm-none-eabi/lib\libc_s.a(lib_a-locale.o)
                              c:/isis/application/toolchain/bin/../lib/gcc/arm-none-eabi/4.7.4/../../../../arm-none-eabi/lib\libc_s.a(lib_a-vfprintf_float.o) (_localeconv_r)
c:/isis/application/toolchain/bin/../lib/gcc/arm-none-eabi/4.7.4/../../../../arm-none-eabi/lib\libc_s.a(lib_a-malloc.o)
                              c:/isis/application/toolchain/bin/../lib/gcc/arm-none-eabi/4.7.4/../../../../arm-none-eabi/lib\libc_s.a(lib_a-dtoa.o) (malloc)
c:/isis/application/toolchain/bin/../lib/gcc/arm-none-eabi/4.7.4/../../../../arm-none-eabi/lib\libc_s.a(lib_a-mallocr.o)
                              c:/isis/application/toolchain/bin/../lib/gcc/arm-none-eabi/4.7.4/../../../../arm-none-eabi/lib\libc_s.a(lib_a-malloc.o) (_malloc_r)
c:/isis/application/toolchain/bin/../lib/gcc/arm-none-eabi/4.7.4/../../../../arm-none-eabi/lib\libc_s.a(lib_a-memcpy.o)
                              c:/isis/application/toolchain/bin/../lib/gcc/arm-none-eabi/4.7.4/../../../../arm-none-eabi/lib\libc_s.a(lib_a-dtoa.o) (memcpy)
c:/isis/application/toolchain/bin/../lib/gcc/arm-none-eabi/4.7.4/../../../../arm-none-eabi/lib\libc_s.a(lib_a-mprec.o)
                              c:/isis/application/toolchain/bin/../lib/gcc/arm-none-eabi/4.7.4/../../../../arm-none-eabi/lib\libc_s.a(lib_a-dtoa.o) (_Balloc)
c:/isis/application/toolchain/bin/../lib/gcc/arm-none-eabi/4.7.4/../../../../arm-none-eabi/lib\libc_s.a(lib_a-s_fpclassify.o)
                              c:/isis/application/toolchain/bin/../lib/gcc/arm-none-eabi/4.7.4/../../../../arm-none-eabi/lib\libc_s.a(lib_a-vfprintf_float.o) (__fpclassifyd)
c:/isis/application/toolchain/bin/../lib/gcc/arm-none-eabi/4.7.4/../../../../arm-none-eabi/lib\libc_s.a(lib_a-sbrkr.o)
                              c:/isis/application/toolchain/bin/../lib/gcc/arm-none-eabi/4.7.4/../../../../arm-none-eabi/lib\libc_s.a(lib_a-mallocr.o) (_sbrk_r)
c:/isis/application/toolchain/bin/../lib/gcc/arm-none-eabi/4.7.4/../../../../arm-none-eabi/lib\libc_s.a(lib_a-sf_nan.o)
                              c:/isis/application/toolchain/bin/../lib/gcc/arm-none-eabi/4.7.4/../../../../arm-none-eabi/lib\libc_s.a(lib_a-vfscanf_float.o) (nanf)
c:/isis/application/toolchain/bin/../lib/gcc/arm-none-eabi/4.7.4/../../../../arm-none-eabi/lib\libc_s.a(lib_a-sprintf.o)
                              c:/isis/application/toolchain/bin/../lib/gcc/arm-none-eabi/4.7.4/../../../../arm-none-eabi/lib\libc_s.a(lib_a-vfscanf_float.o) (sprintf)
c:/isis/application/toolchain/bin/../lib/gcc/arm-none-eabi/4.7.4/../../../../arm-none-eabi/lib\libc_s.a(lib_a-strcmp.o)
                              c:/isis/application/toolchain/bin/../lib/gcc/arm-none-eabi/4.7.4/../../../../arm-none-eabi/lib\libc_s.a(lib_a-locale.o) (strcmp)
c:/isis/application/toolchain/bin/../lib/gcc/arm-none-eabi/4.7.4/../../../../arm-none-eabi/lib\libc_s.a(lib_a-strlen.o)
                              c:/isis/application/toolchain/bin/../lib/gcc/arm-none-eabi/4.7.4/../../../../arm-none-eabi/lib\libc_s.a(lib_a-vfprintf_float.o) (strlen)
c:/isis/application/toolchain/bin/../lib/gcc/arm-none-eabi/4.7.4/../../../../arm-none-eabi/lib\libc_s.a(lib_a-strtod.o)
                              c:/isis/application/toolchain/bin/../lib/gcc/arm-none-eabi/4.7.4/../../../../arm-none-eabi/lib\libc_s.a(lib_a-vfscanf_float.o) (_strtod_r)
c:/isis/application/toolchain/bin/../lib/gcc/arm-none-eabi/4.7.4/../../../../arm-none-eabi/lib\libc_s.a(lib_a-strtol.o)
                              c:/isis/application/toolchain/bin/../lib/gcc/arm-none-eabi/4.7.4/../../../../arm-none-eabi/lib\libc_s.a(lib_a-vfscanf_float.o) (_strtol_r)
c:/isis/application/toolchain/bin/../lib/gcc/arm-none-eabi/4.7.4/../../../../arm-none-eabi/lib\libc_s.a(lib_a-svfprintf.o)
[...]
Memory Configuration

Name             Origin             Length             Attributes
sram0            0x00200000         0x00004000         w !xr
sram1            0x00300000         0x00004000         w !xr
sdram            0x20000000         0x02000000         w !xr
*default*        0x00000000         0xffffffff

Linker script and memory map

LOAD c:/isis/application/toolchain/bin/../lib/gcc/arm-none-eabi/4.7.4/../../../../arm-none-eabi/lib\libc_s.a
LOAD ./src/Tasks/ground_mode_task.o
LOAD ./src/Tasks/housekeeping_task.o
LOAD ./src/Tasks/normal_mode_task.o
LOAD ./src/Helpers/Transceiver.o
LOAD ./src/Helpers/initializations.o
LOAD ./src/main.o
LOAD D:/Internship 2018/OBC Projects/SecondProject/FirstProject/..//hal/hcc/lib\libHCCD.a
LOAD D:/Internship 2018/OBC Projects/SecondProject/FirstProject/..//satellite-subsystems/satellite-subsystems/lib\libSatelliteSubsystemsD.a
LOAD D:/Internship 2018/OBC Projects/SecondProject/FirstProject/..//hal/hal/lib\libHALRevCD.a
LOAD D:/Internship 2018/OBC Projects/SecondProject/FirstProject/..//hal/freertos/lib\libFreeRTOSD.a
LOAD D:/Internship 2018/OBC Projects/SecondProject/FirstProject/..//hal/at91/lib\libAt91D.a
START GROUP
LOAD c:/isis/application/toolchain/bin/../lib/gcc/arm-none-eabi/4.7.4\libgcc.a
LOAD c:/isis/application/toolchain/bin/../lib/gcc/arm-none-eabi/4.7.4/../../../../arm-none-eabi/lib\libc_s.a
END GROUP

.fixed          0x20000000     0xd170
                0x20000000                . = ALIGN (0x4)
                0x20000000                _sfixed = .
 *(.startup)
 .startup       0x20000000      0x134 D:/Internship 2018/OBC Projects/SecondProject/FirstProject/..//hal/at91/lib\libAt91D.a(board_cstartup.o)
                0x20000000                entry
 *(.text)
 .text          0x20000134       0x64 D:/Internship 2018/OBC Projects/SecondProject/FirstProject/..//hal/at91/lib\libAt91D.a(cp15_asm.o)
                0x20000134                _readControlRegister
                0x20000140                _writeControlRegister
                0x20000148                _waitForInterrupt
                0x20000154                _writeTTB
                0x2000015c                _writeDomain
                0x20000164                _writeITLBLockdown
                0x2000016c                _prefetchICacheLine
                0x20000174                _flushDCache
                0x20000180                _flushWriteBuffer
                0x2000018c                _invalidateIDTLBs
 .text          0x20000198      0x114 c:/isis/application/toolchain/bin/../lib/gcc/arm-none-eabi/4.7.4\libgcc.a(_udivsi3.o)
                0x20000198                __aeabi_uidiv
                0x20000198                __udivsi3
                0x2000028c                __aeabi_uidivmod
 .text          0x200002ac      0x148 c:/isis/application/toolchain/bin/../lib/gcc/arm-none-eabi/4.7.4\libgcc.a(_divsi3.o)
                0x200002ac                __divsi3
                0x200002ac                __aeabi_idiv
                0x200003d4                __aeabi_idivmod
 .text          0x200003f4        0x4 c:/isis/application/toolchain/bin/../lib/gcc/arm-none-eabi/4.7.4\libgcc.a(_dvmd_tls.o)
                0x200003f4                __aeabi_idiv0
                0x200003f4                __aeabi_ldiv0
 .text          0x200003f8      0x41c c:/isis/application/toolchain/bin/../lib/gcc/arm-none-eabi/4.7.4\libgcc.a(_arm_addsubdf3.o)
                0x200003f8                __aeabi_drsub
                0x20000400                __aeabi_dsub
                0x20000400                __subdf3
                0x20000404                __aeabi_dadd
                0x20000404                __adddf3
                0x20000714                __floatunsidf
                0x20000714                __aeabi_ui2d
                0x20000738                __floatsidf
                0x20000738                __aeabi_i2d
                0x20000760                __aeabi_f2d
                0x20000760                __extendsfdf2
                0x200007a0                __floatundidf
                0x200007a0                __aeabi_ul2d
                0x200007b4                __floatdidf
                0x200007b4                __aeabi_l2d
 .text          0x20000814      0x49c c:/isis/application/toolchain/bin/../lib/gcc/arm-none-eabi/4.7.4\libgcc.a(_arm_muldivdf3.o)
                0x20000814                __aeabi_dmul
                0x20000814                __muldf3
                0x20000aa4                __divdf3
                0x20000aa4                __aeabi_ddiv
 .text          0x20000cb0      0x144 c:/isis/application/toolchain/bin/../lib/gcc/arm-none-eabi/4.7.4\libgcc.a(_arm_cmpdf2.o)
                0x20000cb0                __gtdf2
                0x20000cb0                __gedf2
                0x20000cb8                __ltdf2
                0x20000cb8                __ledf2
                0x20000cc0                __nedf2
                0x20000cc0                __eqdf2
                0x20000cc0                __cmpdf2
                0x20000d48                __aeabi_cdrcmple
                0x20000d64                __aeabi_cdcmpeq
                0x20000d64                __aeabi_cdcmple
                0x20000d7c                __aeabi_dcmpeq
                0x20000d94                __aeabi_dcmplt
                0x20000dac                __aeabi_dcmple
                0x20000dc4                __aeabi_dcmpge
                0x20000ddc                __aeabi_dcmpgt
 .text          0x20000df4       0x5c c:/isis/application/toolchain/bin/../lib/gcc/arm-none-eabi/4.7.4\libgcc.a(_arm_fixdfsi.o)
                0x20000df4                __aeabi_d2iz
                0x20000df4                __fixdfsi
 .text          0x20000e50       0x54 c:/isis/application/toolchain/bin/../lib/gcc/arm-none-eabi/4.7.4\libgcc.a(_arm_fixunsdfsi.o)
                0x20000e50                __aeabi_d2uiz
                0x20000e50                __fixunsdfsi
 .text          0x20000ea4       0xa0 c:/isis/application/toolchain/bin/../lib/gcc/arm-none-eabi/4.7.4\libgcc.a(_arm_truncdfsf2.o)
                0x20000ea4                __truncdfsf2
                0x20000ea4                __aeabi_d2f
 .text          0x20000f44      0x2ac c:/isis/application/toolchain/bin/../lib/gcc/arm-none-eabi/4.7.4\libgcc.a(_arm_addsubsf3.o)
                0x20000f44                __aeabi_frsub
                0x20000f4c                __subsf3
                0x20000f4c                __aeabi_fsub
                0x20000f50                __aeabi_fadd
                0x20000f50                __addsf3
                0x2000110c                __aeabi_ui2f
                0x2000110c                __floatunsisf
                0x20001114                __aeabi_i2f
                0x20001114                __floatsisf
                0x20001134                __aeabi_ul2f
                0x20001134                __floatundisf
                0x20001144                __aeabi_l2f
                0x20001144                __floatdisf
 *(.text*)
 .text.__cvt    0x200011f0      0x138 c:/isis/application/toolchain/bin/../lib/gcc/arm-none-eabi/4.7.4/../../../../arm-none-eabi/lib\libc_s.a(lib_a-vfprintf_float.o)
                0x200011f0                __cvt
 .text.__exponent
                0x20001328       0xa8 c:/isis/application/toolchain/bin/../lib/gcc/arm-none-eabi/4.7.4/../../../../arm-none-eabi/lib\libc_s.a(lib_a-vfprintf_float.o)
                0x20001328                __exponent
 .text._printf_float
                0x200013d0      0x7dc c:/isis/application/toolchain/bin/../lib/gcc/arm-none-eabi/4.7.4/../../../../arm-none-eabi/lib\libc_s.a(lib_a-vfprintf_float.o)
                0x200013d0                _printf_float
 .text._printf_common
                0x20001bac      0x174 c:/isis/application/toolchain/bin/../lib/gcc/arm-none-eabi/4.7.4/../../../../arm-none-eabi/lib\libc_s.a(lib_a-vfprintf_i.o)
                0x20001bac                _printf_common
 .text._printf_i
                0x20001d20      0x3c4 c:/isis/application/toolchain/bin/../lib/gcc/arm-none-eabi/4.7.4/../../../../arm-none-eabi/lib\libc_s.a(lib_a-vfprintf_i.o)
                0x20001d20                _printf_i
 .text._scanf_float
                0x200020e4      0x5f4 c:/isis/application/toolchain/bin/../lib/gcc/arm-none-eabi/4.7.4/../../../../arm-none-eabi/lib\libc_s.a(lib_a-vfscanf_float.o)
                0x200020e4                _scanf_float
 .text.quorem   0x200026d8      0x1ac c:/isis/application/toolchain/bin/../lib/gcc/arm-none-eabi/4.7.4/../../../../arm-none-eabi/lib\libc_s.a(lib_a-dtoa.o)
 .text._dtoa_r  0x20002884     0x1268 c:/isis/application/toolchain/bin/../lib/gcc/arm-none-eabi/4.7.4/../../../../arm-none-eabi/lib\libc_s.a(lib_a-dtoa.o)
                0x20002884                _dtoa_r
 .text._localeconv_r
                0x20003aec        0xc c:/isis/application/toolchain/bin/../lib/gcc/arm-none-eabi/4.7.4/../../../../arm-none-eabi/lib\libc_s.a(lib_a-locale.o)
                0x20003aec                _localeconv_r
 .text.malloc   0x20003af8       0x20 c:/isis/application/toolchain/bin/../lib/gcc/arm-none-eabi/4.7.4/../../../../arm-none-eabi/lib\libc_s.a(lib_a-malloc.o)
                0x20003af8                malloc
 .text.free     0x20003b18       0x20 c:/isis/application/toolchain/bin/../lib/gcc/arm-none-eabi/4.7.4/../../../../arm-none-eabi/lib\libc_s.a(lib_a-malloc.o)
                0x20003b18                free
 .text._malloc_r
                0x20003b38       0xfc c:/isis/application/toolchain/bin/../lib/gcc/arm-none-eabi/4.7.4/../../../../arm-none-eabi/lib\libc_s.a(lib_a-mallocr.o)
                0x20003b38                _malloc_r
 .text.memcpy   0x20003c34       0x20 c:/isis/application/toolchain/bin/../lib/gcc/arm-none-eabi/4.7.4/../../../../arm-none-eabi/lib\libc_s.a(lib_a-memcpy.o)
                0x20003c34                memcpy
 .text._Balloc  0x20003c54       0xcc c:/isis/application/toolchain/bin/../lib/gcc/arm-none-eabi/4.7.4/../../../../arm-none-eabi/lib\libc_s.a(lib_a-mprec.o)
                0x20003c54                _Balloc
 .text._Bfree   0x20003d20       0x5c c:/isis/application/toolchain/bin/../lib/gcc/arm-none-eabi/4.7.4/../../../../arm-none-eabi/lib\libc_s.a(lib_a-mprec.o)
                0x20003d20                _Bfree
 .text.__multadd
                0x20003d7c       0xbc c:/isis/application/toolchain/bin/../lib/gcc/arm-none-eabi/4.7.4/../../../../arm-none-eabi/lib\libc_s.a(lib_a-mprec.o)
                0x20003d7c                __multadd
 .text.__s2b    0x20003e38       0xd8 c:/isis/application/toolchain/bin/../lib/gcc/arm-none-eabi/4.7.4/../../../../arm-none-eabi/lib\libc_s.a(lib_a-mprec.o)
                0x20003e38                __s2b
 .text.__hi0bits
                0x20003f10       0x58 c:/isis/application/toolchain/bin/../lib/gcc/arm-none-eabi/4.7.4/../../../../arm-none-eabi/lib\libc_s.a(lib_a-mprec.o)
                0x20003f10                __hi0bits
 .text.__lo0bits
                0x20003f68       0x94 c:/isis/application/toolchain/bin/../lib/gcc/arm-none-eabi/4.7.4/../../../../arm-none-eabi/lib\libc_s.a(lib_a-mprec.o)
                0x20003f68                __lo0bits
 .text.__i2b    0x20003ffc       0x24 c:/isis/application/toolchain/bin/../lib/gcc/arm-none-eabi/4.7.4/../../../../arm-none-eabi/lib\libc_s.a(lib_a-mprec.o)
                0x20003ffc                __i2b
 .text.__multiply
                0x20004020      0x1ac c:/isis/application/toolchain/bin/../lib/gcc/arm-none-eabi/4.7.4/../../../../arm-none-eabi/lib\libc_s.a(lib_a-mprec.o)
                0x20004020                __multiply
 .text.__pow5mult
                0x200041cc      0x10c c:/isis/application/toolchain/bin/../lib/gcc/arm-none-eabi/4.7.4/../../../../arm-none-eabi/lib\libc_s.a(lib_a-mprec.o)
                0x200041cc                __pow5mult
 .text.__lshift
                0x200042d8       0xf0 c:/isis/application/toolchain/bin/../lib/gcc/arm-none-eabi/4.7.4/../../../../arm-none-eabi/lib\libc_s.a(lib_a-mprec.o)
                0x200042d8                __lshift
 .text.__mcmp   0x200043c8       0x60 c:/isis/application/toolchain/bin/../lib/gcc/arm-none-eabi/4.7.4/../../../../arm-none-eabi/lib\libc_s.a(lib_a-mprec.o)
                0x200043c8                __mcmp
 .text.__mdiff  0x20004428      0x128 c:/isis/application/toolchain/bin/../lib/gcc/arm-none-eabi/4.7.4/../../../../arm-none-eabi/lib\libc_s.a(lib_a-mprec.o)
                0x20004428                __mdiff
 .text.__ulp    0x20004550       0x5c c:/isis/application/toolchain/bin/../lib/gcc/arm-none-eabi/4.7.4/../../../../arm-none-eabi/lib\libc_s.a(lib_a-mprec.o)
                0x20004550                __ulp
 .text.__b2d    0x200045ac       0xc8 c:/isis/application/toolchain/bin/../lib/gcc/arm-none-eabi/4.7.4/../../../../arm-none-eabi/lib\libc_s.a(lib_a-mprec.o)
                0x200045ac                __b2d
 .text.__d2b    0x20004674       0xfc c:/isis/application/toolchain/bin/../lib/gcc/arm-none-eabi/4.7.4/../../../../arm-none-eabi/lib\libc_s.a(lib_a-mprec.o)
                0x20004674                __d2b
 .text.__ratio  0x20004770       0x70 c:/isis/application/toolchain/bin/../lib/gcc/arm-none-eabi/4.7.4/../../../../arm-none-eabi/lib\libc_s.a(lib_a-mprec.o)
                0x20004770                __ratio
 .text.__copybits
                0x200047e0       0x4c c:/isis/application/toolchain/bin/../lib/gcc/arm-none-eabi/4.7.4/../../../../arm-none-eabi/lib\libc_s.a(lib_a-mprec.o)
                0x200047e0                __copybits
 .text.__any_on
                0x2000482c       0x7c c:/isis/application/toolchain/bin/../lib/gcc/arm-none-eabi/4.7.4/../../../../arm-none-eabi/lib\libc_s.a(lib_a-mprec.o)
                0x2000482c                __any_on
 .text.__fpclassifyd
                0x200048a8       0x6c c:/isis/application/toolchain/bin/../lib/gcc/arm-none-eabi/4.7.4/../../../../arm-none-eabi/lib\libc_s.a(lib_a-s_fpclassify.o)
                0x200048a8                __fpclassifyd
 .text._sbrk_r  0x20004914       0x3c c:/isis/application/toolchain/bin/../lib/gcc/arm-none-eabi/4.7.4/../../../../arm-none-eabi/lib\libc_s.a(lib_a-sbrkr.o)
                0x20004914                _sbrk_r
 .text.nanf     0x20004950        0xc c:/isis/application/toolchain/bin/../lib/gcc/arm-none-eabi/4.7.4/../../../../arm-none-eabi/lib\libc_s.a(lib_a-sf_nan.o)
                0x20004950                nanf
 .text.sprintf  0x2000495c       0x6c c:/isis/application/toolchain/bin/../lib/gcc/arm-none-eabi/4.7.4/../../../../arm-none-eabi/lib\libc_s.a(lib_a-sprintf.o)
                0x2000495c                siprintf
                0x2000495c                sprintf
 .text.strlen   0x200049c8       0x1c c:/isis/application/toolchain/bin/../lib/gcc/arm-none-eabi/4.7.4/../../../../arm-none-eabi/lib\libc_s.a(lib_a-strlen.o)
                0x200049c8                strlen
 .text.match    0x200049e4       0x54 c:/isis/application/toolchain/bin/../lib/gcc/arm-none-eabi/4.7.4/../../../../arm-none-eabi/lib\libc_s.a(lib_a-strtod.o)
 .text._strtod_r
                0x20004a38     0x1168 c:/isis/application/toolchain/bin/../lib/gcc/arm-none-eabi/4.7.4/../../../../arm-none-eabi/lib\libc_s.a(lib_a-strtod.o)
                0x20004a38                _strtod_r
 .text._strtol_r
                0x20005ba0      0x1b8 c:/isis/application/toolchain/bin/../lib/gcc/arm-none-eabi/4.7.4/../../../../arm-none-eabi/lib\libc_s.a(lib_a-strtol.o)
                0x20005ba0                _strtol_r
 .text.__ssputc_r
                0x20005d58      0x10c c:/isis/application/toolchain/bin/../lib/gcc/arm-none-eabi/4.7.4/../../../../arm-none-eabi/lib\libc_s.a(lib_a-svfprintf.o)
                0x20005d58                __ssputc_r
 .text._svfprintf_r
                0x20005e64      0x328 c:/isis/application/toolchain/bin/../lib/gcc/arm-none-eabi/4.7.4/../../../../arm-none-eabi/lib\libc_s.a(lib_a-svfprintf.o)
                0x20005e64                _svfiprintf_r
                0x20005e64                _svfprintf_r
 .text._calloc_r
                0x2000618c       0x2c c:/isis/application/toolchain/bin/../lib/gcc/arm-none-eabi/4.7.4/../../../../arm-none-eabi/lib\libc_s.a(lib_a-callocr.o)
                0x2000618c                _calloc_r
 .text._free_r  0x200061b8      0x108 c:/isis/application/toolchain/bin/../lib/gcc/arm-none-eabi/4.7.4/../../../../arm-none-eabi/lib\libc_s.a(lib_a-freer.o)
                0x200061b8                _free_r
 .text.rshift   0x200062c0       0xb0 c:/isis/application/toolchain/bin/../lib/gcc/arm-none-eabi/4.7.4/../../../../arm-none-eabi/lib\libc_s.a(lib_a-gdtoa-gethex.o)
 .text.htinit.constprop.0
                0x20006370       0x34 c:/isis/application/toolchain/bin/../lib/gcc/arm-none-eabi/4.7.4/../../../../arm-none-eabi/lib\libc_s.a(lib_a-gdtoa-gethex.o)
 .text.__hexdig_init
                0x200063a4       0x38 c:/isis/application/toolchain/bin/../lib/gcc/arm-none-eabi/4.7.4/../../../../arm-none-eabi/lib\libc_s.a(lib_a-gdtoa-gethex.o)
                0x200063a4                __hexdig_init
 .text.__gethex
                0x200063dc      0x6cc c:/isis/application/toolchain/bin/../lib/gcc/arm-none-eabi/4.7.4/../../../../arm-none-eabi/lib\libc_s.a(lib_a-gdtoa-gethex.o)
                0x200063dc                __gethex
 .text.L_shift  0x20006aa8       0x38 c:/isis/application/toolchain/bin/../lib/gcc/arm-none-eabi/4.7.4/../../../../arm-none-eabi/lib\libc_s.a(lib_a-gdtoa-hexnan.o)
 .text.__hexnan
                0x20006ae0      0x1d8 c:/isis/application/toolchain/bin/../lib/gcc/arm-none-eabi/4.7.4/../../../../arm-none-eabi/lib\libc_s.a(lib_a-gdtoa-hexnan.o)
                0x20006ae0                __hexnan
 .text.memchr   0x20006cb8       0x34 c:/isis/application/toolchain/bin/../lib/gcc/arm-none-eabi/4.7.4/../../../../arm-none-eabi/lib\libc_s.a(lib_a-memchr.o)
                0x20006cb8                memchr
 .text.memset   0x20006cec       0x1c c:/isis/application/toolchain/bin/../lib/gcc/arm-none-eabi/4.7.4/../../../../arm-none-eabi/lib\libc_s.a(lib_a-memset.o)
                0x20006cec                memset
 .text._realloc_r
                0x20006d08       0x80 c:/isis/application/toolchain/bin/../lib/gcc/arm-none-eabi/4.7.4/../../../../arm-none-eabi/lib\libc_s.a(lib_a-reallocr.o)
                0x20006d08                _realloc_r
 .text.strncmp  0x20006d88       0x64 c:/isis/application/toolchain/bin/../lib/gcc/arm-none-eabi/4.7.4/../../../../arm-none-eabi/lib\libc_s.a(lib_a-strncmp.o)
                0x20006d88                strncmp
 .text._malloc_usable_size_r
                0x20006dec       0x1c c:/isis/application/toolchain/bin/../lib/gcc/arm-none-eabi/4.7.4/../../../../arm-none-eabi/lib\libc_s.a(lib_a-msizer.o)
                0x20006dec                _malloc_usable_size_r
 .text.vHousekeepingTask
                0x20006e08      0x3e8 ./src/Tasks/housekeeping_task.o
 .text.vHousekeepingTaskInit
                0x200071f0       0x6c ./src/Tasks/housekeeping_task.o
                0x200071f0                vHousekeepingTaskInit
 .text.vNormalModeTask
                0x2000725c       0xc4 ./src/Tasks/normal_mode_task.o
                0x2000725c                vNormalModeTask
 .text.vNormalModeTaskInit
                0x20007320       0x8c ./src/Tasks/normal_mode_task.o
                0x20007320                vNormalModeTaskInit
 .text.main     0x200073ac      0x11c ./src/main.o
                0x200073ac                main
 .text.IsisTrxvu_rcGetTelemetryAll
                0x200074c8       0xf8 D:/Internship 2018/OBC Projects/SecondProject/FirstProject/..//satellite-subsystems/satellite-subsystems/lib\libSatelliteSubsystemsD.a(IsisTRXVU.o)
                0x200074c8                IsisTrxvu_rcGetTelemetryAll
 .text.makeTRXCommonTransfer
                0x200075c0       0x34 D:/Internship 2018/OBC Projects/SecondProject/FirstProject/..//satellite-subsystems/satellite-subsystems/lib\libSatelliteSubsystemsD.a(IsisTRXCommon.o)
 .text.IsisTrxCommon_RxGetTelemetryAll
                0x200075f4       0x8c D:/Internship 2018/OBC Projects/SecondProject/FirstProject/..//satellite-subsystems/satellite-subsystems/lib\libSatelliteSubsystemsD.a(IsisTRXCommon.o)
                0x200075f4                IsisTrxCommon_RxGetTelemetryAll
 .text.validateTransferParameters
                0x20007680      0x10c D:/Internship 2018/OBC Projects/SecondProject/FirstProject/..//hal/hal/lib\libHALRevCD.a(I2C.o)
 .text.I2C_queueTransfer
                0x2000778c       0xe8 D:/Internship 2018/OBC Projects/SecondProject/FirstProject/..//hal/hal/lib\libHALRevCD.a(I2C.o)
                0x2000778c                I2C_queueTransfer
 .text.I2C_internalCallback
                0x20007874       0x64 D:/Internship 2018/OBC Projects/SecondProject/FirstProject/..//hal/hal/lib\libHALRevCD.a(I2C.o)
 .text.I2C_doBlockingTransfer
                0x200078d8      0x160 D:/Internship 2018/OBC Projects/SecondProject/FirstProject/..//hal/hal/lib\libHALRevCD.a(I2C.o)
 .text.I2C_writeRead
                0x20007a38      0x180 D:/Internship 2018/OBC Projects/SecondProject/FirstProject/..//hal/hal/lib\libHALRevCD.a(I2C.o)
                0x20007a38                I2C_writeRead
 .text.uSdelay  0x20007bb8       0x88 D:/Internship 2018/OBC Projects/SecondProject/FirstProject/..//hal/hal/lib\libHALRevCD.a(LED.o)
 .text.LED_start
                0x20007c40       0x1c D:/Internship 2018/OBC Projects/SecondProject/FirstProject/..//hal/hal/lib\libHALRevCD.a(LED.o)
                0x20007c40                LED_start
 .text.LED_glow
                0x20007c5c       0x58 D:/Internship 2018/OBC Projects/SecondProject/FirstProject/..//hal/hal/lib\libHALRevCD.a(LED.o)
                0x20007c5c                LED_glow
 .text.LED_dark
                0x20007cb4       0x58 D:/Internship 2018/OBC Projects/SecondProject/FirstProject/..//hal/hal/lib\libHALRevCD.a(LED.o)
                0x20007cb4                LED_dark
 .text.LED_toggle
                0x20007d0c       0x50 D:/Internship 2018/OBC Projects/SecondProject/FirstProject/..//hal/hal/lib\libHALRevCD.a(LED.o)
                0x20007d0c                LED_toggle
 .text.LED_wave
                0x20007d5c       0xd0 D:/Internship 2018/OBC Projects/SecondProject/FirstProject/..//hal/hal/lib\libHALRevCD.a(LED.o)
                0x20007d5c                LED_wave
 .text.LED_waveReverse
                0x20007e2c       0xd0 D:/Internship 2018/OBC Projects/SecondProject/FirstProject/..//hal/hal/lib\libHALRevCD.a(LED.o)
                0x20007e2c                LED_waveReverse
 .text.WDT_start
                0x20007efc       0x48 D:/Internship 2018/OBC Projects/SecondProject/FirstProject/..//hal/hal/lib\libHALRevCD.a(WatchDogTimerNoOS.o)
                0x20007efc                WDT_start
 .text.xQueueGenericReset
                0x20007f44      0x150 D:/Internship 2018/OBC Projects/SecondProject/FirstProject/..//hal/freertos/lib\libFreeRTOSD.a(queue.o)
                0x20007f44                xQueueGenericReset
 .text.xQueueGenericCreate
                0x20008094       0xfc D:/Internship 2018/OBC Projects/SecondProject/FirstProject/..//hal/freertos/lib\libFreeRTOSD.a(queue.o)
                0x20008094                xQueueGenericCreate
 .text.xQueueGenericSend
                0x20008190      0x268 D:/Internship 2018/OBC Projects/SecondProject/FirstProject/..//hal/freertos/lib\libFreeRTOSD.a(queue.o)
                0x20008190                xQueueGenericSend
 .text.xQueueGenericSendFromISR
                0x200083f8      0x19c D:/Internship 2018/OBC Projects/SecondProject/FirstProject/..//hal/freertos/lib\libFreeRTOSD.a(queue.o)
                0x200083f8                xQueueGenericSendFromISR
 .text.xQueueGenericReceive
                0x20008594      0x2cc D:/Internship 2018/OBC Projects/SecondProject/FirstProject/..//hal/freertos/lib\libFreeRTOSD.a(queue.o)
                0x20008594                xQueueGenericReceive
 .text.vQueueDelete
                0x20008860       0x78 D:/Internship 2018/OBC Projects/SecondProject/FirstProject/..//hal/freertos/lib\libFreeRTOSD.a(queue.o)
                0x20008860                vQueueDelete
 .text.prvCopyDataToQueue
                0x200088d8      0x190 D:/Internship 2018/OBC Projects/SecondProject/FirstProject/..//hal/freertos/lib\libFreeRTOSD.a(queue.o)
 .text.prvCopyDataFromQueue
                0x20008a68       0x90 D:/Internship 2018/OBC Projects/SecondProject/FirstProject/..//hal/freertos/lib\libFreeRTOSD.a(queue.o)
 .text.prvUnlockQueue
                0x20008af8      0x100 D:/Internship 2018/OBC Projects/SecondProject/FirstProject/..//hal/freertos/lib\libFreeRTOSD.a(queue.o)
 .text.prvIsQueueEmpty
                0x20008bf8       0x4c D:/Internship 2018/OBC Projects/SecondProject/FirstProject/..//hal/freertos/lib\libFreeRTOSD.a(queue.o)
 .text.prvIsQueueFull
                0x20008c44       0x54 D:/Internship 2018/OBC Projects/SecondProject/FirstProject/..//hal/freertos/lib\libFreeRTOSD.a(queue.o)
 .text.vQueueUnregisterQueue
                0x20008c98       0x80 D:/Internship 2018/OBC Projects/SecondProject/FirstProject/..//hal/freertos/lib\libFreeRTOSD.a(queue.o)
                0x20008c98                vQueueUnregisterQueue
 .text.xTaskGenericCreate
                0x20008d18      0x2ac D:/Internship 2018/OBC Projects/SecondProject/FirstProject/..//hal/freertos/lib\libFreeRTOSD.a(tasks.o)
                0x20008d18                xTaskGenericCreate
 .text.vTaskDelayUntil
                0x20008fc4      0x170 D:/Internship 2018/OBC Projects/SecondProject/FirstProject/..//hal/freertos/lib\libFreeRTOSD.a(tasks.o)
                0x20008fc4                vTaskDelayUntil
 .text.vTaskDelay
                0x20009134       0x80 D:/Internship 2018/OBC Projects/SecondProject/FirstProject/..//hal/freertos/lib\libFreeRTOSD.a(tasks.o)
                0x20009134                vTaskDelay
 .text.vTaskStartScheduler
                0x200091b4       0xd4 D:/Internship 2018/OBC Projects/SecondProject/FirstProject/..//hal/freertos/lib\libFreeRTOSD.a(tasks.o)
                0x200091b4                vTaskStartScheduler
 .text.vTaskSuspendAll
                0x20009288       0x2c D:/Internship 2018/OBC Projects/SecondProject/FirstProject/..//hal/freertos/lib\libFreeRTOSD.a(tasks.o)
                0x20009288                vTaskSuspendAll
 .text.xTaskResumeAll
                0x200092b4      0x1f4 D:/Internship 2018/OBC Projects/SecondProject/FirstProject/..//hal/freertos/lib\libFreeRTOSD.a(tasks.o)
                0x200092b4                xTaskResumeAll
 .text.xTaskGetTickCount
                0x200094a8       0x34 D:/Internship 2018/OBC Projects/SecondProject/FirstProject/..//hal/freertos/lib\libFreeRTOSD.a(tasks.o)
                0x200094a8                xTaskGetTickCount
 .text.xTaskIncrementTick
                0x200094dc      0x298 D:/Internship 2018/OBC Projects/SecondProject/FirstProject/..//hal/freertos/lib\libFreeRTOSD.a(tasks.o)
                0x200094dc                xTaskIncrementTick
 .text.vTaskSwitchContext
                0x20009774      0x18c D:/Internship 2018/OBC Projects/SecondProject/FirstProject/..//hal/freertos/lib\libFreeRTOSD.a(tasks.o)
                0x20009774                vTaskSwitchContext
 .text.vTaskPlaceOnEventList
                0x20009900       0xcc D:/Internship 2018/OBC Projects/SecondProject/FirstProject/..//hal/freertos/lib\libFreeRTOSD.a(tasks.o)
                0x20009900                vTaskPlaceOnEventList
 .text.xTaskRemoveFromEventList
                0x200099cc      0x160 D:/Internship 2018/OBC Projects/SecondProject/FirstProject/..//hal/freertos/lib\libFreeRTOSD.a(tasks.o)
                0x200099cc                xTaskRemoveFromEventList
 .text.vTaskSetTimeOutState
                0x20009b2c       0x78 D:/Internship 2018/OBC Projects/SecondProject/FirstProject/..//hal/freertos/lib\libFreeRTOSD.a(tasks.o)
                0x20009b2c                vTaskSetTimeOutState
 .text.xTaskCheckForTimeOut
                0x20009ba4      0x158 D:/Internship 2018/OBC Projects/SecondProject/FirstProject/..//hal/freertos/lib\libFreeRTOSD.a(tasks.o)
                0x20009ba4                xTaskCheckForTimeOut
 .text.vTaskMissedYield
                0x20009cfc       0x24 D:/Internship 2018/OBC Projects/SecondProject/FirstProject/..//hal/freertos/lib\libFreeRTOSD.a(tasks.o)
                0x20009cfc                vTaskMissedYield
 .text.prvIdleTask
                0x20009d20       0x20 D:/Internship 2018/OBC Projects/SecondProject/FirstProject/..//hal/freertos/lib\libFreeRTOSD.a(tasks.o)
 .text.prvInitialiseTCBVariables
                0x20009d40      0x110 D:/Internship 2018/OBC Projects/SecondProject/FirstProject/..//hal/freertos/lib\libFreeRTOSD.a(tasks.o)
 .text.prvInitialiseTaskLists
                0x20009e50       0xbc D:/Internship 2018/OBC Projects/SecondProject/FirstProject/..//hal/freertos/lib\libFreeRTOSD.a(tasks.o)
 .text.prvCheckTasksWaitingTermination
                0x20009f0c       0xbc D:/Internship 2018/OBC Projects/SecondProject/FirstProject/..//hal/freertos/lib\libFreeRTOSD.a(tasks.o)
 .text.prvAddCurrentTaskToDelayedList
                0x20009fc8       0xb4 D:/Internship 2018/OBC Projects/SecondProject/FirstProject/..//hal/freertos/lib\libFreeRTOSD.a(tasks.o)
 .text.prvAllocateTCBAndStack
                0x2000a07c       0xb4 D:/Internship 2018/OBC Projects/SecondProject/FirstProject/..//hal/freertos/lib\libFreeRTOSD.a(tasks.o)
 .text.prvDeleteTCB
                0x2000a130       0x30 D:/Internship 2018/OBC Projects/SecondProject/FirstProject/..//hal/freertos/lib\libFreeRTOSD.a(tasks.o)
 .text.xTaskGetCurrentTaskHandle
                0x2000a160       0x30 D:/Internship 2018/OBC Projects/SecondProject/FirstProject/..//hal/freertos/lib\libFreeRTOSD.a(tasks.o)
                0x2000a160                xTaskGetCurrentTaskHandle
 .text.vTaskPriorityInherit
                0x2000a190      0x148 D:/Internship 2018/OBC Projects/SecondProject/FirstProject/..//hal/freertos/lib\libFreeRTOSD.a(tasks.o)
                0x2000a190                vTaskPriorityInherit
 .text.vTaskPriorityDisinherit
                0x2000a2d8       0xdc D:/Internship 2018/OBC Projects/SecondProject/FirstProject/..//hal/freertos/lib\libFreeRTOSD.a(tasks.o)
                0x2000a2d8                vTaskPriorityDisinherit
 .text.vApplicationStackOverflowHook
                0x2000a3b4       0x4c D:/Internship 2018/OBC Projects/SecondProject/FirstProject/..//hal/freertos/lib\libFreeRTOSD.a(hooks.o)
                0x2000a3b4                vApplicationStackOverflowHook
 .text.vApplicationIdleHook
                0x2000a400       0x18 D:/Internship 2018/OBC Projects/SecondProject/FirstProject/..//hal/freertos/lib\libFreeRTOSD.a(hooks.o)
                0x2000a400                vApplicationIdleHook
 .text.pvPortMalloc
                0x2000a418       0x28 D:/Internship 2018/OBC Projects/SecondProject/FirstProject/..//hal/freertos/lib\libFreeRTOSD.a(standardMemMang.o)
                0x2000a418                pvPortMalloc
 .text.vPortFree
                0x2000a440       0x20 D:/Internship 2018/OBC Projects/SecondProject/FirstProject/..//hal/freertos/lib\libFreeRTOSD.a(standardMemMang.o)
                0x2000a440                vPortFree
 .text.pxPortInitialiseStack
                0x2000a460      0x218 D:/Internship 2018/OBC Projects/SecondProject/FirstProject/..//hal/freertos/lib\libFreeRTOSD.a(port.o)
                0x2000a460                pxPortInitialiseStack
 .text.xPortStartScheduler
                0x2000a678       0x1c D:/Internship 2018/OBC Projects/SecondProject/FirstProject/..//hal/freertos/lib\libFreeRTOSD.a(port.o)
                0x2000a678                xPortStartScheduler
 .text.prvSetupTimerInterrupt
                0x2000a694       0x54 D:/Internship 2018/OBC Projects/SecondProject/FirstProject/..//hal/freertos/lib\libFreeRTOSD.a(port.o)
 .text.vPortISRStartFirstTask
                0x2000a6e8       0x64 D:/Internship 2018/OBC Projects/SecondProject/FirstProject/..//hal/freertos/lib\libFreeRTOSD.a(port.o)
 .text.vPortEnterCritical
                0x2000a74c       0x40 D:/Internship 2018/OBC Projects/SecondProject/FirstProject/..//hal/freertos/lib\libFreeRTOSD.a(port.o)
                0x2000a74c                vPortEnterCritical
 .text.vPortExitCritical
                0x2000a78c       0x60 D:/Internship 2018/OBC Projects/SecondProject/FirstProject/..//hal/freertos/lib\libFreeRTOSD.a(port.o)
                0x2000a78c                vPortExitCritical
 .text.vListInitialise
                0x2000a7ec       0x64 D:/Internship 2018/OBC Projects/SecondProject/FirstProject/..//hal/freertos/lib\libFreeRTOSD.a(list.o)
                0x2000a7ec                vListInitialise
 .text.vListInitialiseItem
                0x2000a850       0x28 D:/Internship 2018/OBC Projects/SecondProject/FirstProject/..//hal/freertos/lib\libFreeRTOSD.a(list.o)
                0x2000a850                vListInitialiseItem
 .text.vListInsertEnd
                0x2000a878       0x84 D:/Internship 2018/OBC Projects/SecondProject/FirstProject/..//hal/freertos/lib\libFreeRTOSD.a(list.o)
                0x2000a878                vListInsertEnd
 .text.vListInsert
                0x2000a8fc       0xd4 D:/Internship 2018/OBC Projects/SecondProject/FirstProject/..//hal/freertos/lib\libFreeRTOSD.a(list.o)
                0x2000a8fc                vListInsert
 .text.uxListRemove
                0x2000a9d0       0xa0 D:/Internship 2018/OBC Projects/SecondProject/FirstProject/..//hal/freertos/lib\libFreeRTOSD.a(list.o)
                0x2000a9d0                uxListRemove
 .text._read    0x2000aa70       0xa4 D:/Internship 2018/OBC Projects/SecondProject/FirstProject/..//hal/at91/lib\libAt91D.a(syscalls.o)
                0x2000aa70                _read
 .text._write   0x2000ab14       0xb8 D:/Internship 2018/OBC Projects/SecondProject/FirstProject/..//hal/at91/lib\libAt91D.a(syscalls.o)
                0x2000ab14                _write
 .text._lseek   0x2000abcc       0x2c D:/Internship 2018/OBC Projects/SecondProject/FirstProject/..//hal/at91/lib\libAt91D.a(syscalls.o)
                0x2000abcc                _lseek
 .text._close   0x2000abf8       0x24 D:/Internship 2018/OBC Projects/SecondProject/FirstProject/..//hal/at91/lib\libAt91D.a(syscalls.o)
                0x2000abf8                _close
 .text._fstat   0x2000ac1c       0x28 D:/Internship 2018/OBC Projects/SecondProject/FirstProject/..//hal/at91/lib\libAt91D.a(syscalls.o)
                0x2000ac1c                _fstat
 .text._isatty  0x2000ac44       0x38 D:/Internship 2018/OBC Projects/SecondProject/FirstProject/..//hal/at91/lib\libAt91D.a(syscalls.o)
                0x2000ac44                _isatty
 .text._sbrk    0x2000ac7c       0xac D:/Internship 2018/OBC Projects/SecondProject/FirstProject/..//hal/at91/lib\libAt91D.a(syscalls.o)
                0x2000ac7c                _sbrk
 .text.AIC_ConfigureIT
                0x2000ad28       0x74 D:/Internship 2018/OBC Projects/SecondProject/FirstProject/..//hal/at91/lib\libAt91D.a(aic.o)
                0x2000ad28                AIC_ConfigureIT
 .text.AIC_EnableIT
                0x2000ad9c       0x34 D:/Internship 2018/OBC Projects/SecondProject/FirstProject/..//hal/at91/lib\libAt91D.a(aic.o)
                0x2000ad9c                AIC_EnableIT
 .text.AIC_DisableIT
                0x2000add0       0x34 D:/Internship 2018/OBC Projects/SecondProject/FirstProject/..//hal/at91/lib\libAt91D.a(aic.o)
                0x2000add0                AIC_DisableIT
 .text.CP15_Enable_I_Cache
                0x2000ae04       0x4c D:/Internship 2018/OBC Projects/SecondProject/FirstProject/..//hal/at91/lib\libAt91D.a(cp15.o)
                0x2000ae04                CP15_Enable_I_Cache
 .text.CP15_Disable_I_Cache
                0x2000ae50       0x5c D:/Internship 2018/OBC Projects/SecondProject/FirstProject/..//hal/at91/lib\libAt91D.a(cp15.o)
                0x2000ae50                CP15_Disable_I_Cache
 .text.CP15_DisableMMU
                0x2000aeac       0x68 D:/Internship 2018/OBC Projects/SecondProject/FirstProject/..//hal/at91/lib\libAt91D.a(cp15.o)
                0x2000aeac                CP15_DisableMMU
 .text.CP15_Disable_D_Cache
                0x2000af14       0x5c D:/Internship 2018/OBC Projects/SecondProject/FirstProject/..//hal/at91/lib\libAt91D.a(cp15.o)
                0x2000af14                CP15_Disable_D_Cache
 .text.DBGU_Configure
                0x2000af70       0x84 D:/Internship 2018/OBC Projects/SecondProject/FirstProject/..//hal/at91/lib\libAt91D.a(dbgu.o)
                0x2000af70                DBGU_Configure
 .text.DBGU_PutChar
                0x2000aff4       0x60 D:/Internship 2018/OBC Projects/SecondProject/FirstProject/..//hal/at91/lib\libAt91D.a(dbgu.o)
                0x2000aff4                DBGU_PutChar
 .text.DBGU_GetChar
                0x2000b054       0x40 D:/Internship 2018/OBC Projects/SecondProject/FirstProject/..//hal/at91/lib\libAt91D.a(dbgu.o)
                0x2000b054                DBGU_GetChar
 .text.PIO_SetPeripheralA
                0x2000b094       0x74 D:/Internship 2018/OBC Projects/SecondProject/FirstProject/..//hal/at91/lib\libAt91D.a(pio.o)
 .text.PIO_SetPeripheralB
                0x2000b108       0x74 D:/Internship 2018/OBC Projects/SecondProject/FirstProject/..//hal/at91/lib\libAt91D.a(pio.o)
 .text.PIO_SetInput
                0x2000b17c       0x9c D:/Internship 2018/OBC Projects/SecondProject/FirstProject/..//hal/at91/lib\libAt91D.a(pio.o)
 .text.PIO_SetOutput
                0x2000b218       0xc4 D:/Internship 2018/OBC Projects/SecondProject/FirstProject/..//hal/at91/lib\libAt91D.a(pio.o)
 .text.PIO_Configure
                0x2000b2dc      0x1ec D:/Internship 2018/OBC Projects/SecondProject/FirstProject/..//hal/at91/lib\libAt91D.a(pio.o)
                0x2000b2dc                PIO_Configure
 .text.PIO_Set  0x2000b4c8       0x3c D:/Internship 2018/OBC Projects/SecondProject/FirstProject/..//hal/at91/lib\libAt91D.a(pio.o)
                0x2000b4c8                PIO_Set
 .text.PIO_Clear
                0x2000b504       0x3c D:/Internship 2018/OBC Projects/SecondProject/FirstProject/..//hal/at91/lib\libAt91D.a(pio.o)
                0x2000b504                PIO_Clear
 .text.PIT_Init
                0x2000b540       0x68 D:/Internship 2018/OBC Projects/SecondProject/FirstProject/..//hal/at91/lib\libAt91D.a(pit.o)
                0x2000b540                PIT_Init
 .text.PIT_Enable
                0x2000b5a8       0x2c D:/Internship 2018/OBC Projects/SecondProject/FirstProject/..//hal/at91/lib\libAt91D.a(pit.o)
                0x2000b5a8                PIT_Enable
 .text.PIT_EnableIT
                0x2000b5d4       0x2c D:/Internship 2018/OBC Projects/SecondProject/FirstProject/..//hal/at91/lib\libAt91D.a(pit.o)
                0x2000b5d4                PIT_EnableIT
 .text.disableCaches
                0x2000b600       0x18 D:/Internship 2018/OBC Projects/SecondProject/FirstProject/..//hal/at91/lib\libAt91D.a(ExitHandler.o)
 .text.restart  0x2000b618       0x28 D:/Internship 2018/OBC Projects/SecondProject/FirstProject/..//hal/at91/lib\libAt91D.a(ExitHandler.o)
                0x2000b618                restart
 .text.restartPrefetchAbort
                0x2000b640       0x28 D:/Internship 2018/OBC Projects/SecondProject/FirstProject/..//hal/at91/lib\libAt91D.a(ExitHandler.o)
                0x2000b640                restartPrefetchAbort
 .text.restartDataAbort
                0x2000b668       0x28 D:/Internship 2018/OBC Projects/SecondProject/FirstProject/..//hal/at91/lib\libAt91D.a(ExitHandler.o)
                0x2000b668                restartDataAbort
 .text.defaultSpuriousHandler
                0x2000b690       0x18 D:/Internship 2018/OBC Projects/SecondProject/FirstProject/..//hal/at91/lib\libAt91D.a(board_lowlevel.o)
                0x2000b690                defaultSpuriousHandler
 .text.defaultFiqHandler
                0x2000b6a8       0x18 D:/Internship 2018/OBC Projects/SecondProject/FirstProject/..//hal/at91/lib\libAt91D.a(board_lowlevel.o)
                0x2000b6a8                defaultFiqHandler
 .text.defaultIrqHandler
                0x2000b6c0       0x18 D:/Internship 2018/OBC Projects/SecondProject/FirstProject/..//hal/at91/lib\libAt91D.a(board_lowlevel.o)
                0x2000b6c0                defaultIrqHandler
 .text.LowLevelInit
                0x2000b6d8       0xf4 D:/Internship 2018/OBC Projects/SecondProject/FirstProject/..//hal/at91/lib\libAt91D.a(board_lowlevel.o)
                0x2000b6d8                LowLevelInit
 .text.BOARD_RemapRam
                0x2000b7cc       0x24 D:/Internship 2018/OBC Projects/SecondProject/FirstProject/..//hal/at91/lib\libAt91D.a(board_memories.o)
                0x2000b7cc                BOARD_RemapRam
 .text.__errno  0x2000b7f0       0x10 c:/isis/application/toolchain/bin/../lib/gcc/arm-none-eabi/4.7.4/../../../../arm-none-eabi/lib\libc_s.a(lib_a-errno.o)
                0x2000b7f0                __errno
 .text.printf   0x2000b800       0x50 c:/isis/application/toolchain/bin/../lib/gcc/arm-none-eabi/4.7.4/../../../../arm-none-eabi/lib\libc_s.a(lib_a-printf.o)
                0x2000b800                iprintf
                0x2000b800                printf
 .text.__sfputc_r
                0x2000b850       0x50 c:/isis/application/toolchain/bin/../lib/gcc/arm-none-eabi/4.7.4/../../../../arm-none-eabi/lib\libc_s.a(lib_a-vfprintf.o)
                0x2000b850                __sfputc_r
 .text._vfprintf_r
                0x2000b8a0      0x360 c:/isis/application/toolchain/bin/../lib/gcc/arm-none-eabi/4.7.4/../../../../arm-none-eabi/lib\libc_s.a(lib_a-vfprintf.o)
                0x2000b8a0                _vfprintf_r
                0x2000b8a0                _vfiprintf_r
 .text.__swbuf_r
                0x2000bc00      0x138 c:/isis/application/toolchain/bin/../lib/gcc/arm-none-eabi/4.7.4/../../../../arm-none-eabi/lib\libc_s.a(lib_a-wbuf.o)
                0x2000bc00                __swbuf_r
 .text.__swsetup_r
                0x2000bd38      0x154 c:/isis/application/toolchain/bin/../lib/gcc/arm-none-eabi/4.7.4/../../../../arm-none-eabi/lib\libc_s.a(lib_a-wsetup.o)
                0x2000bd38                __swsetup_r
 .text._fflush_r
                0x2000be8c      0x244 c:/isis/application/toolchain/bin/../lib/gcc/arm-none-eabi/4.7.4/../../../../arm-none-eabi/lib\libc_s.a(lib_a-fflush.o)
                0x2000be8c                _fflush_r
 .text._cleanup_r
                0x2000c0d0       0x5c c:/isis/application/toolchain/bin/../lib/gcc/arm-none-eabi/4.7.4/../../../../arm-none-eabi/lib\libc_s.a(lib_a-findfp.o)
                0x2000c0d0                _cleanup_r
 .text.std.isra.0
                0x2000c12c       0x7c c:/isis/application/toolchain/bin/../lib/gcc/arm-none-eabi/4.7.4/../../../../arm-none-eabi/lib\libc_s.a(lib_a-findfp.o)
 .text.__sfmoreglue
                0x2000c1a8       0x44 c:/isis/application/toolchain/bin/../lib/gcc/arm-none-eabi/4.7.4/../../../../arm-none-eabi/lib\libc_s.a(lib_a-findfp.o)
                0x2000c1a8                __sfmoreglue
 .text.__sinit  0x2000c1ec       0x90 c:/isis/application/toolchain/bin/../lib/gcc/arm-none-eabi/4.7.4/../../../../arm-none-eabi/lib\libc_s.a(lib_a-findfp.o)
                0x2000c1ec                __sinit
 .text.__sfp    0x2000c27c       0xdc c:/isis/application/toolchain/bin/../lib/gcc/arm-none-eabi/4.7.4/../../../../arm-none-eabi/lib\libc_s.a(lib_a-findfp.o)
                0x2000c27c                __sfp
 .text.__smakebuf_r
                0x2000c358       0xf8 c:/isis/application/toolchain/bin/../lib/gcc/arm-none-eabi/4.7.4/../../../../arm-none-eabi/lib\libc_s.a(lib_a-makebuf.o)
                0x2000c358                __smakebuf_r
 .text.__sread  0x2000c450       0x34 c:/isis/application/toolchain/bin/../lib/gcc/arm-none-eabi/4.7.4/../../../../arm-none-eabi/lib\libc_s.a(lib_a-stdio.o)
                0x2000c450                __sread
 .text.__swrite
                0x2000c484       0x54 c:/isis/application/toolchain/bin/../lib/gcc/arm-none-eabi/4.7.4/../../../../arm-none-eabi/lib\libc_s.a(lib_a-stdio.o)
                0x2000c484                __swrite
 .text.__sseek  0x2000c4d8       0x34 c:/isis/application/toolchain/bin/../lib/gcc/arm-none-eabi/4.7.4/../../../../arm-none-eabi/lib\libc_s.a(lib_a-stdio.o)
                0x2000c4d8                __sseek
 .text.__sclose
                0x2000c50c       0x14 c:/isis/application/toolchain/bin/../lib/gcc/arm-none-eabi/4.7.4/../../../../arm-none-eabi/lib\libc_s.a(lib_a-stdio.o)
                0x2000c50c                __sclose
 .text._write_r
                0x2000c520       0x44 c:/isis/application/toolchain/bin/../lib/gcc/arm-none-eabi/4.7.4/../../../../arm-none-eabi/lib\libc_s.a(lib_a-writer.o)
                0x2000c520                _write_r
 .text._close_r
                0x2000c564       0x3c c:/isis/application/toolchain/bin/../lib/gcc/arm-none-eabi/4.7.4/../../../../arm-none-eabi/lib\libc_s.a(lib_a-closer.o)
                0x2000c564                _close_r
 .text._fstat_r
                0x2000c5a0       0x40 c:/isis/application/toolchain/bin/../lib/gcc/arm-none-eabi/4.7.4/../../../../arm-none-eabi/lib\libc_s.a(lib_a-fstatr.o)
                0x2000c5a0                _fstat_r
 .text._isatty_r
                0x2000c5e0       0x3c c:/isis/application/toolchain/bin/../lib/gcc/arm-none-eabi/4.7.4/../../../../arm-none-eabi/lib\libc_s.a(lib_a-isattyr.o)
                0x2000c5e0                _isatty_r
 .text._lseek_r
                0x2000c61c       0x44 c:/isis/application/toolchain/bin/../lib/gcc/arm-none-eabi/4.7.4/../../../../arm-none-eabi/lib\libc_s.a(lib_a-lseekr.o)
                0x2000c61c                _lseek_r
 .text._read_r  0x2000c660       0x44 c:/isis/application/toolchain/bin/../lib/gcc/arm-none-eabi/4.7.4/../../../../arm-none-eabi/lib\libc_s.a(lib_a-readr.o)
                0x2000c660                _read_r
 *fill*         0x2000c6a4        0x4 00
 .text._read_r.stub
                0x2000c6a8        0x8 linker stubs
 *(.rodata)
 .rodata        0x2000c6b0       0x54 ./src/Tasks/housekeeping_task.o
 .rodata        0x2000c704       0xb4 ./src/Tasks/normal_mode_task.o
 .rodata        0x2000c7b8      0x104 ./src/main.o
 .rodata        0x2000c8bc       0xf4 D:/Internship 2018/OBC Projects/SecondProject/FirstProject/..//hal/hal/lib\libHALRevCD.a(I2C.o)
 .rodata        0x2000c9b0       0x30 D:/Internship 2018/OBC Projects/SecondProject/FirstProject/..//hal/hal/lib\libHALRevCD.a(LED.o)
 .rodata        0x2000c9e0        0xc D:/Internship 2018/OBC Projects/SecondProject/FirstProject/..//hal/hal/lib\libHALRevCD.a(WatchDogTimerNoOS.o)
 .rodata        0x2000c9ec       0x40 D:/Internship 2018/OBC Projects/SecondProject/FirstProject/..//hal/freertos/lib\libFreeRTOSD.a(queue.o)
 .rodata        0x2000ca2c       0x48 D:/Internship 2018/OBC Projects/SecondProject/FirstProject/..//hal/freertos/lib\libFreeRTOSD.a(tasks.o)
 .rodata        0x2000ca74       0x58 D:/Internship 2018/OBC Projects/SecondProject/FirstProject/..//hal/freertos/lib\libFreeRTOSD.a(hooks.o)
 .rodata        0x2000cacc       0x3c D:/Internship 2018/OBC Projects/SecondProject/FirstProject/..//hal/at91/lib\libAt91D.a(syscalls.o)
 .rodata        0x2000cb08      0x158 D:/Internship 2018/OBC Projects/SecondProject/FirstProject/..//hal/at91/lib\libAt91D.a(cp15.o)
 .rodata        0x2000cc60       0x8c D:/Internship 2018/OBC Projects/SecondProject/FirstProject/..//hal/at91/lib\libAt91D.a(ExitHandler.o)
 .rodata        0x2000ccec       0xa8 D:/Internship 2018/OBC Projects/SecondProject/FirstProject/..//hal/at91/lib\libAt91D.a(board_lowlevel.o)
 *(.rodata*)
 .rodata.str1.1
                0x2000cd94       0x10 c:/isis/application/toolchain/bin/../lib/gcc/arm-none-eabi/4.7.4/../../../../arm-none-eabi/lib\libc_s.a(lib_a-vfprintf_float.o)
 .rodata.str1.1
                0x2000cda4       0x22 c:/isis/application/toolchain/bin/../lib/gcc/arm-none-eabi/4.7.4/../../../../arm-none-eabi/lib\libc_s.a(lib_a-vfprintf_i.o)
 .rodata.str1.1
                0x2000cdc6        0x5 c:/isis/application/toolchain/bin/../lib/gcc/arm-none-eabi/4.7.4/../../../../arm-none-eabi/lib\libc_s.a(lib_a-vfscanf_float.o)
 .rodata.str1.1
                0x2000cdcb        0xf c:/isis/application/toolchain/bin/../lib/gcc/arm-none-eabi/4.7.4/../../../../arm-none-eabi/lib\libc_s.a(lib_a-dtoa.o)
 .rodata.str1.1
                0x2000cdda        0xa c:/isis/application/toolchain/bin/../lib/gcc/arm-none-eabi/4.7.4/../../../../arm-none-eabi/lib\libc_s.a(lib_a-locale.o)
                                  0xb (size before relaxing)
 *fill*         0x2000cde4        0x4 00
 .rodata.__mprec_tens
                0x2000cde8       0xc8 c:/isis/application/toolchain/bin/../lib/gcc/arm-none-eabi/4.7.4/../../../../arm-none-eabi/lib\libc_s.a(lib_a-mprec.o)
                0x2000cde8                __mprec_tens
 .rodata.p05.5252
                0x2000ceb0        0xc c:/isis/application/toolchain/bin/../lib/gcc/arm-none-eabi/4.7.4/../../../../arm-none-eabi/lib\libc_s.a(lib_a-mprec.o)
 *fill*         0x2000cebc        0x4 00
 .rodata.__mprec_bigtens
                0x2000cec0       0x28 c:/isis/application/toolchain/bin/../lib/gcc/arm-none-eabi/4.7.4/../../../../arm-none-eabi/lib\libc_s.a(lib_a-mprec.o)
                0x2000cec0                __mprec_bigtens
 .rodata.str1.1
                0x00000000        0xa c:/isis/application/toolchain/bin/../lib/gcc/arm-none-eabi/4.7.4/../../../../arm-none-eabi/lib\libc_s.a(lib_a-strtod.o)
                                  0xc (size before relaxing)
 .rodata.tinytens
                0x2000cee8       0x28 c:/isis/application/toolchain/bin/../lib/gcc/arm-none-eabi/4.7.4/../../../../arm-none-eabi/lib\libc_s.a(lib_a-strtod.o)
 .rodata.str1.1
                0x2000cf10       0x11 c:/isis/application/toolchain/bin/../lib/gcc/arm-none-eabi/4.7.4/../../../../arm-none-eabi/lib\libc_s.a(lib_a-svfprintf.o)
 .rodata._ctype_
                0x2000cf21      0x101 c:/isis/application/toolchain/bin/../lib/gcc/arm-none-eabi/4.7.4/../../../../arm-none-eabi/lib\libc_s.a(lib_a-ctype_.o)
                0x2000cf21                _ctype_
 .rodata.str1.1
                0x2000d022        0xb c:/isis/application/toolchain/bin/../lib/gcc/arm-none-eabi/4.7.4/../../../../arm-none-eabi/lib\libc_s.a(lib_a-gdtoa-gethex.o)
                                 0x19 (size before relaxing)
 .rodata.str1.1
                0x00000000        0x2 c:/isis/application/toolchain/bin/../lib/gcc/arm-none-eabi/4.7.4/../../../../arm-none-eabi/lib\libc_s.a(lib_a-impure.o)
 *fill*         0x2000d02d        0x3 00
 .rodata._global_impure_ptr
                0x2000d030        0x4 c:/isis/application/toolchain/bin/../lib/gcc/arm-none-eabi/4.7.4/../../../../arm-none-eabi/lib\libc_s.a(lib_a-impure.o)
                0x2000d030                _global_impure_ptr
 .rodata.str1.1
                0x00000000       0x11 c:/isis/application/toolchain/bin/../lib/gcc/arm-none-eabi/4.7.4/../../../../arm-none-eabi/lib\libc_s.a(lib_a-vfprintf.o)
 .rodata.__sf_fake_stdin
                0x2000d034       0x20 c:/isis/application/toolchain/bin/../lib/gcc/arm-none-eabi/4.7.4/../../../../arm-none-eabi/lib\libc_s.a(lib_a-findfp.o)
                0x2000d034                __sf_fake_stdin
 .rodata.__sf_fake_stdout
                0x2000d054       0x20 c:/isis/application/toolchain/bin/../lib/gcc/arm-none-eabi/4.7.4/../../../../arm-none-eabi/lib\libc_s.a(lib_a-findfp.o)
                0x2000d054                __sf_fake_stdout
 .rodata.__sf_fake_stderr
                0x2000d074       0x20 c:/isis/application/toolchain/bin/../lib/gcc/arm-none-eabi/4.7.4/../../../../arm-none-eabi/lib\libc_s.a(lib_a-findfp.o)
                0x2000d074                __sf_fake_stderr
 *(.rodata.*)
 *(.glue_7)
 .glue_7        0x00000000        0x0 linker stubs
 *(.glue_7t)
 .glue_7t       0x00000000        0x0 linker stubs
 *(.vfp11_veneer)
 .vfp11_veneer  0x00000000        0x0 linker stubs
 *(.v4_bx)
 .v4_bx         0x00000000        0x0 linker stubs
 *(.data)
 .data          0x2000d094        0x8 D:/Internship 2018/OBC Projects/SecondProject/FirstProject/..//hal/hal/lib\libHALRevCD.a(I2C.o)
 .data          0x2000d09c        0x4 D:/Internship 2018/OBC Projects/SecondProject/FirstProject/..//hal/freertos/lib\libFreeRTOSD.a(tasks.o)
 .data          0x2000d0a0        0x4 D:/Internship 2018/OBC Projects/SecondProject/FirstProject/..//hal/freertos/lib\libFreeRTOSD.a(port.o)
                0x2000d0a0                ulCriticalNesting
 *(.data.*)
 .data.lconv    0x2000d0a4       0x38 c:/isis/application/toolchain/bin/../lib/gcc/arm-none-eabi/4.7.4/../../../../arm-none-eabi/lib\libc_s.a(lib_a-locale.o)
 .data.fpi.5208
                0x2000d0dc       0x14 c:/isis/application/toolchain/bin/../lib/gcc/arm-none-eabi/4.7.4/../../../../arm-none-eabi/lib\libc_s.a(lib_a-strtod.o)
 .data.fpinan.5244
                0x2000d0f0       0x14 c:/isis/application/toolchain/bin/../lib/gcc/arm-none-eabi/4.7.4/../../../../arm-none-eabi/lib\libc_s.a(lib_a-strtod.o)
 .data.__ctype_ptr__
                0x2000d104        0x4 c:/isis/application/toolchain/bin/../lib/gcc/arm-none-eabi/4.7.4/../../../../arm-none-eabi/lib\libc_s.a(lib_a-ctype_.o)
                0x2000d104                __ctype_ptr__
 .data.impure_data
                0x2000d108       0x64 c:/isis/application/toolchain/bin/../lib/gcc/arm-none-eabi/4.7.4/../../../../arm-none-eabi/lib\libc_s.a(lib_a-impure.o)
 .data._impure_ptr
                0x2000d16c        0x4 c:/isis/application/toolchain/bin/../lib/gcc/arm-none-eabi/4.7.4/../../../../arm-none-eabi/lib\libc_s.a(lib_a-impure.o)
                0x2000d16c                _impure_ptr
 *(.dyn)
 *(.iplt)
 .iplt          0x00000000        0x0 c:/isis/application/toolchain/bin/../lib/gcc/arm-none-eabi/4.7.4/../../../../arm-none-eabi/lib\libc_s.a(lib_a-vfprintf_float.o)
 *(.igot)
 *(.igot.plt)
 .igot.plt      0x00000000        0x0 c:/isis/application/toolchain/bin/../lib/gcc/arm-none-eabi/4.7.4/../../../../arm-none-eabi/lib\libc_s.a(lib_a-vfprintf_float.o)
 *(.rel.dyn)
 *(.rel.iplt)
 .rel.iplt      0x00000000        0x0 c:/isis/application/toolchain/bin/../lib/gcc/arm-none-eabi/4.7.4/../../../../arm-none-eabi/lib\libc_s.a(lib_a-vfprintf_float.o)
                0x2000d170                . = ALIGN (0x4)
                0x2000d170                _efixed = .

.ARM.exidx      0x2000d170        0x0
 *(.ARM.exidx)
                0x2000d170                _eexidx = .

.ARM.extab      0x2000d170        0x0
 *(.ARM.extab)
                0x2000d170                _eextab = .

.prerelocate    0x00000000        0x0 load address 0x2000d170
                0x00000000                . = ALIGN (0x4)
                0x00000000                _sprerelocate = .
                0x00000000                . = ALIGN (0x4)
                0x00000000                _eprerelocate = .

.postrelocate   0x00200000      0x2d0 load address 0x2000d170
                0x00200000                . = ALIGN (0x4)
                0x00200000                _spostrelocate = .
 *(.vectors)
 .vectors       0x00200000       0xd4 D:/Internship 2018/OBC Projects/SecondProject/FirstProject/..//hal/at91/lib\libAt91D.a(board_cstartup.o)
 *(.sramfunc)
 .sramfunc      0x002000d4       0x98 D:/Internship 2018/OBC Projects/SecondProject/FirstProject/..//hal/hal/lib\libHALRevCD.a(WatchDogTimerNoOS.o)
                0x002000d4                WDT_kickEveryNcalls
                0x0020011c                WDT_forceKick
 .sramfunc      0x0020016c       0xf0 D:/Internship 2018/OBC Projects/SecondProject/FirstProject/..//hal/freertos/lib\libFreeRTOSD.a(port.o)
                0x0020016c                vPortTickISR
                0x002001a8                vPortYieldProcessor
 .sramfunc      0x0020025c       0x48 D:/Internship 2018/OBC Projects/SecondProject/FirstProject/..//hal/at91/lib\libAt91D.a(ExitHandler.o)
                0x0020025c                gracefulReset
 *fill*         0x002002a4        0x4 00
 .sramfunc.stub
                0x002002a8       0x28 linker stubs
 *(.ramfunc)
                0x002002d0                . = ALIGN (0x4)
                0x002002d0                _epostrelocate = .

.sramdata       0x00300000        0x4 load address 0x2000d440
                0x00300000                . = ALIGN (0x4)
                0x00300000                _ssramdata = .
 *(.sramdata)
 .sramdata      0x00300000        0x4 D:/Internship 2018/OBC Projects/SecondProject/FirstProject/..//hal/hal/lib\libHALRevCD.a(WatchDogTimerNoOS.o)
                0x00300004                . = ALIGN (0x4)
                0x00300004                _esramdata = .

.srambss        0x00300004        0x0
                0x00300004                . = ALIGN (0x4)
                0x00300004                _ssrambss = .
 *(.srambss)
                0x00300004                . = ALIGN (0x4)
                0x00300004                _esrambss = .

.bss            0x2000d170      0x378
                0x2000d170                _szero = .
 *(.bss)
 .bss           0x2000d170        0x8 D:/Internship 2018/OBC Projects/SecondProject/FirstProject/..//satellite-subsystems/satellite-subsystems/lib\libSatelliteSubsystemsD.a(IsisTRXVU.o)
 .bss           0x2000d178       0x54 D:/Internship 2018/OBC Projects/SecondProject/FirstProject/..//hal/hal/lib\libHALRevCD.a(I2C.o)
                0x2000d180                RescheduleFlag
 .bss           0x2000d1cc       0x10 D:/Internship 2018/OBC Projects/SecondProject/FirstProject/..//hal/hal/lib\libHALRevCD.a(LED.o)
 .bss           0x2000d1dc       0xfc D:/Internship 2018/OBC Projects/SecondProject/FirstProject/..//hal/freertos/lib\libFreeRTOSD.a(tasks.o)
                0x2000d1dc                pxCurrentTCB
 .bss           0x2000d2d8        0x4 D:/Internship 2018/OBC Projects/SecondProject/FirstProject/..//hal/at91/lib\libAt91D.a(syscalls.o)
 *(.bss.*)
 .bss.__malloc_free_list
                0x2000d2dc        0x4 c:/isis/application/toolchain/bin/../lib/gcc/arm-none-eabi/4.7.4/../../../../arm-none-eabi/lib\libc_s.a(lib_a-mallocr.o)
                0x2000d2dc                __malloc_free_list
 *(COMMON)
 COMMON         0x2000d2e0      0x100 c:/isis/application/toolchain/bin/../lib/gcc/arm-none-eabi/4.7.4/../../../../arm-none-eabi/lib\libc_s.a(lib_a-gdtoa-gethex.o)
                0x2000d2e0                __hexdig
 COMMON         0x2000d3e0        0x4 c:/isis/application/toolchain/bin/../lib/gcc/arm-none-eabi/4.7.4/../../../../arm-none-eabi/lib\libc_s.a(lib_a-reent.o)
                0x2000d3e0                errno
 COMMON         0x2000d3e4        0x4 ./src/Tasks/normal_mode_task.o
                0x2000d3e4                xQueue
 COMMON         0x2000d3e8      0x100 D:/Internship 2018/OBC Projects/SecondProject/FirstProject/..//hal/freertos/lib\libFreeRTOSD.a(queue.o)
                0x2000d3e8                xQueueRegistry
 *(COMMON.*)
                0x2000d4e8                . = ALIGN (0x4)
                0x2000d4e8                _ezero = .
                0x2000d4e8                _sheap_ = .
                0x21700000                _eheap_ = 0x21700000
                0x21fffc00                _sstack = 0x21fffc00
                0x2000d4e8                end = .
OUTPUT(isis-obc-first-project.elf elf32-littlearm)

.ARM.attributes
                0x00000000       0x30
 .ARM.attributes
                0x00000000       0x30 c:/isis/application/toolchain/bin/../lib/gcc/arm-none-eabi/4.7.4/../../../../arm-none-eabi/lib\libc_s.a(lib_a-vfprintf_float.o)
 .ARM.attributes
                0x00000030       0x30 c:/isis/application/toolchain/bin/../lib/gcc/arm-none-eabi/4.7.4/../../../../arm-none-eabi/lib\libc_s.a(lib_a-vfprintf_i.o)
 .ARM.attributes
                0x00000060       0x30 c:/isis/application/toolchain/bin/../lib/gcc/arm-none-eabi/4.7.4/../../../../arm-none-eabi/lib\libc_s.a(lib_a-vfscanf_float.o)
 .ARM.attributes
                0x00000090       0x30 c:/isis/application/toolchain/bin/../lib/gcc/arm-none-eabi/4.7.4/../../../../arm-none-eabi/lib\libc_s.a(lib_a-dtoa.o)
 .ARM.attributes
                0x000000c0       0x30 c:/isis/application/toolchain/bin/../lib/gcc/arm-none-eabi/4.7.4/../../../../arm-none-eabi/lib\libc_s.a(lib_a-locale.o)
 .ARM.attributes
                0x000000f0       0x30 c:/isis/application/toolchain/bin/../lib/gcc/arm-none-eabi/4.7.4/../../../../arm-none-eabi/lib\libc_s.a(lib_a-malloc.o)
 .ARM.attributes
                0x00000120       0x30 c:/isis/application/toolchain/bin/../lib/gcc/arm-none-eabi/4.7.4/../../../../arm-none-eabi/lib\libc_s.a(lib_a-mallocr.o)
 .ARM.attributes
                0x00000150       0x30 c:/isis/application/toolchain/bin/../lib/gcc/arm-none-eabi/4.7.4/../../../../arm-none-eabi/lib\libc_s.a(lib_a-memcpy.o)
 .ARM.attributes
                0x00000180       0x30 c:/isis/application/toolchain/bin/../lib/gcc/arm-none-eabi/4.7.4/../../../../arm-none-eabi/lib\libc_s.a(lib_a-mprec.o)
 .ARM.attributes
                0x000001b0       0x30 c:/isis/application/toolchain/bin/../lib/gcc/arm-none-eabi/4.7.4/../../../../arm-none-eabi/lib\libc_s.a(lib_a-s_fpclassify.o)
 .ARM.attributes
                0x000001e0       0x30 c:/isis/application/toolchain/bin/../lib/gcc/arm-none-eabi/4.7.4/../../../../arm-none-eabi/lib\libc_s.a(lib_a-sbrkr.o)
 .ARM.attributes
                0x00000210       0x30 c:/isis/application/toolchain/bin/../lib/gcc/arm-none-eabi/4.7.4/../../../../arm-none-eabi/lib\libc_s.a(lib_a-sf_nan.o)
 .ARM.attributes
                0x00000240       0x30 c:/isis/application/toolchain/bin/../lib/gcc/arm-none-eabi/4.7.4/../../../../arm-none-eabi/lib\libc_s.a(lib_a-sprintf.o)
 .ARM.attributes
                0x00000270       0x30 c:/isis/application/toolchain/bin/../lib/gcc/arm-none-eabi/4.7.4/../../../../arm-none-eabi/lib\libc_s.a(lib_a-strlen.o)
 .ARM.attributes
                0x000002a0       0x30 c:/isis/application/toolchain/bin/../lib/gcc/arm-none-eabi/4.7.4/../../../../arm-none-eabi/lib\libc_s.a(lib_a-strtod.o)
 .ARM.attributes
                0x000002d0       0x30 c:/isis/application/toolchain/bin/../lib/gcc/arm-none-eabi/4.7.4/../../../../arm-none-eabi/lib\libc_s.a(lib_a-strtol.o)
 .ARM.attributes
                0x00000300       0x30 c:/isis/application/toolchain/bin/../lib/gcc/arm-none-eabi/4.7.4/../../../../arm-none-eabi/lib\libc_s.a(lib_a-svfprintf.o)
 .ARM.attributes
                0x00000330       0x30 c:/isis/application/toolchain/bin/../lib/gcc/arm-none-eabi/4.7.4/../../../../arm-none-eabi/lib\libc_s.a(lib_a-callocr.o)
 .ARM.attributes
                0x00000360       0x30 c:/isis/application/toolchain/bin/../lib/gcc/arm-none-eabi/4.7.4/../../../../arm-none-eabi/lib\libc_s.a(lib_a-ctype_.o)
 .ARM.attributes
                0x00000390       0x30 c:/isis/application/toolchain/bin/../lib/gcc/arm-none-eabi/4.7.4/../../../../arm-none-eabi/lib\libc_s.a(lib_a-freer.o)
 .ARM.attributes
                0x000003c0       0x30 c:/isis/application/toolchain/bin/../lib/gcc/arm-none-eabi/4.7.4/../../../../arm-none-eabi/lib\libc_s.a(lib_a-gdtoa-gethex.o)
 .ARM.attributes
                0x000003f0       0x30 c:/isis/application/toolchain/bin/../lib/gcc/arm-none-eabi/4.7.4/../../../../arm-none-eabi/lib\libc_s.a(lib_a-gdtoa-hexnan.o)
 .ARM.attributes
                0x00000420       0x30 c:/isis/application/toolchain/bin/../lib/gcc/arm-none-eabi/4.7.4/../../../../arm-none-eabi/lib\libc_s.a(lib_a-impure.o)
 .ARM.attributes
                0x00000450       0x30 c:/isis/application/toolchain/bin/../lib/gcc/arm-none-eabi/4.7.4/../../../../arm-none-eabi/lib\libc_s.a(lib_a-memchr.o)
 .ARM.attributes
                0x00000480       0x30 c:/isis/application/toolchain/bin/../lib/gcc/arm-none-eabi/4.7.4/../../../../arm-none-eabi/lib\libc_s.a(lib_a-memset.o)
 .ARM.attributes
                0x000004b0       0x30 c:/isis/application/toolchain/bin/../lib/gcc/arm-none-eabi/4.7.4/../../../../arm-none-eabi/lib\libc_s.a(lib_a-reallocr.o)
 .ARM.attributes
                0x000004e0       0x30 c:/isis/application/toolchain/bin/../lib/gcc/arm-none-eabi/4.7.4/../../../../arm-none-eabi/lib\libc_s.a(lib_a-reent.o)
 .ARM.attributes
                0x00000510       0x30 c:/isis/application/toolchain/bin/../lib/gcc/arm-none-eabi/4.7.4/../../../../arm-none-eabi/lib\libc_s.a(lib_a-strncmp.o)
 .ARM.attributes
                0x00000540       0x30 c:/isis/application/toolchain/bin/../lib/gcc/arm-none-eabi/4.7.4/../../../../arm-none-eabi/lib\libc_s.a(lib_a-msizer.o)
 .ARM.attributes
                0x00000570       0x32 ./src/Tasks/housekeeping_task.o
 .ARM.attributes
                0x000005a2       0x32 ./src/Tasks/normal_mode_task.o
 .ARM.attributes
                0x000005d4       0x32 ./src/main.o
 .ARM.attributes
                0x00000606       0x32 D:/Internship 2018/OBC Projects/SecondProject/FirstProject/..//satellite-subsystems/satellite-subsystems/lib\libSatelliteSubsystemsD.a(IsisTRXVU.o)
 .ARM.attributes
                0x00000638       0x32 D:/Internship 2018/OBC Projects/SecondProject/FirstProject/..//satellite-subsystems/satellite-subsystems/lib\libSatelliteSubsystemsD.a(IsisTRXCommon.o)
 .ARM.attributes
                0x0000066a       0x32 D:/Internship 2018/OBC Projects/SecondProject/FirstProject/..//hal/hal/lib\libHALRevCD.a(I2C.o)
 .ARM.attributes
                0x0000069c       0x32 D:/Internship 2018/OBC Projects/SecondProject/FirstProject/..//hal/hal/lib\libHALRevCD.a(LED.o)
 .ARM.attributes
                0x000006ce       0x32 D:/Internship 2018/OBC Projects/SecondProject/FirstProject/..//hal/hal/lib\libHALRevCD.a(WatchDogTimerNoOS.o)
 .ARM.attributes
                0x00000700       0x32 D:/Internship 2018/OBC Projects/SecondProject/FirstProject/..//hal/freertos/lib\libFreeRTOSD.a(queue.o)
 .ARM.attributes
                0x00000732       0x32 D:/Internship 2018/OBC Projects/SecondProject/FirstProject/..//hal/freertos/lib\libFreeRTOSD.a(tasks.o)
 .ARM.attributes
                0x00000764       0x32 D:/Internship 2018/OBC Projects/SecondProject/FirstProject/..//hal/freertos/lib\libFreeRTOSD.a(hooks.o)
 .ARM.attributes
                0x00000796       0x32 D:/Internship 2018/OBC Projects/SecondProject/FirstProject/..//hal/freertos/lib\libFreeRTOSD.a(standardMemMang.o)
 .ARM.attributes
                0x000007c8       0x32 D:/Internship 2018/OBC Projects/SecondProject/FirstProject/..//hal/freertos/lib\libFreeRTOSD.a(port.o)
 .ARM.attributes
                0x000007fa       0x32 D:/Internship 2018/OBC Projects/SecondProject/FirstProject/..//hal/freertos/lib\libFreeRTOSD.a(list.o)
 .ARM.attributes
                0x0000082c       0x32 D:/Internship 2018/OBC Projects/SecondProject/FirstProject/..//hal/at91/lib\libAt91D.a(syscalls.o)
 .ARM.attributes
                0x0000085e       0x32 D:/Internship 2018/OBC Projects/SecondProject/FirstProject/..//hal/at91/lib\libAt91D.a(aic.o)
 .ARM.attributes
                0x00000890       0x32 D:/Internship 2018/OBC Projects/SecondProject/FirstProject/..//hal/at91/lib\libAt91D.a(cp15.o)
 .ARM.attributes
                0x000008c2       0x32 D:/Internship 2018/OBC Projects/SecondProject/FirstProject/..//hal/at91/lib\libAt91D.a(dbgu.o)
 .ARM.attributes
                0x000008f4       0x32 D:/Internship 2018/OBC Projects/SecondProject/FirstProject/..//hal/at91/lib\libAt91D.a(pio.o)
 .ARM.attributes
                0x00000926       0x32 D:/Internship 2018/OBC Projects/SecondProject/FirstProject/..//hal/at91/lib\libAt91D.a(pit.o)
 .ARM.attributes
                0x00000958       0x32 D:/Internship 2018/OBC Projects/SecondProject/FirstProject/..//hal/at91/lib\libAt91D.a(ExitHandler.o)
 .ARM.attributes
                0x0000098a       0x22 D:/Internship 2018/OBC Projects/SecondProject/FirstProject/..//hal/at91/lib\libAt91D.a(board_cstartup.o)
 .ARM.attributes
                0x000009ac       0x22 D:/Internship 2018/OBC Projects/SecondProject/FirstProject/..//hal/at91/lib\libAt91D.a(cp15_asm.o)
 .ARM.attributes
                0x000009ce       0x32 D:/Internship 2018/OBC Projects/SecondProject/FirstProject/..//hal/at91/lib\libAt91D.a(board_lowlevel.o)
 .ARM.attributes
                0x00000a00       0x32 D:/Internship 2018/OBC Projects/SecondProject/FirstProject/..//hal/at91/lib\libAt91D.a(board_memories.o)
 .ARM.attributes
                0x00000a32       0x18 c:/isis/application/toolchain/bin/../lib/gcc/arm-none-eabi/4.7.4\libgcc.a(_udivsi3.o)
 .ARM.attributes
                0x00000a4a       0x18 c:/isis/application/toolchain/bin/../lib/gcc/arm-none-eabi/4.7.4\libgcc.a(_divsi3.o)
 .ARM.attributes
                0x00000a62       0x18 c:/isis/application/toolchain/bin/../lib/gcc/arm-none-eabi/4.7.4\libgcc.a(_dvmd_tls.o)
 .ARM.attributes
                0x00000a7a       0x18 c:/isis/application/toolchain/bin/../lib/gcc/arm-none-eabi/4.7.4\libgcc.a(_arm_addsubdf3.o)
 .ARM.attributes
                0x00000a92       0x18 c:/isis/application/toolchain/bin/../lib/gcc/arm-none-eabi/4.7.4\libgcc.a(_arm_muldivdf3.o)
 .ARM.attributes
                0x00000aaa       0x18 c:/isis/application/toolchain/bin/../lib/gcc/arm-none-eabi/4.7.4\libgcc.a(_arm_cmpdf2.o)
 .ARM.attributes
                0x00000ac2       0x18 c:/isis/application/toolchain/bin/../lib/gcc/arm-none-eabi/4.7.4\libgcc.a(_arm_fixdfsi.o)
 .ARM.attributes
                0x00000ada       0x18 c:/isis/application/toolchain/bin/../lib/gcc/arm-none-eabi/4.7.4\libgcc.a(_arm_fixunsdfsi.o)
 .ARM.attributes
                0x00000af2       0x18 c:/isis/application/toolchain/bin/../lib/gcc/arm-none-eabi/4.7.4\libgcc.a(_arm_truncdfsf2.o)
 .ARM.attributes
                0x00000b0a       0x18 c:/isis/application/toolchain/bin/../lib/gcc/arm-none-eabi/4.7.4\libgcc.a(_arm_addsubsf3.o)
 .ARM.attributes
                0x00000b22       0x30 c:/isis/application/toolchain/bin/../lib/gcc/arm-none-eabi/4.7.4/../../../../arm-none-eabi/lib\libc_s.a(lib_a-errno.o)
 .ARM.attributes
                0x00000b52       0x30 c:/isis/application/toolchain/bin/../lib/gcc/arm-none-eabi/4.7.4/../../../../arm-none-eabi/lib\libc_s.a(lib_a-printf.o)
 .ARM.attributes
                0x00000b82       0x30 c:/isis/application/toolchain/bin/../lib/gcc/arm-none-eabi/4.7.4/../../../../arm-none-eabi/lib\libc_s.a(lib_a-vfprintf.o)
 .ARM.attributes
                0x00000bb2       0x30 c:/isis/application/toolchain/bin/../lib/gcc/arm-none-eabi/4.7.4/../../../../arm-none-eabi/lib\libc_s.a(lib_a-wbuf.o)
 .ARM.attributes
                0x00000be2       0x30 c:/isis/application/toolchain/bin/../lib/gcc/arm-none-eabi/4.7.4/../../../../arm-none-eabi/lib\libc_s.a(lib_a-wsetup.o)
 .ARM.attributes
                0x00000c12       0x30 c:/isis/application/toolchain/bin/../lib/gcc/arm-none-eabi/4.7.4/../../../../arm-none-eabi/lib\libc_s.a(lib_a-fflush.o)
 .ARM.attributes
                0x00000c42       0x30 c:/isis/application/toolchain/bin/../lib/gcc/arm-none-eabi/4.7.4/../../../../arm-none-eabi/lib\libc_s.a(lib_a-findfp.o)
 .ARM.attributes
                0x00000c72       0x30 c:/isis/application/toolchain/bin/../lib/gcc/arm-none-eabi/4.7.4/../../../../arm-none-eabi/lib\libc_s.a(lib_a-makebuf.o)
 .ARM.attributes
                0x00000ca2       0x30 c:/isis/application/toolchain/bin/../lib/gcc/arm-none-eabi/4.7.4/../../../../arm-none-eabi/lib\libc_s.a(lib_a-stdio.o)
 .ARM.attributes
                0x00000cd2       0x30 c:/isis/application/toolchain/bin/../lib/gcc/arm-none-eabi/4.7.4/../../../../arm-none-eabi/lib\libc_s.a(lib_a-writer.o)
 .ARM.attributes
                0x00000d02       0x30 c:/isis/application/toolchain/bin/../lib/gcc/arm-none-eabi/4.7.4/../../../../arm-none-eabi/lib\libc_s.a(lib_a-closer.o)
 .ARM.attributes
                0x00000d32       0x30 c:/isis/application/toolchain/bin/../lib/gcc/arm-none-eabi/4.7.4/../../../../arm-none-eabi/lib\libc_s.a(lib_a-fstatr.o)
 .ARM.attributes
                0x00000d62       0x30 c:/isis/application/toolchain/bin/../lib/gcc/arm-none-eabi/4.7.4/../../../../arm-none-eabi/lib\libc_s.a(lib_a-isattyr.o)
 .ARM.attributes
                0x00000d92       0x30 c:/isis/application/toolchain/bin/../lib/gcc/arm-none-eabi/4.7.4/../../../../arm-none-eabi/lib\libc_s.a(lib_a-lseekr.o)
 .ARM.attributes
                0x00000dc2       0x30 c:/isis/application/toolchain/bin/../lib/gcc/arm-none-eabi/4.7.4/../../../../arm-none-eabi/lib\libc_s.a(lib_a-readr.o)

.comment        0x00000000       0x70
 .comment       0x00000000       0x70 ./src/Tasks/housekeeping_task.o
                                 0x71 (size before relaxing)
 .comment       0x00000000       0x71 ./src/Tasks/normal_mode_task.o
 .comment       0x00000000       0x71 ./src/main.o
 .comment       0x00000000       0x71 D:/Internship 2018/OBC Projects/SecondProject/FirstProject/..//satellite-subsystems/satellite-subsystems/lib\libSatelliteSubsystemsD.a(IsisTRXVU.o)
 .comment       0x00000000       0x71 D:/Internship 2018/OBC Projects/SecondProject/FirstProject/..//satellite-subsystems/satellite-subsystems/lib\libSatelliteSubsystemsD.a(IsisTRXCommon.o)
 .comment       0x00000000       0x71 D:/Internship 2018/OBC Projects/SecondProject/FirstProject/..//hal/hal/lib\libHALRevCD.a(I2C.o)
 .comment       0x00000000       0x71 D:/Internship 2018/OBC Projects/SecondProject/FirstProject/..//hal/hal/lib\libHALRevCD.a(LED.o)
 .comment       0x00000000       0x71 D:/Internship 2018/OBC Projects/SecondProject/FirstProject/..//hal/hal/lib\libHALRevCD.a(WatchDogTimerNoOS.o)
 .comment       0x00000000       0x71 D:/Internship 2018/OBC Projects/SecondProject/FirstProject/..//hal/freertos/lib\libFreeRTOSD.a(queue.o)
 .comment       0x00000000       0x71 D:/Internship 2018/OBC Projects/SecondProject/FirstProject/..//hal/freertos/lib\libFreeRTOSD.a(tasks.o)
 .comment       0x00000000       0x71 D:/Internship 2018/OBC Projects/SecondProject/FirstProject/..//hal/freertos/lib\libFreeRTOSD.a(hooks.o)
 .comment       0x00000000       0x71 D:/Internship 2018/OBC Projects/SecondProject/FirstProject/..//hal/freertos/lib\libFreeRTOSD.a(standardMemMang.o)
 .comment       0x00000000       0x71 D:/Internship 2018/OBC Projects/SecondProject/FirstProject/..//hal/freertos/lib\libFreeRTOSD.a(port.o)
 .comment       0x00000000       0x71 D:/Internship 2018/OBC Projects/SecondProject/FirstProject/..//hal/freertos/lib\libFreeRTOSD.a(list.o)
 .comment       0x00000000       0x71 D:/Internship 2018/OBC Projects/SecondProject/FirstProject/..//hal/at91/lib\libAt91D.a(syscalls.o)
 .comment       0x00000000       0x71 D:/Internship 2018/OBC Projects/SecondProject/FirstProject/..//hal/at91/lib\libAt91D.a(aic.o)
 .comment       0x00000000       0x71 D:/Internship 2018/OBC Projects/SecondProject/FirstProject/..//hal/at91/lib\libAt91D.a(cp15.o)
 .comment       0x00000000       0x71 D:/Internship 2018/OBC Projects/SecondProject/FirstProject/..//hal/at91/lib\libAt91D.a(dbgu.o)
 .comment       0x00000000       0x71 D:/Internship 2018/OBC Projects/SecondProject/FirstProject/..//hal/at91/lib\libAt91D.a(pio.o)
 .comment       0x00000000       0x71 D:/Internship 2018/OBC Projects/SecondProject/FirstProject/..//hal/at91/lib\libAt91D.a(pit.o)
 .comment       0x00000000       0x71 D:/Internship 2018/OBC Projects/SecondProject/FirstProject/..//hal/at91/lib\libAt91D.a(ExitHandler.o)
 .comment       0x00000000       0x71 D:/Internship 2018/OBC Projects/SecondProject/FirstProject/..//hal/at91/lib\libAt91D.a(board_lowlevel.o)
 .comment       0x00000000       0x71 D:/Internship 2018/OBC Projects/SecondProject/FirstProject/..//hal/at91/lib\libAt91D.a(board_memories.o)

.debug_frame    0x00000000     0x27b0
 .debug_frame   0x00000000       0x80 c:/isis/application/toolchain/bin/../lib/gcc/arm-none-eabi/4.7.4/../../../../arm-none-eabi/lib\libc_s.a(lib_a-vfprintf_float.o)
 .debug_frame   0x00000080       0x5c c:/isis/application/toolchain/bin/../lib/gcc/arm-none-eabi/4.7.4/../../../../arm-none-eabi/lib\libc_s.a(lib_a-vfprintf_i.o)
 .debug_frame   0x000000dc       0x38 c:/isis/application/toolchain/bin/../lib/gcc/arm-none-eabi/4.7.4/../../../../arm-none-eabi/lib\libc_s.a(lib_a-vfscanf_float.o)
 .debug_frame   0x00000114       0x64 c:/isis/application/toolchain/bin/../lib/gcc/arm-none-eabi/4.7.4/../../../../arm-none-eabi/lib\libc_s.a(lib_a-dtoa.o)
 .debug_frame   0x00000178       0x98 c:/isis/application/toolchain/bin/../lib/gcc/arm-none-eabi/4.7.4/../../../../arm-none-eabi/lib\libc_s.a(lib_a-locale.o)
 .debug_frame   0x00000210       0x40 c:/isis/application/toolchain/bin/../lib/gcc/arm-none-eabi/4.7.4/../../../../arm-none-eabi/lib\libc_s.a(lib_a-malloc.o)
 .debug_frame   0x00000250       0x2c c:/isis/application/toolchain/bin/../lib/gcc/arm-none-eabi/4.7.4/../../../../arm-none-eabi/lib\libc_s.a(lib_a-mallocr.o)
 .debug_frame   0x0000027c       0x20 c:/isis/application/toolchain/bin/../lib/gcc/arm-none-eabi/4.7.4/../../../../arm-none-eabi/lib\libc_s.a(lib_a-memcpy.o)
 .debug_frame   0x0000029c      0x22c c:/isis/application/toolchain/bin/../lib/gcc/arm-none-eabi/4.7.4/../../../../arm-none-eabi/lib\libc_s.a(lib_a-mprec.o)
 .debug_frame   0x000004c8       0x20 c:/isis/application/toolchain/bin/../lib/gcc/arm-none-eabi/4.7.4/../../../../arm-none-eabi/lib\libc_s.a(lib_a-s_fpclassify.o)
 .debug_frame   0x000004e8       0x2c c:/isis/application/toolchain/bin/../lib/gcc/arm-none-eabi/4.7.4/../../../../arm-none-eabi/lib\libc_s.a(lib_a-sbrkr.o)
 .debug_frame   0x00000514       0x20 c:/isis/application/toolchain/bin/../lib/gcc/arm-none-eabi/4.7.4/../../../../arm-none-eabi/lib\libc_s.a(lib_a-sf_nan.o)
 .debug_frame   0x00000534       0x54 c:/isis/application/toolchain/bin/../lib/gcc/arm-none-eabi/4.7.4/../../../../arm-none-eabi/lib\libc_s.a(lib_a-sprintf.o)
 .debug_frame   0x00000588       0x20 c:/isis/application/toolchain/bin/../lib/gcc/arm-none-eabi/4.7.4/../../../../arm-none-eabi/lib\libc_s.a(lib_a-strlen.o)
 .debug_frame   0x000005a8       0x80 c:/isis/application/toolchain/bin/../lib/gcc/arm-none-eabi/4.7.4/../../../../arm-none-eabi/lib\libc_s.a(lib_a-strtod.o)
 .debug_frame   0x00000628       0x54 c:/isis/application/toolchain/bin/../lib/gcc/arm-none-eabi/4.7.4/../../../../arm-none-eabi/lib\libc_s.a(lib_a-strtol.o)
 .debug_frame   0x0000067c       0x88 c:/isis/application/toolchain/bin/../lib/gcc/arm-none-eabi/4.7.4/../../../../arm-none-eabi/lib\libc_s.a(lib_a-svfprintf.o)
 .debug_frame   0x00000704       0x2c c:/isis/application/toolchain/bin/../lib/gcc/arm-none-eabi/4.7.4/../../../../arm-none-eabi/lib\libc_s.a(lib_a-callocr.o)
 .debug_frame   0x00000730       0x28 c:/isis/application/toolchain/bin/../lib/gcc/arm-none-eabi/4.7.4/../../../../arm-none-eabi/lib\libc_s.a(lib_a-freer.o)
 .debug_frame   0x00000758       0x84 c:/isis/application/toolchain/bin/../lib/gcc/arm-none-eabi/4.7.4/../../../../arm-none-eabi/lib\libc_s.a(lib_a-gdtoa-gethex.o)
 .debug_frame   0x000007dc       0x54 c:/isis/application/toolchain/bin/../lib/gcc/arm-none-eabi/4.7.4/../../../../arm-none-eabi/lib\libc_s.a(lib_a-gdtoa-hexnan.o)
 .debug_frame   0x00000830       0x20 c:/isis/application/toolchain/bin/../lib/gcc/arm-none-eabi/4.7.4/../../../../arm-none-eabi/lib\libc_s.a(lib_a-memchr.o)
 .debug_frame   0x00000850       0x20 c:/isis/application/toolchain/bin/../lib/gcc/arm-none-eabi/4.7.4/../../../../arm-none-eabi/lib\libc_s.a(lib_a-memset.o)
 .debug_frame   0x00000870       0x30 c:/isis/application/toolchain/bin/../lib/gcc/arm-none-eabi/4.7.4/../../../../arm-none-eabi/lib\libc_s.a(lib_a-reallocr.o)
 .debug_frame   0x000008a0       0x64 c:/isis/application/toolchain/bin/../lib/gcc/arm-none-eabi/4.7.4/../../../../arm-none-eabi/lib\libc_s.a(lib_a-reent.o)
 .debug_frame   0x00000904       0x28 c:/isis/application/toolchain/bin/../lib/gcc/arm-none-eabi/4.7.4/../../../../arm-none-eabi/lib\libc_s.a(lib_a-strncmp.o)
 .debug_frame   0x0000092c       0x20 c:/isis/application/toolchain/bin/../lib/gcc/arm-none-eabi/4.7.4/../../../../arm-none-eabi/lib\libc_s.a(lib_a-msizer.o)
 .debug_frame   0x0000094c       0x48 ./src/Tasks/housekeeping_task.o
 .debug_frame   0x00000994       0x48 ./src/Tasks/normal_mode_task.o
 .debug_frame   0x000009dc       0x48 ./src/main.o
 .debug_frame   0x00000a24      0x2b8 D:/Internship 2018/OBC Projects/SecondProject/FirstProject/..//satellite-subsystems/satellite-subsystems/lib\libSatelliteSubsystemsD.a(IsisTRXVU.o)
 .debug_frame   0x00000cdc      0x198 D:/Internship 2018/OBC Projects/SecondProject/FirstProject/..//satellite-subsystems/satellite-subsystems/lib\libSatelliteSubsystemsD.a(IsisTRXCommon.o)
 .debug_frame   0x00000e74      0x264 D:/Internship 2018/OBC Projects/SecondProject/FirstProject/..//hal/hal/lib\libHALRevCD.a(I2C.o)
 .debug_frame   0x000010d8       0xd0 D:/Internship 2018/OBC Projects/SecondProject/FirstProject/..//hal/hal/lib\libHALRevCD.a(LED.o)
 .debug_frame   0x000011a8       0x64 D:/Internship 2018/OBC Projects/SecondProject/FirstProject/..//hal/hal/lib\libHALRevCD.a(WatchDogTimerNoOS.o)
 .debug_frame   0x0000120c      0x2b0 D:/Internship 2018/OBC Projects/SecondProject/FirstProject/..//hal/freertos/lib\libFreeRTOSD.a(queue.o)
 .debug_frame   0x000014bc      0x404 D:/Internship 2018/OBC Projects/SecondProject/FirstProject/..//hal/freertos/lib\libFreeRTOSD.a(tasks.o)
 .debug_frame   0x000018c0       0x44 D:/Internship 2018/OBC Projects/SecondProject/FirstProject/..//hal/freertos/lib\libFreeRTOSD.a(hooks.o)
 .debug_frame   0x00001904       0x78 D:/Internship 2018/OBC Projects/SecondProject/FirstProject/..//hal/freertos/lib\libFreeRTOSD.a(standardMemMang.o)
 .debug_frame   0x0000197c      0x10c D:/Internship 2018/OBC Projects/SecondProject/FirstProject/..//hal/freertos/lib\libFreeRTOSD.a(port.o)
 .debug_frame   0x00001a88       0x88 D:/Internship 2018/OBC Projects/SecondProject/FirstProject/..//hal/freertos/lib\libFreeRTOSD.a(list.o)
 .debug_frame   0x00001b10      0x1e0 D:/Internship 2018/OBC Projects/SecondProject/FirstProject/..//hal/at91/lib\libAt91D.a(syscalls.o)
 .debug_frame   0x00001cf0       0x58 D:/Internship 2018/OBC Projects/SecondProject/FirstProject/..//hal/at91/lib\libAt91D.a(aic.o)
 .debug_frame   0x00001d48      0x10c D:/Internship 2018/OBC Projects/SecondProject/FirstProject/..//hal/at91/lib\libAt91D.a(cp15.o)
 .debug_frame   0x00001e54       0xcc D:/Internship 2018/OBC Projects/SecondProject/FirstProject/..//hal/at91/lib\libAt91D.a(dbgu.o)
 .debug_frame   0x00001f20      0x104 D:/Internship 2018/OBC Projects/SecondProject/FirstProject/..//hal/at91/lib\libAt91D.a(pio.o)
 .debug_frame   0x00002024       0xe8 D:/Internship 2018/OBC Projects/SecondProject/FirstProject/..//hal/at91/lib\libAt91D.a(pit.o)
 .debug_frame   0x0000210c       0x9c D:/Internship 2018/OBC Projects/SecondProject/FirstProject/..//hal/at91/lib\libAt91D.a(ExitHandler.o)
 .debug_frame   0x000021a8       0x98 D:/Internship 2018/OBC Projects/SecondProject/FirstProject/..//hal/at91/lib\libAt91D.a(board_lowlevel.o)
 .debug_frame   0x00002240       0x74 D:/Internship 2018/OBC Projects/SecondProject/FirstProject/..//hal/at91/lib\libAt91D.a(board_memories.o)
 .debug_frame   0x000022b4       0x20 c:/isis/application/toolchain/bin/../lib/gcc/arm-none-eabi/4.7.4\libgcc.a(_udivsi3.o)
 .debug_frame   0x000022d4       0x20 c:/isis/application/toolchain/bin/../lib/gcc/arm-none-eabi/4.7.4\libgcc.a(_divsi3.o)
 .debug_frame   0x000022f4       0x20 c:/isis/application/toolchain/bin/../lib/gcc/arm-none-eabi/4.7.4/../../../../arm-none-eabi/lib\libc_s.a(lib_a-errno.o)
 .debug_frame   0x00002314       0x60 c:/isis/application/toolchain/bin/../lib/gcc/arm-none-eabi/4.7.4/../../../../arm-none-eabi/lib\libc_s.a(lib_a-printf.o)
 .debug_frame   0x00002374       0x8c c:/isis/application/toolchain/bin/../lib/gcc/arm-none-eabi/4.7.4/../../../../arm-none-eabi/lib\libc_s.a(lib_a-vfprintf.o)
 .debug_frame   0x00002400       0x3c c:/isis/application/toolchain/bin/../lib/gcc/arm-none-eabi/4.7.4/../../../../arm-none-eabi/lib\libc_s.a(lib_a-wbuf.o)
 .debug_frame   0x0000243c       0x2c c:/isis/application/toolchain/bin/../lib/gcc/arm-none-eabi/4.7.4/../../../../arm-none-eabi/lib\libc_s.a(lib_a-wsetup.o)
 .debug_frame   0x00002468       0x48 c:/isis/application/toolchain/bin/../lib/gcc/arm-none-eabi/4.7.4/../../../../arm-none-eabi/lib\libc_s.a(lib_a-fflush.o)
 .debug_frame   0x000024b0      0x140 c:/isis/application/toolchain/bin/../lib/gcc/arm-none-eabi/4.7.4/../../../../arm-none-eabi/lib\libc_s.a(lib_a-findfp.o)
 .debug_frame   0x000025f0       0x30 c:/isis/application/toolchain/bin/../lib/gcc/arm-none-eabi/4.7.4/../../../../arm-none-eabi/lib\libc_s.a(lib_a-makebuf.o)
 .debug_frame   0x00002620       0x88 c:/isis/application/toolchain/bin/../lib/gcc/arm-none-eabi/4.7.4/../../../../arm-none-eabi/lib\libc_s.a(lib_a-stdio.o)
 .debug_frame   0x000026a8       0x2c c:/isis/application/toolchain/bin/../lib/gcc/arm-none-eabi/4.7.4/../../../../arm-none-eabi/lib\libc_s.a(lib_a-writer.o)
 .debug_frame   0x000026d4       0x2c c:/isis/application/toolchain/bin/../lib/gcc/arm-none-eabi/4.7.4/../../../../arm-none-eabi/lib\libc_s.a(lib_a-closer.o)
 .debug_frame   0x00002700       0x2c c:/isis/application/toolchain/bin/../lib/gcc/arm-none-eabi/4.7.4/../../../../arm-none-eabi/lib\libc_s.a(lib_a-fstatr.o)
 .debug_frame   0x0000272c       0x2c c:/isis/application/toolchain/bin/../lib/gcc/arm-none-eabi/4.7.4/../../../../arm-none-eabi/lib\libc_s.a(lib_a-isattyr.o)
 .debug_frame   0x00002758       0x2c c:/isis/application/toolchain/bin/../lib/gcc/arm-none-eabi/4.7.4/../../../../arm-none-eabi/lib\libc_s.a(lib_a-lseekr.o)
 .debug_frame   0x00002784       0x2c c:/isis/application/toolchain/bin/../lib/gcc/arm-none-eabi/4.7.4/../../../../arm-none-eabi/lib\libc_s.a(lib_a-readr.o)

.debug_info     0x00000000     0x8b98
 .debug_info    0x00000000      0x3cc ./src/Tasks/housekeeping_task.o
 .debug_info    0x000003cc      0x18d ./src/Tasks/normal_mode_task.o
 .debug_info    0x00000559      0x3f6 ./src/main.o
 .debug_info    0x0000094f      0xdbe D:/Internship 2018/OBC Projects/SecondProject/FirstProject/..//satellite-subsystems/satellite-subsystems/lib\libSatelliteSubsystemsD.a(IsisTRXVU.o)
 .debug_info    0x0000170d      0x6c2 D:/Internship 2018/OBC Projects/SecondProject/FirstProject/..//satellite-subsystems/satellite-subsystems/lib\libSatelliteSubsystemsD.a(IsisTRXCommon.o)
 .debug_info    0x00001dcf     0x106f D:/Internship 2018/OBC Projects/SecondProject/FirstProject/..//hal/hal/lib\libHALRevCD.a(I2C.o)
 .debug_info    0x00002e3e      0x506 D:/Internship 2018/OBC Projects/SecondProject/FirstProject/..//hal/hal/lib\libHALRevCD.a(LED.o)
 .debug_info    0x00003344      0x3f1 D:/Internship 2018/OBC Projects/SecondProject/FirstProject/..//hal/hal/lib\libHALRevCD.a(WatchDogTimerNoOS.o)
 .debug_info    0x00003735      0xadf D:/Internship 2018/OBC Projects/SecondProject/FirstProject/..//hal/freertos/lib\libFreeRTOSD.a(queue.o)
 .debug_info    0x00004214      0xede D:/Internship 2018/OBC Projects/SecondProject/FirstProject/..//hal/freertos/lib\libFreeRTOSD.a(tasks.o)
 .debug_info    0x000050f2       0xde D:/Internship 2018/OBC Projects/SecondProject/FirstProject/..//hal/freertos/lib\libFreeRTOSD.a(hooks.o)
 .debug_info    0x000051d0      0x110 D:/Internship 2018/OBC Projects/SecondProject/FirstProject/..//hal/freertos/lib\libFreeRTOSD.a(standardMemMang.o)
 .debug_info    0x000052e0      0x330 D:/Internship 2018/OBC Projects/SecondProject/FirstProject/..//hal/freertos/lib\libFreeRTOSD.a(port.o)
 .debug_info    0x00005610      0x2aa D:/Internship 2018/OBC Projects/SecondProject/FirstProject/..//hal/freertos/lib\libFreeRTOSD.a(list.o)
 .debug_info    0x000058ba      0x628 D:/Internship 2018/OBC Projects/SecondProject/FirstProject/..//hal/at91/lib\libAt91D.a(syscalls.o)
 .debug_info    0x00005ee2      0x287 D:/Internship 2018/OBC Projects/SecondProject/FirstProject/..//hal/at91/lib\libAt91D.a(aic.o)
 .debug_info    0x00006169      0x1f7 D:/Internship 2018/OBC Projects/SecondProject/FirstProject/..//hal/at91/lib\libAt91D.a(cp15.o)
 .debug_info    0x00006360      0xc6e D:/Internship 2018/OBC Projects/SecondProject/FirstProject/..//hal/at91/lib\libAt91D.a(dbgu.o)
 .debug_info    0x00006fce      0x734 D:/Internship 2018/OBC Projects/SecondProject/FirstProject/..//hal/at91/lib\libAt91D.a(pio.o)
 .debug_info    0x00007702      0x1ae D:/Internship 2018/OBC Projects/SecondProject/FirstProject/..//hal/at91/lib\libAt91D.a(pit.o)
 .debug_info    0x000078b0      0x22e D:/Internship 2018/OBC Projects/SecondProject/FirstProject/..//hal/at91/lib\libAt91D.a(ExitHandler.o)
 .debug_info    0x00007ade       0x92 D:/Internship 2018/OBC Projects/SecondProject/FirstProject/..//hal/at91/lib\libAt91D.a(board_cstartup.o)
 .debug_info    0x00007b70       0x81 D:/Internship 2018/OBC Projects/SecondProject/FirstProject/..//hal/at91/lib\libAt91D.a(cp15_asm.o)
 .debug_info    0x00007bf1      0x651 D:/Internship 2018/OBC Projects/SecondProject/FirstProject/..//hal/at91/lib\libAt91D.a(board_lowlevel.o)
 .debug_info    0x00008242      0x956 D:/Internship 2018/OBC Projects/SecondProject/FirstProject/..//hal/at91/lib\libAt91D.a(board_memories.o)

.debug_abbrev   0x00000000     0x1cc9
 .debug_abbrev  0x00000000      0x109 ./src/Tasks/housekeeping_task.o
 .debug_abbrev  0x00000109       0xc3 ./src/Tasks/normal_mode_task.o
 .debug_abbrev  0x000001cc      0x130 ./src/main.o
 .debug_abbrev  0x000002fc      0x19e D:/Internship 2018/OBC Projects/SecondProject/FirstProject/..//satellite-subsystems/satellite-subsystems/lib\libSatelliteSubsystemsD.a(IsisTRXVU.o)
 .debug_abbrev  0x0000049a      0x16d D:/Internship 2018/OBC Projects/SecondProject/FirstProject/..//satellite-subsystems/satellite-subsystems/lib\libSatelliteSubsystemsD.a(IsisTRXCommon.o)
 .debug_abbrev  0x00000607      0x2e0 D:/Internship 2018/OBC Projects/SecondProject/FirstProject/..//hal/hal/lib\libHALRevCD.a(I2C.o)
 .debug_abbrev  0x000008e7      0x163 D:/Internship 2018/OBC Projects/SecondProject/FirstProject/..//hal/hal/lib\libHALRevCD.a(LED.o)
 .debug_abbrev  0x00000a4a       0xf6 D:/Internship 2018/OBC Projects/SecondProject/FirstProject/..//hal/hal/lib\libHALRevCD.a(WatchDogTimerNoOS.o)
 .debug_abbrev  0x00000b40      0x1af D:/Internship 2018/OBC Projects/SecondProject/FirstProject/..//hal/freertos/lib\libFreeRTOSD.a(queue.o)
 .debug_abbrev  0x00000cef      0x1e9 D:/Internship 2018/OBC Projects/SecondProject/FirstProject/..//hal/freertos/lib\libFreeRTOSD.a(tasks.o)
 .debug_abbrev  0x00000ed8       0x8a D:/Internship 2018/OBC Projects/SecondProject/FirstProject/..//hal/freertos/lib\libFreeRTOSD.a(hooks.o)
 .debug_abbrev  0x00000f62       0xc6 D:/Internship 2018/OBC Projects/SecondProject/FirstProject/..//hal/freertos/lib\libFreeRTOSD.a(standardMemMang.o)
 .debug_abbrev  0x00001028      0x1dc D:/Internship 2018/OBC Projects/SecondProject/FirstProject/..//hal/freertos/lib\libFreeRTOSD.a(port.o)
 .debug_abbrev  0x00001204       0xc0 D:/Internship 2018/OBC Projects/SecondProject/FirstProject/..//hal/freertos/lib\libFreeRTOSD.a(list.o)
 .debug_abbrev  0x000012c4      0x152 D:/Internship 2018/OBC Projects/SecondProject/FirstProject/..//hal/at91/lib\libAt91D.a(syscalls.o)
 .debug_abbrev  0x00001416       0xc3 D:/Internship 2018/OBC Projects/SecondProject/FirstProject/..//hal/at91/lib\libAt91D.a(aic.o)
 .debug_abbrev  0x000014d9       0x89 D:/Internship 2018/OBC Projects/SecondProject/FirstProject/..//hal/at91/lib\libAt91D.a(cp15.o)
 .debug_abbrev  0x00001562      0x1f7 D:/Internship 2018/OBC Projects/SecondProject/FirstProject/..//hal/at91/lib\libAt91D.a(dbgu.o)
 .debug_abbrev  0x00001759      0x185 D:/Internship 2018/OBC Projects/SecondProject/FirstProject/..//hal/at91/lib\libAt91D.a(pio.o)
 .debug_abbrev  0x000018de       0xd3 D:/Internship 2018/OBC Projects/SecondProject/FirstProject/..//hal/at91/lib\libAt91D.a(pit.o)
 .debug_abbrev  0x000019b1       0xbf D:/Internship 2018/OBC Projects/SecondProject/FirstProject/..//hal/at91/lib\libAt91D.a(ExitHandler.o)
 .debug_abbrev  0x00001a70       0x12 D:/Internship 2018/OBC Projects/SecondProject/FirstProject/..//hal/at91/lib\libAt91D.a(board_cstartup.o)
 .debug_abbrev  0x00001a82       0x14 D:/Internship 2018/OBC Projects/SecondProject/FirstProject/..//hal/at91/lib\libAt91D.a(cp15_asm.o)
 .debug_abbrev  0x00001a96       0xea D:/Internship 2018/OBC Projects/SecondProject/FirstProject/..//hal/at91/lib\libAt91D.a(board_lowlevel.o)
 .debug_abbrev  0x00001b80      0x149 D:/Internship 2018/OBC Projects/SecondProject/FirstProject/..//hal/at91/lib\libAt91D.a(board_memories.o)

.debug_loc      0x00000000     0x26e4
 .debug_loc     0x00000000       0x58 ./src/Tasks/housekeeping_task.o
 .debug_loc     0x00000058       0x58 ./src/Tasks/normal_mode_task.o
 .debug_loc     0x000000b0       0x58 ./src/main.o
 .debug_loc     0x00000108      0x420 D:/Internship 2018/OBC Projects/SecondProject/FirstProject/..//satellite-subsystems/satellite-subsystems/lib\libSatelliteSubsystemsD.a(IsisTRXVU.o)
 .debug_loc     0x00000528      0x268 D:/Internship 2018/OBC Projects/SecondProject/FirstProject/..//satellite-subsystems/satellite-subsystems/lib\libSatelliteSubsystemsD.a(IsisTRXCommon.o)
 .debug_loc     0x00000790      0x3c8 D:/Internship 2018/OBC Projects/SecondProject/FirstProject/..//hal/hal/lib\libHALRevCD.a(I2C.o)
 .debug_loc     0x00000b58      0x134 D:/Internship 2018/OBC Projects/SecondProject/FirstProject/..//hal/hal/lib\libHALRevCD.a(LED.o)
 .debug_loc     0x00000c8c       0x84 D:/Internship 2018/OBC Projects/SecondProject/FirstProject/..//hal/hal/lib\libHALRevCD.a(WatchDogTimerNoOS.o)
 .debug_loc     0x00000d10      0x420 D:/Internship 2018/OBC Projects/SecondProject/FirstProject/..//hal/freertos/lib\libFreeRTOSD.a(queue.o)
 .debug_loc     0x00001130      0x65c D:/Internship 2018/OBC Projects/SecondProject/FirstProject/..//hal/freertos/lib\libFreeRTOSD.a(tasks.o)
 .debug_loc     0x0000178c       0x58 D:/Internship 2018/OBC Projects/SecondProject/FirstProject/..//hal/freertos/lib\libFreeRTOSD.a(hooks.o)